Component: ARM Compiler 5.06 update 7 (build 960) Tool: armlink [4d3601]

==============================================================================

Section Cross References

    main.o(i.can_task) refers to _printf_percent.o(.ARM.Collect$$_printf_percent$$00000000) for _printf_percent
    main.o(i.can_task) refers to _printf_d.o(.ARM.Collect$$_printf_percent$$00000009) for _printf_d
    main.o(i.can_task) refers to _printf_dec.o(.text) for _printf_int_dec
    main.o(i.can_task) refers to _printf_u.o(.ARM.Collect$$_printf_percent$$0000000A) for _printf_u
    main.o(i.can_task) refers to key.o(i.KEY_Scan) for KEY_Scan
    main.o(i.can_task) refers to fdcan.o(i.FDCAN1_Send_Msg) for FDCAN1_Send_Msg
    main.o(i.can_task) refers to noretval__2printf.o(.text) for __2printf
    main.o(i.can_task) refers to os_task.o(i.OSTaskResume) for OSTaskResume
    main.o(i.can_task) refers to os_task.o(i.OSTaskSuspend) for OSTaskSuspend
    main.o(i.can_task) refers to fdcan.o(i.FDCAN1_Receive_Msg) for FDCAN1_Receive_Msg
    main.o(i.can_task) refers to stm32h7xx_hal_gpio.o(i.HAL_GPIO_TogglePin) for HAL_GPIO_TogglePin
    main.o(i.can_task) refers to delay.o(i.delay_ms) for delay_ms
    main.o(i.can_task) refers to main.o(.data) for send_buf
    main.o(i.key_task) refers to key.o(i.KEY_Scan) for KEY_Scan
    main.o(i.key_task) refers to noretval__2printf.o(.text) for __2printf
    main.o(i.key_task) refers to os_task.o(i.OSTaskSuspend) for OSTaskSuspend
    main.o(i.key_task) refers to os_task.o(i.OSTaskResume) for OSTaskResume
    main.o(i.key_task) refers to delay.o(i.delay_ms) for delay_ms
    main.o(i.led_task) refers to delay.o(i.delay_ms) for delay_ms
    main.o(i.led_task) refers to stm32h7xx_hal_gpio.o(i.HAL_GPIO_WritePin) for HAL_GPIO_WritePin
    main.o(i.main) refers to sys.o(i.Cache_Enable) for Cache_Enable
    main.o(i.main) refers to stm32h7xx_hal.o(i.HAL_Init) for HAL_Init
    main.o(i.main) refers to sys.o(i.Stm32_Clock_Init) for Stm32_Clock_Init
    main.o(i.main) refers to delay.o(i.delay_init) for delay_init
    main.o(i.main) refers to usart.o(i.uart_init) for uart_init
    main.o(i.main) refers to led.o(i.LED_Init) for LED_Init
    main.o(i.main) refers to key.o(i.KEY_Init) for KEY_Init
    main.o(i.main) refers to 24cxx.o(i.AT24CXX_Init) for AT24CXX_Init
    main.o(i.main) refers to w25qxx.o(i.W25QXX_Init) for W25QXX_Init
    main.o(i.main) refers to rs485.o(i.RS485_Init) for RS485_Init
    main.o(i.main) refers to fdcan.o(i.FDCAN1_Mode_Init) for FDCAN1_Mode_Init
    main.o(i.main) refers to os_core.o(i.OSInit) for OSInit
    main.o(i.main) refers to os_task.o(i.OSTaskCreateExt) for OSTaskCreateExt
    main.o(i.main) refers to os_core.o(i.OSStart) for OSStart
    main.o(i.main) refers to main.o(.bss) for START_TASK_STK
    main.o(i.main) refers to main.o(i.start_task) for start_task
    main.o(i.receive_task) refers to _printf_percent.o(.ARM.Collect$$_printf_percent$$00000000) for _printf_percent
    main.o(i.receive_task) refers to _printf_x.o(.ARM.Collect$$_printf_percent$$0000000C) for _printf_x
    main.o(i.receive_task) refers to _printf_hex_int.o(.text) for _printf_longlong_hex
    main.o(i.receive_task) refers to _printf_c.o(.ARM.Collect$$_printf_percent$$00000013) for _printf_c
    main.o(i.receive_task) refers to _printf_str.o(.text) for _printf_str
    main.o(i.receive_task) refers to noretval__2printf.o(.text) for __2printf
    main.o(i.receive_task) refers to delay.o(i.delay_ms) for delay_ms
    main.o(i.receive_task) refers to stm32h7xx_hal_gpio.o(i.HAL_GPIO_TogglePin) for HAL_GPIO_TogglePin
    main.o(i.receive_task) refers to 24cxx.o(i.AT24CXX_Check) for AT24CXX_Check
    main.o(i.receive_task) refers to 24cxx.o(i.AT24CXX_Write) for AT24CXX_Write
    main.o(i.receive_task) refers to os_task.o(i.OSTaskResume) for OSTaskResume
    main.o(i.receive_task) refers to usart.o(.data) for USART_RX_STA
    main.o(i.receive_task) refers to usart.o(.bss) for USART_RX_BUF
    main.o(i.rs485_task) refers to _printf_percent.o(.ARM.Collect$$_printf_percent$$00000000) for _printf_percent
    main.o(i.rs485_task) refers to _printf_u.o(.ARM.Collect$$_printf_percent$$0000000A) for _printf_u
    main.o(i.rs485_task) refers to _printf_dec.o(.text) for _printf_int_dec
    main.o(i.rs485_task) refers to key.o(i.KEY_Scan) for KEY_Scan
    main.o(i.rs485_task) refers to rs485.o(i.RS485_Send_Data) for RS485_Send_Data
    main.o(i.rs485_task) refers to noretval__2printf.o(.text) for __2printf
    main.o(i.rs485_task) refers to os_task.o(i.OSTaskResume) for OSTaskResume
    main.o(i.rs485_task) refers to os_task.o(i.OSTaskSuspend) for OSTaskSuspend
    main.o(i.rs485_task) refers to rs485.o(i.RS485_Receive_Data) for RS485_Receive_Data
    main.o(i.rs485_task) refers to stm32h7xx_hal_gpio.o(i.HAL_GPIO_TogglePin) for HAL_GPIO_TogglePin
    main.o(i.rs485_task) refers to delay.o(i.delay_ms) for delay_ms
    main.o(i.rs485_task) refers to main.o(.data) for send_buf
[...]
    BDMA_Channel2_IRQHandler                 0x0800038f   Thumb Code     0  startup_stm32h743xx.o(.text)
    BDMA_Channel3_IRQHandler                 0x0800038f   Thumb Code     0  startup_stm32h743xx.o(.text)
    BDMA_Channel4_IRQHandler                 0x0800038f   Thumb Code     0  startup_stm32h743xx.o(.text)
    BDMA_Channel5_IRQHandler                 0x0800038f   Thumb Code     0  startup_stm32h743xx.o(.text)
    BDMA_Channel6_IRQHandler                 0x0800038f   Thumb Code     0  startup_stm32h743xx.o(.text)
    BDMA_Channel7_IRQHandler                 0x0800038f   Thumb Code     0  startup_stm32h743xx.o(.text)
    CEC_IRQHandler                           0x0800038f   Thumb Code     0  startup_stm32h743xx.o(.text)
    COMP1_IRQHandler                         0x0800038f   Thumb Code     0  startup_stm32h743xx.o(.text)
    CRS_IRQHandler                           0x0800038f   Thumb Code     0  startup_stm32h743xx.o(.text)
    DCMI_IRQHandler                          0x0800038f   Thumb Code     0  startup_stm32h743xx.o(.text)
    DFSDM1_FLT0_IRQHandler                   0x0800038f   Thumb Code     0  startup_stm32h743xx.o(.text)
    DFSDM1_FLT1_IRQHandler                   0x0800038f   Thumb Code     0  startup_stm32h743xx.o(.text)
    DFSDM1_FLT2_IRQHandler                   0x0800038f   Thumb Code     0  startup_stm32h743xx.o(.text)
    DFSDM1_FLT3_IRQHandler                   0x0800038f   Thumb Code     0  startup_stm32h743xx.o(.text)
    DMA1_Stream0_IRQHandler                  0x0800038f   Thumb Code     0  startup_stm32h743xx.o(.text)
    DMA1_Stream1_IRQHandler                  0x0800038f   Thumb Code     0  startup_stm32h743xx.o(.text)
    DMA1_Stream2_IRQHandler                  0x0800038f   Thumb Code     0  startup_stm32h743xx.o(.text)
    DMA1_Stream3_IRQHandler                  0x0800038f   Thumb Code     0  startup_stm32h743xx.o(.text)
    DMA1_Stream4_IRQHandler                  0x0800038f   Thumb Code     0  startup_stm32h743xx.o(.text)
    DMA1_Stream5_IRQHandler                  0x0800038f   Thumb Code     0  startup_stm32h743xx.o(.text)
    DMA1_Stream6_IRQHandler                  0x0800038f   Thumb Code     0  startup_stm32h743xx.o(.text)
    DMA1_Stream7_IRQHandler                  0x0800038f   Thumb Code     0  startup_stm32h743xx.o(.text)
    DMA2D_IRQHandler                         0x0800038f   Thumb Code     0  startup_stm32h743xx.o(.text)
    DMA2_Stream0_IRQHandler                  0x0800038f   Thumb Code     0  startup_stm32h743xx.o(.text)
    DMA2_Stream1_IRQHandler                  0x0800038f   Thumb Code     0  startup_stm32h743xx.o(.text)
    DMA2_Stream2_IRQHandler                  0x0800038f   Thumb Code     0  startup_stm32h743xx.o(.text)
    DMA2_Stream3_IRQHandler                  0x0800038f   Thumb Code     0  startup_stm32h743xx.o(.text)
    DMA2_Stream4_IRQHandler                  0x0800038f   Thumb Code     0  startup_stm32h743xx.o(.text)
    DMA2_Stream5_IRQHandler                  0x0800038f   Thumb Code     0  startup_stm32h743xx.o(.text)
    DMA2_Stream6_IRQHandler                  0x0800038f   Thumb Code     0  startup_stm32h743xx.o(.text)
    DMA2_Stream7_IRQHandler                  0x0800038f   Thumb Code     0  startup_stm32h743xx.o(.text)
    DMAMUX1_OVR_IRQHandler                   0x0800038f   Thumb Code     0  startup_stm32h743xx.o(.text)
    DMAMUX2_OVR_IRQHandler                   0x0800038f   Thumb Code     0  startup_stm32h743xx.o(.text)
    ETH_IRQHandler                           0x0800038f   Thumb Code     0  startup_stm32h743xx.o(.text)
    ETH_WKUP_IRQHandler                      0x0800038f   Thumb Code     0  startup_stm32h743xx.o(.text)
    EXTI0_IRQHandler                         0x0800038f   Thumb Code     0  startup_stm32h743xx.o(.text)
    EXTI15_10_IRQHandler                     0x0800038f   Thumb Code     0  startup_stm32h743xx.o(.text)
    EXTI1_IRQHandler                         0x0800038f   Thumb Code     0  startup_stm32h743xx.o(.text)
    EXTI2_IRQHandler                         0x0800038f   Thumb Code     0  startup_stm32h743xx.o(.text)
    EXTI3_IRQHandler                         0x0800038f   Thumb Code     0  startup_stm32h743xx.o(.text)
    EXTI4_IRQHandler                         0x0800038f   Thumb Code     0  startup_stm32h743xx.o(.text)
    EXTI9_5_IRQHandler                       0x0800038f   Thumb Code     0  startup_stm32h743xx.o(.text)
    FDCAN1_IT0_IRQHandler                    0x0800038f   Thumb Code     0  startup_stm32h743xx.o(.text)
    FDCAN1_IT1_IRQHandler                    0x0800038f   Thumb Code     0  startup_stm32h743xx.o(.text)
    FDCAN2_IT0_IRQHandler                    0x0800038f   Thumb Code     0  startup_stm32h743xx.o(.text)
    FDCAN2_IT1_IRQHandler                    0x0800038f   Thumb Code     0  startup_stm32h743xx.o(.text)
    FDCAN_CAL_IRQHandler                     0x0800038f   Thumb Code     0  startup_stm32h743xx.o(.text)
    FLASH_IRQHandler                         0x0800038f   Thumb Code     0  startup_stm32h743xx.o(.text)
    FMC_IRQHandler                           0x0800038f   Thumb Code     0  startup_stm32h743xx.o(.text)
    FPU_IRQHandler                           0x0800038f   Thumb Code     0  startup_stm32h743xx.o(.text)
    HRTIM1_FLT_IRQHandler                    0x0800038f   Thumb Code     0  startup_stm32h743xx.o(.text)
    HRTIM1_Master_IRQHandler                 0x0800038f   Thumb Code     0  startup_stm32h743xx.o(.text)
    HRTIM1_TIMA_IRQHandler                   0x0800038f   Thumb Code     0  startup_stm32h743xx.o(.text)
    HRTIM1_TIMB_IRQHandler                   0x0800038f   Thumb Code     0  startup_stm32h743xx.o(.text)
    HRTIM1_TIMC_IRQHandler                   0x0800038f   Thumb Code     0  startup_stm32h743xx.o(.text)
    HRTIM1_TIMD_IRQHandler                   0x0800038f   Thumb Code     0  startup_stm32h743xx.o(.text)
    HRTIM1_TIME_IRQHandler                   0x0800038f   Thumb Code     0  startup_stm32h743xx.o(.text)
    HSEM1_IRQHandler                         0x0800038f   Thumb Code     0  startup_stm32h743xx.o(.text)
    I2C1_ER_IRQHandler                       0x0800038f   Thumb Code     0  startup_stm32h743xx.o(.text)
    I2C1_EV_IRQHandler                       0x0800038f   Thumb Code     0  startup_stm32h743xx.o(.text)
    I2C2_ER_IRQHandler                       0x0800038f   Thumb Code     0  startup_stm32h743xx.o(.text)
    I2C2_EV_IRQHandler                       0x0800038f   Thumb Code     0  startup_stm32h743xx.o(.text)
    I2C3_ER_IRQHandler                       0x0800038f   Thumb Code     0  startup_stm32h743xx.o(.text)
    I2C3_EV_IRQHandler                       0x0800038f   Thumb Code     0  startup_stm32h743xx.o(.text)
    I2C4_ER_IRQHandler                       0x0800038f   Thumb Code     0  startup_stm32h743xx.o(.text)
    I2C4_EV_IRQHandler                       0x0800038f   Thumb Code     0  startup_stm32h743xx.o(.text)
    JPEG_IRQHandler                          0x0800038f   Thumb Code     0  startup_stm32h743xx.o(.text)
    LPTIM1_IRQHandler                        0x0800038f   Thumb Code     0  startup_stm32h743xx.o(.text)
    LPTIM2_IRQHandler                        0x0800038f   Thumb Code     0  startup_stm32h743xx.o(.text)
    LPTIM3_IRQHandler                        0x0800038f   Thumb Code     0  startup_stm32h743xx.o(.text)
    LPTIM4_IRQHandler                        0x0800038f   Thumb Code     0  startup_stm32h743xx.o(.text)
    LPTIM5_IRQHandler                        0x0800038f   Thumb Code     0  startup_stm32h743xx.o(.text)
    LPUART1_IRQHandler                       0x0800038f   Thumb Code     0  startup_stm32h743xx.o(.text)
    LTDC_ER_IRQHandler                       0x0800038f   Thumb Code     0  startup_stm32h743xx.o(.text)
    LTDC_IRQHandler                          0x0800038f   Thumb Code     0  startup_stm32h743xx.o(.text)
    MDIOS_IRQHandler                         0x0800038f   Thumb Code     0  startup_stm32h743xx.o(.text)
    MDIOS_WKUP_IRQHandler                    0x0800038f   Thumb Code     0  startup_stm32h743xx.o(.text)
    MDMA_IRQHandler                          0x0800038f   Thumb Code     0  startup_stm32h743xx.o(.text)
    OTG_FS_EP1_IN_IRQHandler                 0x0800038f   Thumb Code     0  startup_stm32h743xx.o(.text)
    OTG_FS_EP1_OUT_IRQHandler                0x0800038f   Thumb Code     0  startup_stm32h743xx.o(.text)
    OTG_FS_IRQHandler                        0x0800038f   Thumb Code     0  startup_stm32h743xx.o(.text)
    OTG_FS_WKUP_IRQHandler                   0x0800038f   Thumb Code     0  startup_stm32h743xx.o(.text)
    OTG_HS_EP1_IN_IRQHandler                 0x0800038f   Thumb Code     0  startup_stm32h743xx.o(.text)
    OTG_HS_EP1_OUT_IRQHandler                0x0800038f   Thumb Code     0  startup_stm32h743xx.o(.text)
    OTG_HS_IRQHandler                        0x0800038f   Thumb Code     0  startup_stm32h743xx.o(.text)
    OTG_HS_WKUP_IRQHandler                   0x0800038f   Thumb Code     0  startup_stm32h743xx.o(.text)
    PVD_AVD_IRQHandler                       0x0800038f   Thumb Code     0  startup_stm32h743xx.o(.text)
    QUADSPI_IRQHandler                       0x0800038f   Thumb Code     0  startup_stm32h743xx.o(.text)
    RCC_IRQHandler                           0x0800038f   Thumb Code     0  startup_stm32h743xx.o(.text)
    RNG_IRQHandler                           0x0800038f   Thumb Code     0  startup_stm32h743xx.o(.text)
    RTC_Alarm_IRQHandler                     0x0800038f   Thumb Code     0  startup_stm32h743xx.o(.text)
    RTC_WKUP_IRQHandler                      0x0800038f   Thumb Code     0  startup_stm32h743xx.o(.text)
    SAI1_IRQHandler                          0x0800038f   Thumb Code     0  startup_stm32h743xx.o(.text)
    SAI2_IRQHandler                          0x0800038f   Thumb Code     0  startup_stm32h743xx.o(.text)
    SAI3_IRQHandler                          0x0800038f   Thumb Code     0  startup_stm32h743xx.o(.text)
    SAI4_IRQHandler                          0x0800038f   Thumb Code     0  startup_stm32h743xx.o(.text)
    SDMMC1_IRQHandler                        0x0800038f   Thumb Code     0  startup_stm32h743xx.o(.text)
    SDMMC2_IRQHandler                        0x0800038f   Thumb Code     0  startup_stm32h743xx.o(.text)
    SPDIF_RX_IRQHandler                      0x0800038f   Thumb Code     0  startup_stm32h743xx.o(.text)
    SPI1_IRQHandler                          0x0800038f   Thumb Code     0  startup_stm32h743xx.o(.text)
    SPI2_IRQHandler                          0x0800038f   Thumb Code     0  startup_stm32h743xx.o(.text)
    SPI3_IRQHandler                          0x0800038f   Thumb Code     0  startup_stm32h743xx.o(.text)
    SPI4_IRQHandler                          0x0800038f   Thumb Code     0  startup_stm32h743xx.o(.text)
    SPI5_IRQHandler                          0x0800038f   Thumb Code     0  startup_stm32h743xx.o(.text)
    SPI6_IRQHandler                          0x0800038f   Thumb Code     0  startup_stm32h743xx.o(.text)
    SWPMI1_IRQHandler                        0x0800038f   Thumb Code     0  startup_stm32h743xx.o(.text)
    TAMP_STAMP_IRQHandler                    0x0800038f   Thumb Code     0  startup_stm32h743xx.o(.text)
    TIM15_IRQHandler                         0x0800038f   Thumb Code     0  startup_stm32h743xx.o(.text)
    TIM16_IRQHandler                         0x0800038f   Thumb Code     0  startup_stm32h743xx.o(.text)
    TIM17_IRQHandler                         0x0800038f   Thumb Code     0  startup_stm32h743xx.o(.text)
    TIM1_BRK_IRQHandler                      0x0800038f   Thumb Code     0  startup_stm32h743xx.o(.text)
    TIM1_CC_IRQHandler                       0x0800038f   Thumb Code     0  startup_stm32h743xx.o(.text)
    TIM1_TRG_COM_IRQHandler                  0x0800038f   Thumb Code     0  startup_stm32h743xx.o(.text)
    TIM1_UP_IRQHandler                       0x0800038f   Thumb Code     0  startup_stm32h743xx.o(.text)
    TIM2_IRQHandler                          0x0800038f   Thumb Code     0  startup_stm32h743xx.o(.text)
    TIM3_IRQHandler                          0x0800038f   Thumb Code     0  startup_stm32h743xx.o(.text)
    TIM4_IRQHandler                          0x0800038f   Thumb Code     0  startup_stm32h743xx.o(.text)
    TIM5_IRQHandler                          0x0800038f   Thumb Code     0  startup_stm32h743xx.o(.text)
    TIM6_DAC_IRQHandler                      0x0800038f   Thumb Code     0  startup_stm32h743xx.o(.text)
    TIM7_IRQHandler                          0x0800038f   Thumb Code     0  startup_stm32h743xx.o(.text)
    TIM8_BRK_TIM12_IRQHandler                0x0800038f   Thumb Code     0  startup_stm32h743xx.o(.text)
    TIM8_CC_IRQHandler                       0x0800038f   Thumb Code     0  startup_stm32h743xx.o(.text)
    TIM8_TRG_COM_TIM14_IRQHandler            0x0800038f   Thumb Code     0  startup_stm32h743xx.o(.text)
    TIM8_UP_TIM13_IRQHandler                 0x0800038f   Thumb Code     0  startup_stm32h743xx.o(.text)
    UART4_IRQHandler                         0x0800038f   Thumb Code     0  startup_stm32h743xx.o(.text)
    UART5_IRQHandler                         0x0800038f   Thumb Code     0  startup_stm32h743xx.o(.text)
    UART7_IRQHandler                         0x0800038f   Thumb Code     0  startup_stm32h743xx.o(.text)
    UART8_IRQHandler                         0x0800038f   Thumb Code     0  startup_stm32h743xx.o(.text)
    USART3_IRQHandler                        0x0800038f   Thumb Code     0  startup_stm32h743xx.o(.text)
    USART6_IRQHandler                        0x0800038f   Thumb Code     0  startup_stm32h743xx.o(.text)
    WAKEUP_PIN_IRQHandler                    0x0800038f   Thumb Code     0  startup_stm32h743xx.o(.text)
    WWDG_IRQHandler                          0x0800038f   Thumb Code     0  startup_stm32h743xx.o(.text)
    __user_initial_stackheap                 0x08000391   Thumb Code     0  startup_stm32h743xx.o(.text)
    OS_CPU_FP_Reg_Push                       0x080003bd   Thumb Code     0  os_cpu_a.o(.text)
    OS_CPU_FP_Reg_Pop                        0x080003d7   Thumb Code     0  os_cpu_a.o(.text)
    OS_CPU_SR_Save                           0x080003e9   Thumb Code     0  os_cpu_a.o(.text)
    OS_CPU_SR_Restore                        0x080003f1   Thumb Code     0  os_cpu_a.o(.text)
    OSStartHighRdy                           0x080003f7   Thumb Code     0  os_cpu_a.o(.text)
    OSCtxSw                                  0x0800041f   Thumb Code     0  os_cpu_a.o(.text)
    OSIntCtxSw                               0x08000429   Thumb Code     0  os_cpu_a.o(.text)
    PendSV_Handler                           0x08000433   Thumb Code     0  os_cpu_a.o(.text)
    __aeabi_uldivmod                         0x08000499   Thumb Code     0  lludivv7m.o(.text)
    _ll_udiv                                 0x08000499   Thumb Code   238  lludivv7m.o(.text)
    __2printf                                0x08000589   Thumb Code    20  noretval__2printf.o(.text)
    __printf                                 0x080005a1   Thumb Code   104  __printf.o(.text)
    _printf_str                              0x08000609   Thumb Code    82  _printf_str.o(.text)
    _printf_int_dec                          0x0800065d   Thumb Code   104  _printf_dec.o(.text)
    _printf_int_hex                          0x080006d5   Thumb Code    84  _printf_hex_int.o(.text)
    _printf_longlong_hex                     0x080006d5   Thumb Code     0  _printf_hex_int.o(.text)
    __use_two_region_memory                  0x0800072d   Thumb Code     2  heapauxi.o(.text)
    __rt_heap_escrow$2region                 0x0800072f   Thumb Code     2  heapauxi.o(.text)
    __rt_heap_expand$2region                 0x08000731   Thumb Code     2  heapauxi.o(.text)
    _printf_int_common                       0x08000733   Thumb Code   178  _printf_intcommon.o(.text)
    _printf_cs_common                        0x080007e5   Thumb Code    20  _printf_char.o(.text)
    _printf_char                             0x080007f9   Thumb Code    16  _printf_char.o(.text)
    _printf_string                           0x08000809   Thumb Code     8  _printf_char.o(.text)
    _printf_char_file                        0x08000811   Thumb Code    32  _printf_char_file.o(.text)
    _printf_char_common                      0x0800083f   Thumb Code    32  _printf_char_common.o(.text)
    ferror                                   0x08000865   Thumb Code     8  ferror.o(.text)
    __user_libspace                          0x0800086d   Thumb Code     8  libspace.o(.text)
    __user_perproc_libspace                  0x0800086d   Thumb Code     0  libspace.o(.text)
    __user_perthread_libspace                0x0800086d   Thumb Code     0  libspace.o(.text)
    __user_setup_stackheap                   0x08000875   Thumb Code    74  sys_stackheap_outer.o(.text)
    exit                                     0x080008bf   Thumb Code    18  exit.o(.text)
    AT24CXX_Check                            0x080008d1   Thumb Code    46  24cxx.o(i.AT24CXX_Check)
    AT24CXX_Init                             0x080008ff   Thumb Code     8  24cxx.o(i.AT24CXX_Init)
    AT24CXX_Read                             0x08000907   Thumb Code    34  24cxx.o(i.AT24CXX_Read)
    AT24CXX_ReadOneByte                      0x08000929   Thumb Code    88  24cxx.o(i.AT24CXX_ReadOneByte)
    AT24CXX_Write                            0x08000981   Thumb Code    36  24cxx.o(i.AT24CXX_Write)
    AT24CXX_WriteOneByte                     0x080009a5   Thumb Code    80  24cxx.o(i.AT24CXX_WriteOneByte)
    App_TCBInitHook                          0x080009f5   Thumb Code     2  app_hooks.o(i.App_TCBInitHook)
    App_TaskCreateHook                       0x080009f7   Thumb Code     2  app_hooks.o(i.App_TaskCreateHook)
    App_TaskDelHook                          0x080009f9   Thumb Code     2  app_hooks.o(i.App_TaskDelHook)
    App_TaskIdleHook                         0x080009fb   Thumb Code     2  app_hooks.o(i.App_TaskIdleHook)
    App_TaskReturnHook                       0x080009fd   Thumb Code     2  app_hooks.o(i.App_TaskReturnHook)
    App_TaskStatHook                         0x080009ff   Thumb Code     2  app_hooks.o(i.App_TaskStatHook)
    App_TaskSwHook                           0x08000a01   Thumb Code     2  app_hooks.o(i.App_TaskSwHook)
    App_TimeTickHook                         0x08000a03   Thumb Code     8  app_hooks.o(i.App_TimeTickHook)
    BusFault_Handler                         0x08000a0b   Thumb Code     4  stm32h7xx_it.o(i.BusFault_Handler)
    Cache_Enable                             0x08000a11   Thumb Code    24  sys.o(i.Cache_Enable)
    DebugMon_Handler                         0x08000a2d   Thumb Code     2  stm32h7xx_it.o(i.DebugMon_Handler)
    FDCAN1_Mode_Init                         0x08000a31   Thumb Code   158  fdcan.o(i.FDCAN1_Mode_Init)
    FDCAN1_Receive_Msg                       0x08000ad9   Thumb Code    32  fdcan.o(i.FDCAN1_Receive_Msg)
    FDCAN1_Send_Msg                          0x08000b01   Thumb Code    52  fdcan.o(i.FDCAN1_Send_Msg)
    HAL_DMA_Abort_IT                         0x08000e45   Thumb Code   236  stm32h7xx_hal_dma.o(i.HAL_DMA_Abort_IT)
    HAL_EnableCompensationCell               0x08000f3d   Thumb Code    14  stm32h7xx_hal.o(i.HAL_EnableCompensationCell)
    HAL_FDCAN_ActivateNotification           0x08000f51   Thumb Code   162  stm32h7xx_hal_fdcan.o(i.HAL_FDCAN_ActivateNotification)
    HAL_FDCAN_AddMessageToTxFifoQ            0x08000ffd   Thumb Code   136  stm32h7xx_hal_fdcan.o(i.HAL_FDCAN_AddMessageToTxFifoQ)
    HAL_FDCAN_ConfigFilter                   0x08001085   Thumb Code   170  stm32h7xx_hal_fdcan.o(i.HAL_FDCAN_ConfigFilter)
    HAL_FDCAN_DeInit                         0x0800112f   Thumb Code    36  stm32h7xx_hal_fdcan.o(i.HAL_FDCAN_DeInit)
    HAL_FDCAN_GetRxMessage                   0x08001155   Thumb Code   442  stm32h7xx_hal_fdcan.o(i.HAL_FDCAN_GetRxMessage)
    HAL_FDCAN_Init                           0x08001315   Thumb Code   678  stm32h7xx_hal_fdcan.o(i.HAL_FDCAN_Init)
    HAL_FDCAN_MspDeInit                      0x080015c5   Thumb Code    24  fdcan.o(i.HAL_FDCAN_MspDeInit)
    HAL_FDCAN_MspInit                        0x080015e1   Thumb Code   114  fdcan.o(i.HAL_FDCAN_MspInit)
    HAL_FDCAN_Start                          0x0800165d   Thumb Code    52  stm32h7xx_hal_fdcan.o(i.HAL_FDCAN_Start)
    HAL_FDCAN_Stop                           0x08001691   Thumb Code   104  stm32h7xx_hal_fdcan.o(i.HAL_FDCAN_Stop)
    HAL_GPIO_Init                            0x080016f9   Thumb Code   534  stm32h7xx_hal_gpio.o(i.HAL_GPIO_Init)
    HAL_GPIO_ReadPin                         0x08001945   Thumb Code    16  stm32h7xx_hal_gpio.o(i.HAL_GPIO_ReadPin)
    HAL_GPIO_TogglePin                       0x08001955   Thumb Code     8  stm32h7xx_hal_gpio.o(i.HAL_GPIO_TogglePin)
    HAL_GPIO_WritePin                        0x0800195d   Thumb Code    10  stm32h7xx_hal_gpio.o(i.HAL_GPIO_WritePin)
    HAL_GetTick                              0x08001969   Thumb Code     6  stm32h7xx_hal.o(i.HAL_GetTick)
    HAL_IncTick                              0x08001975   Thumb Code    16  stm32h7xx_hal.o(i.HAL_IncTick)
    HAL_Init                                 0x0800198d   Thumb Code    28  stm32h7xx_hal.o(i.HAL_Init)
    HAL_InitTick                             0x080019a9   Thumb Code    64  stm32h7xx_hal.o(i.HAL_InitTick)
    HAL_MspInit                              0x080019f5   Thumb Code     2  stm32h7xx_hal_msp.o(i.HAL_MspInit)
    HAL_NVIC_EnableIRQ                       0x080019f7   Thumb Code    32  stm32h7xx_hal_cortex.o(i.HAL_NVIC_EnableIRQ)
    HAL_NVIC_SetPriority                     0x08001a17   Thumb Code   122  stm32h7xx_hal_cortex.o(i.HAL_NVIC_SetPriority)
    HAL_NVIC_SetPriorityGrouping             0x08001a91   Thumb Code    32  stm32h7xx_hal_cortex.o(i.HAL_NVIC_SetPriorityGrouping)
    HAL_QSPI_Command                         0x08001ab9   Thumb Code   166  stm32h7xx_hal_qspi.o(i.HAL_QSPI_Command)
    HAL_QSPI_Init                            0x08001b61   Thumb Code   244  stm32h7xx_hal_qspi.o(i.HAL_QSPI_Init)
    HAL_QSPI_MspInit                         0x08001c5d   Thumb Code   174  qspi.o(i.HAL_QSPI_MspInit)
    HAL_QSPI_Receive                         0x08001d19   Thumb Code   226  stm32h7xx_hal_qspi.o(i.HAL_QSPI_Receive)
    HAL_QSPI_SetTimeout                      0x08001dfb   Thumb Code     4  stm32h7xx_hal_qspi.o(i.HAL_QSPI_SetTimeout)
    HAL_QSPI_Transmit                        0x08001dff   Thumb Code   210  stm32h7xx_hal_qspi.o(i.HAL_QSPI_Transmit)
    HAL_RCCEx_GetD1SysClockFreq              0x08001ed1   Thumb Code    44  stm32h7xx_hal_rcc_ex.o(i.HAL_RCCEx_GetD1SysClockFreq)
    HAL_RCCEx_GetD3PCLK1Freq                 0x08001f09   Thumb Code    34  stm32h7xx_hal_rcc_ex.o(i.HAL_RCCEx_GetD3PCLK1Freq)
    HAL_RCCEx_GetPLL2ClockFreq               0x08001f35   Thumb Code   532  stm32h7xx_hal_rcc_ex.o(i.HAL_RCCEx_GetPLL2ClockFreq)
    HAL_RCCEx_GetPLL3ClockFreq               0x08002161   Thumb Code   532  stm32h7xx_hal_rcc_ex.o(i.HAL_RCCEx_GetPLL3ClockFreq)
    HAL_RCCEx_PeriphCLKConfig                0x0800238d   Thumb Code  2868  stm32h7xx_hal_rcc_ex.o(i.HAL_RCCEx_PeriphCLKConfig)
    HAL_RCC_ClockConfig                      0x08002ec5   Thumb Code   574  stm32h7xx_hal_rcc.o(i.HAL_RCC_ClockConfig)
    HAL_RCC_GetHCLKFreq                      0x08003115   Thumb Code    42  stm32h7xx_hal_rcc.o(i.HAL_RCC_GetHCLKFreq)
    HAL_RCC_GetPCLK1Freq                     0x0800314d   Thumb Code    34  stm32h7xx_hal_rcc.o(i.HAL_RCC_GetPCLK1Freq)
    HAL_RCC_GetPCLK2Freq                     0x08003179   Thumb Code    36  stm32h7xx_hal_rcc.o(i.HAL_RCC_GetPCLK2Freq)
    HAL_RCC_GetSysClockFreq                  0x080031a5   Thumb Code   556  stm32h7xx_hal_rcc.o(i.HAL_RCC_GetSysClockFreq)
    HAL_RCC_OscConfig                        0x080033e9   Thumb Code  1724  stm32h7xx_hal_rcc.o(i.HAL_RCC_OscConfig)
    HAL_SYSTICK_CLKSourceConfig              0x08003aad   Thumb Code    40  stm32h7xx_hal_cortex.o(i.HAL_SYSTICK_CLKSourceConfig)
    HAL_SYSTICK_Config                       0x08003ad5   Thumb Code    52  stm32h7xx_hal_cortex.o(i.HAL_SYSTICK_Config)
    HAL_UARTEx_WakeupCallback                0x08003b09   Thumb Code     2  stm32h7xx_hal_uart_ex.o(i.HAL_UARTEx_WakeupCallback)
    HAL_UART_ErrorCallback                   0x08003b0b   Thumb Code     2  stm32h7xx_hal_uart.o(i.HAL_UART_ErrorCallback)
    HAL_UART_GetState                        0x08003b0d   Thumb Code    20  stm32h7xx_hal_uart.o(i.HAL_UART_GetState)
    HAL_UART_IRQHandler                      0x08003b21   Thumb Code   434  stm32h7xx_hal_uart.o(i.HAL_UART_IRQHandler)
    HAL_UART_Init                            0x08003cdd   Thumb Code   120  stm32h7xx_hal_uart.o(i.HAL_UART_Init)
    HAL_UART_MspInit                         0x08003d55   Thumb Code   138  usart.o(i.HAL_UART_MspInit)
    HAL_UART_Receive                         0x08003ded   Thumb Code   274  stm32h7xx_hal_uart.o(i.HAL_UART_Receive)
    HAL_UART_Receive_IT                      0x08003eff   Thumb Code   224  stm32h7xx_hal_uart.o(i.HAL_UART_Receive_IT)
    HAL_UART_RxCpltCallback                  0x08003fe1   Thumb Code   120  usart.o(i.HAL_UART_RxCpltCallback)
    HAL_UART_Transmit                        0x08004069   Thumb Code   198  stm32h7xx_hal_uart.o(i.HAL_UART_Transmit)
    HAL_UART_TxCpltCallback                  0x0800412f   Thumb Code     2  stm32h7xx_hal_uart.o(i.HAL_UART_TxCpltCallback)
    HardFault_Handler                        0x08004131   Thumb Code     4  stm32h7xx_it.o(i.HardFault_Handler)
    IIC_Ack                                  0x08004135   Thumb Code    78  myiic.o(i.IIC_Ack)
    IIC_Init                                 0x08004189   Thumb Code    78  myiic.o(i.IIC_Init)
    IIC_NAck                                 0x080041e1   Thumb Code    78  myiic.o(i.IIC_NAck)
    IIC_Read_Byte                            0x08004235   Thumb Code   102  myiic.o(i.IIC_Read_Byte)
    IIC_Send_Byte                            0x080042a1   Thumb Code   118  myiic.o(i.IIC_Send_Byte)
    IIC_Start                                0x0800431d   Thumb Code    78  myiic.o(i.IIC_Start)
    IIC_Stop                                 0x08004371   Thumb Code    78  myiic.o(i.IIC_Stop)
    IIC_Wait_Ack                             0x080043c5   Thumb Code    98  myiic.o(i.IIC_Wait_Ack)
    KEY_Init                                 0x0800442d   Thumb Code   150  key.o(i.KEY_Init)
    KEY_Scan                                 0x080044d5   Thumb Code   192  key.o(i.KEY_Scan)
    LED_Init                                 0x080045a5   Thumb Code    78  led.o(i.LED_Init)
    MemManage_Handler                        0x080045fd   Thumb Code     4  stm32h7xx_it.o(i.MemManage_Handler)
    NMI_Handler                              0x08004601   Thumb Code     2  stm32h7xx_it.o(i.NMI_Handler)
    OSEventNameSet                           0x08004605   Thumb Code    84  os_core.o(i.OSEventNameSet)
    OSInit                                   0x0800465d   Thumb Code    48  os_core.o(i.OSInit)
    OSInitHookBegin                          0x0800468d   Thumb Code    40  os_cpu_c.o(i.OSInitHookBegin)
    OSInitHookEnd                            0x080046c5   Thumb Code     2  os_cpu_c.o(i.OSInitHookEnd)
    OSIntEnter                               0x080046c9   Thumb Code    28  os_core.o(i.OSIntEnter)
    OSIntExit                                0x080046ed   Thumb Code   112  os_core.o(i.OSIntExit)
    OSSchedLock                              0x0800477d   Thumb Code    50  os_core.o(i.OSSchedLock)
    OSSchedUnlock                            0x080047bd   Thumb Code    82  os_core.o(i.OSSchedUnlock)
    OSSemCreate                              0x0800481d   Thumb Code    72  os_sem.o(i.OSSemCreate)
    OSSemPend                                0x08004871   Thumb Code   228  os_sem.o(i.OSSemPend)
    OSSemPost                                0x08004961   Thumb Code    88  os_sem.o(i.OSSemPost)
    OSStart                                  0x080049b9   Thumb Code    48  os_core.o(i.OSStart)
    OSStatInit                               0x08004a01   Thumb Code    62  os_core.o(i.OSStatInit)
    OSTCBInitHook                            0x08004a4d   Thumb Code    12  os_cpu_c.o(i.OSTCBInitHook)
    OSTaskCreateExt                          0x08004a59   Thumb Code   170  os_task.o(i.OSTaskCreateExt)
    OSTaskCreateHook                         0x08004b11   Thumb Code    12  os_cpu_c.o(i.OSTaskCreateHook)
    OSTaskDel                                0x08004b1d   Thumb Code   306  os_task.o(i.OSTaskDel)
    OSTaskDelHook                            0x08004c7d   Thumb Code    12  os_cpu_c.o(i.OSTaskDelHook)
    OSTaskIdleHook                           0x08004c89   Thumb Code     8  os_cpu_c.o(i.OSTaskIdleHook)
    OSTaskNameSet                            0x08004c91   Thumb Code    98  os_task.o(i.OSTaskNameSet)
    OSTaskResume                             0x08004d01   Thumb Code   158  os_task.o(i.OSTaskResume)
    OSTaskReturnHook                         0x08004db1   Thumb Code    12  os_cpu_c.o(i.OSTaskReturnHook)
    OSTaskStatHook                           0x08004dbd   Thumb Code     8  os_cpu_c.o(i.OSTaskStatHook)
    OSTaskStkChk                             0x08004dc5   Thumb Code   128  os_task.o(i.OSTaskStkChk)
    OSTaskStkInit                            0x08004e4d   Thumb Code   444  os_cpu_c.o(i.OSTaskStkInit)
    OSTaskSuspend                            0x08005075   Thumb Code   152  os_task.o(i.OSTaskSuspend)
    OSTaskSwHook                             0x0800511d   Thumb Code    52  os_cpu_c.o(i.OSTaskSwHook)
    OSTimeDly                                0x08005159   Thumb Code   100  os_time.o(i.OSTimeDly)
    OSTimeTick                               0x080051d1   Thumb Code   210  os_core.o(i.OSTimeTick)
    OSTimeTickHook                           0x080052bd   Thumb Code    34  os_cpu_c.o(i.OSTimeTickHook)
    OSTmrSignal                              0x080052e5   Thumb Code    16  os_tmr.o(i.OSTmrSignal)
    OSTmr_Init                               0x080052f9   Thumb Code   168  os_tmr.o(i.OSTmr_Init)
    OS_Dummy                                 0x0800556d   Thumb Code     2  os_core.o(i.OS_Dummy)
    OS_EventTaskRdy                          0x08005571   Thumb Code   128  os_core.o(i.OS_EventTaskRdy)
    OS_EventTaskRemove                       0x08005601   Thumb Code    46  os_core.o(i.OS_EventTaskRemove)
    OS_EventTaskRemoveMulti                  0x0800562f   Thumb Code    58  os_core.o(i.OS_EventTaskRemoveMulti)
    OS_EventTaskWait                         0x08005669   Thumb Code   112  os_core.o(i.OS_EventTaskWait)
    OS_EventWaitListInit                     0x080056e5   Thumb Code    28  os_core.o(i.OS_EventWaitListInit)
    OS_FlagInit                              0x08005701   Thumb Code    74  os_flag.o(i.OS_FlagInit)
    OS_FlagUnlink                            0x08005759   Thumb Code    36  os_flag.o(i.OS_FlagUnlink)
    OS_MemClr                                0x0800599d   Thumb Code    18  os_core.o(i.OS_MemClr)
    OS_QInit                                 0x080059b1   Thumb Code    72  os_q.o(i.OS_QInit)
    OS_Sched                                 0x08005a01   Thumb Code    88  os_core.o(i.OS_Sched)
    OS_TCBInit                               0x08005aa1   Thumb Code   292  os_core.o(i.OS_TCBInit)
    OS_TaskIdle                              0x08005be1   Thumb Code    34  os_core.o(i.OS_TaskIdle)
    OS_TaskReturn                            0x08005c09   Thumb Code    18  os_task.o(i.OS_TaskReturn)
    OS_TaskStat                              0x08005c21   Thumb Code   140  os_core.o(i.OS_TaskStat)
    OS_TaskStatStkChk                        0x08005cc1   Thumb Code    54  os_core.o(i.OS_TaskStatStkChk)
    OS_TaskStkClr                            0x08005cfd   Thumb Code    26  os_task.o(i.OS_TaskStkClr)
    PCF8574_Init                             0x08005d19   Thumb Code    96  pcf8574.o(i.PCF8574_Init)
    PCF8574_ReadOneByte                      0x08005d81   Thumb Code    34  pcf8574.o(i.PCF8574_ReadOneByte)
    PCF8574_WriteBit                         0x08005da3   Thumb Code    38  pcf8574.o(i.PCF8574_WriteBit)
    PCF8574_WriteOneByte                     0x08005dc9   Thumb Code    40  pcf8574.o(i.PCF8574_WriteOneByte)
    QSPI_Init                                0x0800603d   Thumb Code    68  qspi.o(i.QSPI_Init)
    QSPI_Receive                             0x08006089   Thumb Code    36  qspi.o(i.QSPI_Receive)
    QSPI_Send_CMD                            0x080060b1   Thumb Code    70  qspi.o(i.QSPI_Send_CMD)
    QSPI_Transmit                            0x080060fd   Thumb Code    36  qspi.o(i.QSPI_Transmit)
    RS485_Init                               0x080063d1   Thumb Code   176  rs485.o(i.RS485_Init)
    RS485_Receive_Data                       0x08006491   Thumb Code    68  rs485.o(i.RS485_Receive_Data)
    RS485_Send_Data                          0x080064dd   Thumb Code    38  rs485.o(i.RS485_Send_Data)
    RS485_TX_Set                             0x0800650d   Thumb Code    14  rs485.o(i.RS485_TX_Set)
    Stm32_Clock_Init                         0x08006635   Thumb Code   238  sys.o(i.Stm32_Clock_Init)
    SysTick_Handler                          0x0800672d   Thumb Code    28  delay.o(i.SysTick_Handler)
    SystemInit                               0x0800674d   Thumb Code   130  system_stm32h7xx.o(i.SystemInit)
    UART_AdvFeatureConfig                    0x080067e1   Thumb Code   234  stm32h7xx_hal_uart.o(i.UART_AdvFeatureConfig)
    UART_CheckIdleState                      0x080068cb   Thumb Code   116  stm32h7xx_hal_uart.o(i.UART_CheckIdleState)
    UART_SetConfig                           0x08006a21   Thumb Code  2452  stm32h7xx_hal_uart.o(i.UART_SetConfig)
    UART_WaitOnFlagUntilTimeout              0x08007447   Thumb Code   108  stm32h7xx_hal_uart.o(i.UART_WaitOnFlagUntilTimeout)
    USART1_IRQHandler                        0x080074b5   Thumb Code    74  usart.o(i.USART1_IRQHandler)
    USART2_IRQHandler                        0x0800750d   Thumb Code    60  rs485.o(i.USART2_IRQHandler)
    UsageFault_Handler                       0x08007555   Thumb Code     4  stm32h7xx_it.o(i.UsageFault_Handler)
    W25QXX_Erase_Sector                      0x08007559   Thumb Code    46  w25qxx.o(i.W25QXX_Erase_Sector)
    W25QXX_Init                              0x08007589   Thumb Code   114  w25qxx.o(i.W25QXX_Init)
    W25QXX_Qspi_Enable                       0x08007601   Thumb Code    62  w25qxx.o(i.W25QXX_Qspi_Enable)
    W25QXX_Read                              0x08007645   Thumb Code    44  w25qxx.o(i.W25QXX_Read)
    W25QXX_ReadID                            0x08007671   Thumb Code    90  w25qxx.o(i.W25QXX_ReadID)
    W25QXX_ReadSR                            0x080076d1   Thumb Code   110  w25qxx.o(i.W25QXX_ReadSR)
    W25QXX_Wait_Busy                         0x08007745   Thumb Code    20  w25qxx.o(i.W25QXX_Wait_Busy)
    W25QXX_Write                             0x08007759   Thumb Code   180  w25qxx.o(i.W25QXX_Write)
    W25QXX_Write_Enable                      0x08007811   Thumb Code    56  w25qxx.o(i.W25QXX_Write_Enable)
    W25QXX_Write_NoCheck                     0x0800784d   Thumb Code    70  w25qxx.o(i.W25QXX_Write_NoCheck)
    W25QXX_Write_Page                        0x08007893   Thumb Code    52  w25qxx.o(i.W25QXX_Write_Page)
    W25QXX_Write_SR                          0x080078c9   Thumb Code   104  w25qxx.o(i.W25QXX_Write_SR)
    _sys_exit                                0x0800796d   Thumb Code     4  usart.o(i._sys_exit)
    can_task                                 0x08007971   Thumb Code   186  main.o(i.can_task)
    delay_init                               0x08007a75   Thumb Code    58  delay.o(i.delay_init)
    delay_ms                                 0x08007ab9   Thumb Code    66  delay.o(i.delay_ms)
    delay_osschedlock                        0x08007b09   Thumb Code     8  delay.o(i.delay_osschedlock)
    delay_osschedunlock                      0x08007b11   Thumb Code     8  delay.o(i.delay_osschedunlock)
    delay_ostimedly                          0x08007b19   Thumb Code    12  delay.o(i.delay_ostimedly)
    delay_us                                 0x08007b25   Thumb Code    84  delay.o(i.delay_us)
    fputc                                    0x08007b7d   Thumb Code    22  usart.o(i.fputc)
    key_task                                 0x08007b99   Thumb Code   142  main.o(i.key_task)
    led_task                                 0x08007c59   Thumb Code    44  main.o(i.led_task)
    main                                     0x08007c89   Thumb Code   124  main.o(i.main)
    receive_task                             0x08007d11   Thumb Code   152  main.o(i.receive_task)
    rs485_task                               0x08007e01   Thumb Code   176  main.o(i.rs485_task)
    send_task                                0x08007ed9   Thumb Code    90  main.o(i.send_task)
    sr_task                                  0x08007f7d   Thumb Code   126  main.o(i.sr_task)
    ss_task                                  0x08008059   Thumb Code    94  main.o(i.ss_task)
    start_task                               0x08008105   Thumb Code   316  main.o(i.start_task)
    uart_init                                0x080082b1   Thumb Code    44  usart.o(i.uart_init)
    _fp_init                                 0x080082e9   Thumb Code    10  fpinit.o(x$fpl$fpinit)
    __fplib_config_fpu_vfp                   0x080082f1   Thumb Code     0  fpinit.o(x$fpl$fpinit)
    __fplib_config_pureend_doubles           0x080082f1   Thumb Code     0  fpinit.o(x$fpl$fpinit)
    TEXT_Buffer                              0x08008322   Data          16  main.o(.constdata)
    Refresh                                  0x08008332   Data          16  main.o(.constdata)
    D1CorePrescTable                         0x08008372   Data          16  system_stm32h7xx.o(.constdata)
    OSUnMapTbl                               0x08008405   Data         256  os_core.o(.constdata)
    Region$$Table$$Base                      0x08008530   Number         0  anon$$obj.o(Region$$Table)
    Region$$Table$$Limit                     0x08008550   Number         0  anon$$obj.o(Region$$Table)
    mem5base                                 0x20000000   Data       122880  malloc.o(.ARM.__AT_0x20000000)
    mem5mapbase                              0x2001e000   Data        7680  malloc.o(.ARM.__AT_0x2001E000)
    flashsize                                0x24000000   Data           4  main.o(.data)
    send_buf                                 0x24000004   Data           5  main.o(.data)
    rec_buf                                  0x24000009   Data           5  main.o(.data)
    canbuf                                   0x2400000e   Data           1  main.o(.data)
    SystemCoreClock                          0x24000010   Data           4  system_stm32h7xx.o(.data)
    SystemD2Clock                            0x24000014   Data           4  system_stm32h7xx.o(.data)
    __stdout                                 0x24000020   Data           4  usart.o(.data)
    USART_RX_STA                             0x24000024   Data           2  usart.o(.data)
    aRxBuffer                                0x24000026   Data           1  usart.o(.data)
    W25QXX_TYPE                              0x24000032   Data           2  w25qxx.o(.data)
    W25QXX_QPI_MODE                          0x24000034   Data           1  w25qxx.o(.data)
    RS485_RX_CNT                             0x24000035   Data           1  rs485.o(.data)
    OSCtxSwCtr                               0x24000038   Data           4  os_core.o(.data)
    OSEventFreeList                          0x2400003c   Data           4  os_core.o(.data)
    OSFlagFreeList                           0x24000040   Data           4  os_core.o(.data)
    OSCPUUsage                               0x24000044   Data           1  os_core.o(.data)
    OSIdleCtrMax                             0x24000048   Data           4  os_core.o(.data)
    OSIdleCtrRun                             0x2400004c   Data           4  os_core.o(.data)
    OSStatRdy                                0x24000050   Data           1  os_core.o(.data)
    OSIntNesting                             0x24000051   Data           1  os_core.o(.data)
    OSLockNesting                            0x24000052   Data           1  os_core.o(.data)
    OSPrioCur                                0x24000053   Data           1  os_core.o(.data)
    OSPrioHighRdy                            0x24000054   Data           1  os_core.o(.data)
    OSRdyGrp                                 0x24000055   Data           1  os_core.o(.data)
    OSRdyTbl                                 0x24000056   Data           8  os_core.o(.data)
    OSRunning                                0x2400005e   Data           1  os_core.o(.data)
    OSTaskCtr                                0x2400005f   Data           1  os_core.o(.data)
    OSIdleCtr                                0x24000060   Data           4  os_core.o(.data)
    OSTCBCur                                 0x24000064   Data           4  os_core.o(.data)
    OSTCBFreeList                            0x24000068   Data           4  os_core.o(.data)
    OSTCBHighRdy                             0x2400006c   Data           4  os_core.o(.data)
    OSTCBList                                0x24000070   Data           4  os_core.o(.data)
    OSTickStepState                          0x24000074   Data           1  os_core.o(.data)
    OSQFreeList                              0x24000078   Data           4  os_core.o(.data)
    OSTaskRegNextAvailID                     0x2400007c   Data           1  os_core.o(.data)
    OSTime                                   0x24000080   Data           4  os_core.o(.data)
    OSTmrFree                                0x24000084   Data           2  os_core.o(.data)
    OSTmrUsed                                0x24000086   Data           2  os_core.o(.data)
    OSTmrTime                                0x24000088   Data           4  os_core.o(.data)
    OSTmrSem                                 0x2400008c   Data           4  os_core.o(.data)
    OSTmrSemSignal                           0x24000090   Data           4  os_core.o(.data)
    OSTmrFreeList                            0x24000094   Data           4  os_core.o(.data)
    OS_CPU_ExceptStkBase                     0x24000098   Data           4  os_cpu_c.o(.data)
    datatemp                                 0x240000a0   Data          16  main.o(.bss)
    START_TASK_STK                           0x240000b0   Data         512  main.o(.bss)
    LED_TASK_STK                             0x240002b0   Data         512  main.o(.bss)
    FDCAN_TASK_STK                           0x240004b0   Data         512  main.o(.bss)
    SR_TASK_STK                              0x240006b0   Data         512  main.o(.bss)
    SS_TASK_STK                              0x240008b0   Data         512  main.o(.bss)
    RECEIVE_TASK_STK                         0x24000ab0   Data         512  main.o(.bss)
    SEND_TASK_STK                            0x24000cb0   Data         512  main.o(.bss)
    CAN_TASK_STK                             0x24000eb0   Data         512  main.o(.bss)
    RS485_TASK_STK                           0x240010b0   Data         512  main.o(.bss)
    KEY_TASK_STK                             0x240012b0   Data         512  main.o(.bss)
    USART_RX_BUF                             0x240014b0   Data         200  usart.o(.bss)
    UART1_Handler                            0x24001578   Data         128  usart.o(.bss)
    W25QXX_BUFFER                            0x240015f8   Data        4096  w25qxx.o(.bss)
    QSPI_Handler                             0x240025f8   Data          76  qspi.o(.bss)
    USART2_RS485Handler                      0x24002644   Data         128  rs485.o(.bss)
    RS485_RX_BUF                             0x240026c4   Data          64  rs485.o(.bss)
    FDCAN1_Handler                           0x24002704   Data         156  fdcan.o(.bss)
    FDCAN1_RxHeader                          0x240027a0   Data          40  fdcan.o(.bss)
    FDCAN1_TxHeader                          0x240027c8   Data          36  fdcan.o(.bss)
    OSEventTbl                               0x240027ec   Data         480  os_core.o(.bss)
    OSFlagTbl                                0x240029cc   Data          80  os_core.o(.bss)
    OSTaskStatStk                            0x24002a1c   Data         512  os_core.o(.bss)
    OSTaskIdleStk                            0x24002c1c   Data         512  os_core.o(.bss)
    OSTCBPrioTbl                             0x24002e1c   Data         256  os_core.o(.bss)
    OSTCBTbl                                 0x24002f1c   Data        1936  os_core.o(.bss)
    OSQTbl                                   0x240036ac   Data          96  os_core.o(.bss)
    OSTmrTbl                                 0x2400370c   Data         640  os_core.o(.bss)
    OSTmrTaskStk                             0x2400398c   Data         512  os_core.o(.bss)
    OSTmrWheelTbl                            0x24003b8c   Data          64  os_core.o(.bss)
    OS_CPU_ExceptStk                         0x24003bcc   Data         512  os_cpu_c.o(.bss)
    __libspace_start                         0x24003dcc   Data          96  libspace.o(.bss)
    __temporary_stack_top$libspace           0x24003e2c   Data           0  libspace.o(.bss)
    mem3base                                 0x30000000   Data       245760  malloc.o(.ARM.__AT_0x30000000)
    mem3mapbase                              0x3003c000   Data       15360  malloc.o(.ARM.__AT_0x3003C000)
    mem4base                                 0x38000000   Data       61440  malloc.o(.ARM.__AT_0x38000000)
    mem4mapbase                              0x3800f000   Data        3840  malloc.o(.ARM.__AT_0x3800F000)
    ltdc_lcd_framebuf                        0xc0000000   Data       2048000  ltdc.o(.ARM.__AT_0xC0000000)
    mem2base                                 0xc01f4000   Data       29605888  malloc.o(.ARM.__AT_0xC01F4000)
    mem2mapbase                              0xc1e30000   Data       1850368  malloc.o(.ARM.__AT_0xC1E30000)



==============================================================================

Memory Map of the image

  Image Entry point : 0x08000299

  Load Region LR_IROM1 (Base: 0x08000000, Size: 0x000085f0, Max: 0x00200000, ABSOLUTE)

    Execution Region ER_IROM1 (Exec base: 0x08000000, Load base: 0x08000000, Size: 0x00008550, Max: 0x00200000, ABSOLUTE)

    Exec Addr    Load Addr    Size         Type   Attr      Idx    E Section Name        Object

    0x08000000   0x08000000   0x00000298   Data   RO          572    RESET               startup_stm32h743xx.o
    0x08000298   0x08000298   0x00000008   Code   RO         8996  * !!!main             c_w.l(__main.o)
    0x080002a0   0x080002a0   0x00000034   Code   RO         9198    !!!scatter          c_w.l(__scatter.o)
    0x080002d4   0x080002d4   0x0000001a   Code   RO         9200    !!handler_copy      c_w.l(__scatter_copy.o)
    0x080002ee   0x080002ee   0x00000002   PAD
    0x080002f0   0x080002f0   0x0000001c   Code   RO         9202    !!handler_zi        c_w.l(__scatter_zi.o)
    0x0800030c   0x0800030c   0x00000000   Code   RO         8989    .ARM.Collect$$_printf_percent$$00000000  c_w.l(_printf_percent.o)
    0x0800030c   0x0800030c   0x00000006   Code   RO         8987    .ARM.Collect$$_printf_percent$$00000009  c_w.l(_printf_d.o)
    0x08000312   0x08000312   0x00000006   Code   RO         8988    .ARM.Collect$$_printf_percent$$0000000A  c_w.l(_printf_u.o)
    0x08000318   0x08000318   0x00000006   Code   RO         8986    .ARM.Collect$$_printf_percent$$0000000C  c_w.l(_printf_x.o)
    0x0800031e   0x0800031e   0x00000006   Code   RO         8984    .ARM.Collect$$_printf_percent$$00000013  c_w.l(_printf_c.o)
    0x08000324   0x08000324   0x00000004   Code   RO         9023    .ARM.Collect$$_printf_percent$$00000017  c_w.l(_printf_percent_end.o)
    0x08000328   0x08000328   0x00000002   Code   RO         9071    .ARM.Collect$$libinit$$00000000  c_w.l(libinit.o)
    0x0800032a   0x0800032a   0x00000004   Code   RO         9080    .ARM.Collect$$libinit$$00000001  c_w.l(libinit2.o)
    0x0800032e   0x0800032e   0x00000000   Code   RO         9083    .ARM.Collect$$libinit$$00000004  c_w.l(libinit2.o)
    0x0800032e   0x0800032e   0x00000000   Code   RO         9086    .ARM.Collect$$libinit$$0000000A  c_w.l(libinit2.o)
    0x0800032e   0x0800032e   0x00000000   Code   RO         9088    .ARM.Collect$$libinit$$0000000C  c_w.l(libinit2.o)
    0x0800032e   0x0800032e   0x00000000   Code   RO         9090    .ARM.Collect$$libinit$$0000000E  c_w.l(libinit2.o)
    0x0800032e   0x0800032e   0x00000000   Code   RO         9093    .ARM.Collect$$libinit$$00000011  c_w.l(libinit2.o)
    0x0800032e   0x0800032e   0x00000000   Code   RO         9095    .ARM.Collect$$libinit$$00000013  c_w.l(libinit2.o)
    0x0800032e   0x0800032e   0x00000000   Code   RO         9097    .ARM.Collect$$libinit$$00000015  c_w.l(libinit2.o)
    0x0800032e   0x0800032e   0x00000000   Code   RO         9099    .ARM.Collect$$libinit$$00000017  c_w.l(libinit2.o)
    0x0800032e   0x0800032e   0x00000000   Code   RO         9101    .ARM.Collect$$libinit$$00000019  c_w.l(libinit2.o)
    0x0800032e   0x0800032e   0x00000000   Code   RO         9103    .ARM.Collect$$libinit$$0000001B  c_w.l(libinit2.o)
    0x0800032e   0x0800032e   0x00000000   Code   RO         9105    .ARM.Collect$$libinit$$0000001D  c_w.l(libinit2.o)
    0x0800032e   0x0800032e   0x00000000   Code   RO         9107    .ARM.Collect$$libinit$$0000001F  c_w.l(libinit2.o)
    0x0800032e   0x0800032e   0x00000000   Code   RO         9109    .ARM.Collect$$libinit$$00000021  c_w.l(libinit2.o)
    0x0800032e   0x0800032e   0x00000000   Code   RO         9111    .ARM.Collect$$libinit$$00000023  c_w.l(libinit2.o)
    0x0800032e   0x0800032e   0x00000000   Code   RO         9113    .ARM.Collect$$libinit$$00000025  c_w.l(libinit2.o)
    0x0800032e   0x0800032e   0x00000000   Code   RO         9117    .ARM.Collect$$libinit$$0000002C  c_w.l(libinit2.o)
    0x0800032e   0x0800032e   0x00000000   Code   RO         9119    .ARM.Collect$$libinit$$0000002E  c_w.l(libinit2.o)
    0x0800032e   0x0800032e   0x00000000   Code   RO         9121    .ARM.Collect$$libinit$$00000030  c_w.l(libinit2.o)
    0x0800032e   0x0800032e   0x00000000   Code   RO         9123    .ARM.Collect$$libinit$$00000032  c_w.l(libinit2.o)
    0x0800032e   0x0800032e   0x00000002   Code   RO         9124    .ARM.Collect$$libinit$$00000033  c_w.l(libinit2.o)
    0x08000330   0x08000330   0x00000002   Code   RO         9150    .ARM.Collect$$libshutdown$$00000000  c_w.l(libshutdown.o)
    0x08000332   0x08000332   0x00000000   Code   RO         9179    .ARM.Collect$$libshutdown$$00000002  c_w.l(libshutdown2.o)
    0x08000332   0x08000332   0x00000000   Code   RO         9181    .ARM.Collect$$libshutdown$$00000004  c_w.l(libshutdown2.o)
    0x08000332   0x08000332   0x00000000   Code   RO         9183    .ARM.Collect$$libshutdown$$00000006  c_w.l(libshutdown2.o)
    0x08000332   0x08000332   0x00000000   Code   RO         9186    .ARM.Collect$$libshutdown$$00000009  c_w.l(libshutdown2.o)
    0x08000332   0x08000332   0x00000000   Code   RO         9189    .ARM.Collect$$libshutdown$$0000000C  c_w.l(libshutdown2.o)
    0x08000332   0x08000332   0x00000000   Code   RO         9191    .ARM.Collect$$libshutdown$$0000000E  c_w.l(libshutdown2.o)
    0x08000332   0x08000332   0x00000000   Code   RO         9194    .ARM.Collect$$libshutdown$$00000011  c_w.l(libshutdown2.o)
    0x08000332   0x08000332   0x00000002   Code   RO         9195    .ARM.Collect$$libshutdown$$00000012  c_w.l(libshutdown2.o)
    0x08000334   0x08000334   0x00000000   Code   RO         9010    .ARM.Collect$$rtentry$$00000000  c_w.l(__rtentry.o)
    0x08000334   0x08000334   0x00000000   Code   RO         9026    .ARM.Collect$$rtentry$$00000002  c_w.l(__rtentry2.o)
    0x08000334   0x08000334   0x00000006   Code   RO         9038    .ARM.Collect$$rtentry$$00000004  c_w.l(__rtentry4.o)
    0x0800033a   0x0800033a   0x00000000   Code   RO         9028    .ARM.Collect$$rtentry$$00000009  c_w.l(__rtentry2.o)
    0x0800033a   0x0800033a   0x00000004   Code   RO         9029    .ARM.Collect$$rtentry$$0000000A  c_w.l(__rtentry2.o)
    0x0800033e   0x0800033e   0x00000000   Code   RO         9031    .ARM.Collect$$rtentry$$0000000C  c_w.l(__rtentry2.o)
    0x0800033e   0x0800033e   0x00000008   Code   RO         9032    .ARM.Collect$$rtentry$$0000000D  c_w.l(__rtentry2.o)
    0x08000346   0x08000346   0x00000002   Code   RO         9072    .ARM.Collect$$rtexit$$00000000  c_w.l(rtexit.o)
    0x08000348   0x08000348   0x00000000   Code   RO         9126    .ARM.Collect$$rtexit$$00000002  c_w.l(rtexit2.o)
    0x08000348   0x08000348   0x00000004   Code   RO         9127    .ARM.Collect$$rtexit$$00000003  c_w.l(rtexit2.o)
    0x0800034c   0x0800034c   0x00000006   Code   RO         9128    .ARM.Collect$$rtexit$$00000004  c_w.l(rtexit2.o)
    0x08000352   0x08000352   0x00000002   PAD
    0x08000354   0x08000354   0x00000068   Code   RO          573    .text               startup_stm32h743xx.o
    0x080003bc   0x080003bc   0x000000dc   Code   RO         8858    .text               os_cpu_a.o
    0x08000498   0x08000498   0x000000ee   Code   RO         8931    .text               c_w.l(lludivv7m.o)
    0x08000586   0x08000586   0x00000002   PAD
    0x08000588   0x08000588   0x00000018   Code   RO         8935    .text               c_w.l(noretval__2printf.o)
    0x080005a0   0x080005a0   0x00000068   Code   RO         8937    .text               c_w.l(__printf.o)
    0x08000608   0x08000608   0x00000052   Code   RO         8939    .text               c_w.l(_printf_str.o)
    0x0800065a   0x0800065a   0x00000002   PAD
    0x0800065c   0x0800065c   0x00000078   Code   RO         8941    .text               c_w.l(_printf_dec.o)
    0x080006d4   0x080006d4   0x00000058   Code   RO         8946    .text               c_w.l(_printf_hex_int.o)
    0x0800072c   0x0800072c   0x00000006   Code   RO         8994    .text               c_w.l(heapauxi.o)
    0x08000732   0x08000732   0x000000b2   Code   RO         9017    .text               c_w.l(_printf_intcommon.o)
    0x080007e4   0x080007e4   0x0000002c   Code   RO         9019    .text               c_w.l(_printf_char.o)
    0x08000810   0x08000810   0x00000024   Code   RO         9021    .text               c_w.l(_printf_char_file.o)
    0x08000834   0x08000834   0x00000030   Code   RO         9047    .text               c_w.l(_printf_char_common.o)
    0x08000864   0x08000864   0x00000008   Code   RO         9049    .text               c_w.l(ferror.o)
    0x0800086c   0x0800086c   0x00000008   Code   RO         9053    .text               c_w.l(libspace.o)
    0x08000874   0x08000874   0x0000004a   Code   RO         9056    .text               c_w.l(sys_stackheap_outer.o)
    0x080008be   0x080008be   0x00000012   Code   RO         9060    .text               c_w.l(exit.o)
    0x080008d0   0x080008d0   0x0000002e   Code   RO         6635    i.AT24CXX_Check     24cxx.o
    0x080008fe   0x080008fe   0x00000008   Code   RO         6636    i.AT24CXX_Init      24cxx.o
    0x08000906   0x08000906   0x00000022   Code   RO         6637    i.AT24CXX_Read      24cxx.o
    0x08000928   0x08000928   0x00000058   Code   RO         6639    i.AT24CXX_ReadOneByte  24cxx.o
    0x08000980   0x08000980   0x00000024   Code   RO         6640    i.AT24CXX_Write     24cxx.o
    0x080009a4   0x080009a4   0x00000050   Code   RO         6642    i.AT24CXX_WriteOneByte  24cxx.o
    0x080009f4   0x080009f4   0x00000002   Code   RO         8864    i.App_TCBInitHook   app_hooks.o
    0x080009f6   0x080009f6   0x00000002   Code   RO         8865    i.App_TaskCreateHook  app_hooks.o
    0x080009f8   0x080009f8   0x00000002   Code   RO         8866    i.App_TaskDelHook   app_hooks.o
    0x080009fa   0x080009fa   0x00000002   Code   RO         8867    i.App_TaskIdleHook  app_hooks.o
    0x080009fc   0x080009fc   0x00000002   Code   RO         8868    i.App_TaskReturnHook  app_hooks.o
    0x080009fe   0x080009fe   0x00000002   Code   RO         8869    i.App_TaskStatHook  app_hooks.o
    0x08000a00   0x08000a00   0x00000002   Code   RO         8870    i.App_TaskSwHook    app_hooks.o
    0x08000a02   0x08000a02   0x00000008   Code   RO         8871    i.App_TimeTickHook  app_hooks.o
    0x08000a0a   0x08000a0a   0x00000004   Code   RO          438    i.BusFault_Handler  stm32h7xx_it.o
    0x08000a0e   0x08000a0e   0x00000002   PAD
    0x08000a10   0x08000a10   0x0000001c   Code   RO          644    i.Cache_Enable      sys.o
    0x08000a2c   0x08000a2c   0x00000002   Code   RO          439    i.DebugMon_Handler  stm32h7xx_it.o
    0x08000a2e   0x08000a2e   0x00000002   PAD
    0x08000a30   0x08000a30   0x000000a8   Code   RO         7054    i.FDCAN1_Mode_Init  fdcan.o
    0x08000ad8   0x08000ad8   0x00000028   Code   RO         7055    i.FDCAN1_Receive_Msg  fdcan.o
    0x08000b00   0x08000b00   0x0000003c   Code   RO         7056    i.FDCAN1_Send_Msg   fdcan.o
    0x08000b3c   0x08000b3c   0x00000258   Code   RO         4815    i.FDCAN_CalcultateRamBlockAddresses  stm32h7xx_hal_fdcan.o
    0x08000d94   0x08000d94   0x000000b0   Code   RO         4816    i.FDCAN_CopyMessageToRAM  stm32h7xx_hal_fdcan.o
    0x08000e44   0x08000e44   0x000000f8   Code   RO         1240    i.HAL_DMA_Abort_IT  stm32h7xx_hal_dma.o
    0x08000f3c   0x08000f3c   0x00000014   Code   RO          787    i.HAL_EnableCompensationCell  stm32h7xx_hal.o
    0x08000f50   0x08000f50   0x000000ac   Code   RO         4818    i.HAL_FDCAN_ActivateNotification  stm32h7xx_hal_fdcan.o
    0x08000ffc   0x08000ffc   0x00000088   Code   RO         4820    i.HAL_FDCAN_AddMessageToTxFifoQ  stm32h7xx_hal_fdcan.o
    0x08001084   0x08001084   0x000000aa   Code   RO         4825    i.HAL_FDCAN_ConfigFilter  stm32h7xx_hal_fdcan.o
    0x0800112e   0x0800112e   0x00000024   Code   RO         4833    i.HAL_FDCAN_DeInit  stm32h7xx_hal_fdcan.o
    0x08001152   0x08001152   0x00000002   PAD
    0x08001154   0x08001154   0x000001c0   Code   RO         4853    i.HAL_FDCAN_GetRxMessage  stm32h7xx_hal_fdcan.o
    0x08001314   0x08001314   0x000002b0   Code   RO         4861    i.HAL_FDCAN_Init    stm32h7xx_hal_fdcan.o
    0x080015c4   0x080015c4   0x0000001c   Code   RO         7057    i.HAL_FDCAN_MspDeInit  fdcan.o
    0x080015e0   0x080015e0   0x0000007c   Code   RO         7058    i.HAL_FDCAN_MspInit  fdcan.o
    0x0800165c   0x0800165c   0x00000034   Code   RO         4873    i.HAL_FDCAN_Start   stm32h7xx_hal_fdcan.o
    0x08001690   0x08001690   0x00000068   Code   RO         4874    i.HAL_FDCAN_Stop    stm32h7xx_hal_fdcan.o
    0x080016f8   0x080016f8   0x0000024c   Code   RO         1427    i.HAL_GPIO_Init     stm32h7xx_hal_gpio.o
    0x08001944   0x08001944   0x00000010   Code   RO         1429    i.HAL_GPIO_ReadPin  stm32h7xx_hal_gpio.o
    0x08001954   0x08001954   0x00000008   Code   RO         1430    i.HAL_GPIO_TogglePin  stm32h7xx_hal_gpio.o
    0x0800195c   0x0800195c   0x0000000a   Code   RO         1431    i.HAL_GPIO_WritePin  stm32h7xx_hal_gpio.o
    0x08001966   0x08001966   0x00000002   PAD
    0x08001968   0x08001968   0x0000000c   Code   RO          794    i.HAL_GetTick       stm32h7xx_hal.o
    0x08001974   0x08001974   0x00000018   Code   RO          797    i.HAL_IncTick       stm32h7xx_hal.o
    0x0800198c   0x0800198c   0x0000001c   Code   RO          798    i.HAL_Init          stm32h7xx_hal.o
    0x080019a8   0x080019a8   0x0000004c   Code   RO          799    i.HAL_InitTick      stm32h7xx_hal.o
    0x080019f4   0x080019f4   0x00000002   Code   RO          542    i.HAL_MspInit       stm32h7xx_hal_msp.o
    0x080019f6   0x080019f6   0x00000020   Code   RO         1092    i.HAL_NVIC_EnableIRQ  stm32h7xx_hal_cortex.o
    0x08001a16   0x08001a16   0x0000007a   Code   RO         1098    i.HAL_NVIC_SetPriority  stm32h7xx_hal_cortex.o
    0x08001a90   0x08001a90   0x00000028   Code   RO         1099    i.HAL_NVIC_SetPriorityGrouping  stm32h7xx_hal_cortex.o
    0x08001ab8   0x08001ab8   0x000000a6   Code   RO         4573    i.HAL_QSPI_Command  stm32h7xx_hal_qspi.o
    0x08001b5e   0x08001b5e   0x00000002   PAD
    0x08001b60   0x08001b60   0x000000fc   Code   RO         4582    i.HAL_QSPI_Init     stm32h7xx_hal_qspi.o
    0x08001c5c   0x08001c5c   0x000000bc   Code   RO         6943    i.HAL_QSPI_MspInit  qspi.o
    0x08001d18   0x08001d18   0x000000e2   Code   RO         4586    i.HAL_QSPI_Receive  stm32h7xx_hal_qspi.o
    0x08001dfa   0x08001dfa   0x00000004   Code   RO         4592    i.HAL_QSPI_SetTimeout  stm32h7xx_hal_qspi.o
    0x08001dfe   0x08001dfe   0x000000d2   Code   RO         4595    i.HAL_QSPI_Transmit  stm32h7xx_hal_qspi.o
    0x08001ed0   0x08001ed0   0x00000038   Code   RO         1978    i.HAL_RCCEx_GetD1SysClockFreq  stm32h7xx_hal_rcc_ex.o
    0x08001f08   0x08001f08   0x0000002c   Code   RO         1979    i.HAL_RCCEx_GetD3PCLK1Freq  stm32h7xx_hal_rcc_ex.o
    0x08001f34   0x08001f34   0x0000022c   Code   RO         1981    i.HAL_RCCEx_GetPLL2ClockFreq  stm32h7xx_hal_rcc_ex.o
    0x08002160   0x08002160   0x0000022c   Code   RO         1982    i.HAL_RCCEx_GetPLL3ClockFreq  stm32h7xx_hal_rcc_ex.o
    0x0800238c   0x0800238c   0x00000b38   Code   RO         1986    i.HAL_RCCEx_PeriphCLKConfig  stm32h7xx_hal_rcc_ex.o
    0x08002ec4   0x08002ec4   0x00000250   Code   RO         1869    i.HAL_RCC_ClockConfig  stm32h7xx_hal_rcc.o
    0x08003114   0x08003114   0x00000038   Code   RO         1873    i.HAL_RCC_GetHCLKFreq  stm32h7xx_hal_rcc.o
    0x0800314c   0x0800314c   0x0000002c   Code   RO         1875    i.HAL_RCC_GetPCLK1Freq  stm32h7xx_hal_rcc.o
    0x08003178   0x08003178   0x0000002c   Code   RO         1876    i.HAL_RCC_GetPCLK2Freq  stm32h7xx_hal_rcc.o
    0x080031a4   0x080031a4   0x00000244   Code   RO         1877    i.HAL_RCC_GetSysClockFreq  stm32h7xx_hal_rcc.o
    0x080033e8   0x080033e8   0x000006c4   Code   RO         1880    i.HAL_RCC_OscConfig  stm32h7xx_hal_rcc.o
    0x08003aac   0x08003aac   0x00000028   Code   RO         1101    i.HAL_SYSTICK_CLKSourceConfig  stm32h7xx_hal_cortex.o
    0x08003ad4   0x08003ad4   0x00000034   Code   RO         1103    i.HAL_SYSTICK_Config  stm32h7xx_hal_cortex.o
    0x08003b08   0x08003b08   0x00000002   Code   RO         2492    i.HAL_UARTEx_WakeupCallback  stm32h7xx_hal_uart_ex.o
    0x08003b0a   0x08003b0a   0x00000002   Code   RO         2156    i.HAL_UART_ErrorCallback  stm32h7xx_hal_uart.o
    0x08003b0c   0x08003b0c   0x00000014   Code   RO         2158    i.HAL_UART_GetState  stm32h7xx_hal_uart.o
    0x08003b20   0x08003b20   0x000001bc   Code   RO         2159    i.HAL_UART_IRQHandler  stm32h7xx_hal_uart.o
    0x08003cdc   0x08003cdc   0x00000078   Code   RO         2160    i.HAL_UART_Init     stm32h7xx_hal_uart.o
    0x08003d54   0x08003d54   0x00000098   Code   RO          705    i.HAL_UART_MspInit  usart.o
    0x08003dec   0x08003dec   0x00000112   Code   RO         2163    i.HAL_UART_Receive  stm32h7xx_hal_uart.o
    0x08003efe   0x08003efe   0x000000e0   Code   RO         2165    i.HAL_UART_Receive_IT  stm32h7xx_hal_uart.o
    0x08003fde   0x08003fde   0x00000002   PAD
    0x08003fe0   0x08003fe0   0x00000088   Code   RO          706    i.HAL_UART_RxCpltCallback  usart.o
    0x08004068   0x08004068   0x000000c6   Code   RO         2168    i.HAL_UART_Transmit  stm32h7xx_hal_uart.o
    0x0800412e   0x0800412e   0x00000002   Code   RO         2171    i.HAL_UART_TxCpltCallback  stm32h7xx_hal_uart.o
    0x08004130   0x08004130   0x00000004   Code   RO          440    i.HardFault_Handler  stm32h7xx_it.o
    0x08004134   0x08004134   0x00000054   Code   RO         5689    i.IIC_Ack           myiic.o
    0x08004188   0x08004188   0x00000058   Code   RO         5690    i.IIC_Init          myiic.o
    0x080041e0   0x080041e0   0x00000054   Code   RO         5691    i.IIC_NAck          myiic.o
    0x08004234   0x08004234   0x0000006c   Code   RO         5692    i.IIC_Read_Byte     myiic.o
    0x080042a0   0x080042a0   0x0000007c   Code   RO         5693    i.IIC_Send_Byte     myiic.o
    0x0800431c   0x0800431c   0x00000054   Code   RO         5694    i.IIC_Start         myiic.o
    0x08004370   0x08004370   0x00000054   Code   RO         5695    i.IIC_Stop          myiic.o
    0x080043c4   0x080043c4   0x00000068   Code   RO         5696    i.IIC_Wait_Ack      myiic.o
    0x0800442c   0x0800442c   0x000000a8   Code   RO         5757    i.KEY_Init          key.o
    0x080044d4   0x080044d4   0x000000d0   Code   RO         5758    i.KEY_Scan          key.o
    0x080045a4   0x080045a4   0x00000058   Code   RO         5663    i.LED_Init          led.o
    0x080045fc   0x080045fc   0x00000004   Code   RO          441    i.MemManage_Handler  stm32h7xx_it.o
    0x08004600   0x08004600   0x00000002   Code   RO          442    i.NMI_Handler       stm32h7xx_it.o
    0x08004602   0x08004602   0x00000002   PAD
    0x08004604   0x08004604   0x00000058   Code   RO         7997    i.OSEventNameSet    os_core.o
    0x0800465c   0x0800465c   0x00000030   Code   RO         7999    i.OSInit            os_core.o
    0x0800468c   0x0800468c   0x00000038   Code   RO         8753    i.OSInitHookBegin   os_cpu_c.o
    0x080046c4   0x080046c4   0x00000002   Code   RO         8754    i.OSInitHookEnd     os_cpu_c.o
    0x080046c6   0x080046c6   0x00000002   PAD
    0x080046c8   0x080046c8   0x00000024   Code   RO         8000    i.OSIntEnter        os_core.o
    0x080046ec   0x080046ec   0x00000090   Code   RO         8001    i.OSIntExit         os_core.o
    0x0800477c   0x0800477c   0x00000040   Code   RO         8002    i.OSSchedLock       os_core.o
    0x080047bc   0x080047bc   0x00000060   Code   RO         8003    i.OSSchedUnlock     os_core.o
    0x0800481c   0x0800481c   0x00000054   Code   RO         8469    i.OSSemCreate       os_sem.o
    0x08004870   0x08004870   0x000000f0   Code   RO         8471    i.OSSemPend         os_sem.o
    0x08004960   0x08004960   0x00000058   Code   RO         8473    i.OSSemPost         os_sem.o
    0x080049b8   0x080049b8   0x00000048   Code   RO         8004    i.OSStart           os_core.o
    0x08004a00   0x08004a00   0x0000004c   Code   RO         8005    i.OSStatInit        os_core.o
    0x08004a4c   0x08004a4c   0x0000000c   Code   RO         8755    i.OSTCBInitHook     os_cpu_c.o
    0x08004a58   0x08004a58   0x000000b8   Code   RO         8524    i.OSTaskCreateExt   os_task.o
    0x08004b10   0x08004b10   0x0000000c   Code   RO         8756    i.OSTaskCreateHook  os_cpu_c.o
    0x08004b1c   0x08004b1c   0x00000160   Code   RO         8525    i.OSTaskDel         os_task.o
    0x08004c7c   0x08004c7c   0x0000000c   Code   RO         8757    i.OSTaskDelHook     os_cpu_c.o
    0x08004c88   0x08004c88   0x00000008   Code   RO         8758    i.OSTaskIdleHook    os_cpu_c.o
    0x08004c90   0x08004c90   0x00000070   Code   RO         8528    i.OSTaskNameSet     os_task.o
    0x08004d00   0x08004d00   0x000000b0   Code   RO         8533    i.OSTaskResume      os_task.o
    0x08004db0   0x08004db0   0x0000000c   Code   RO         8759    i.OSTaskReturnHook  os_cpu_c.o
    0x08004dbc   0x08004dbc   0x00000008   Code   RO         8760    i.OSTaskStatHook    os_cpu_c.o
    0x08004dc4   0x08004dc4   0x00000088   Code   RO         8534    i.OSTaskStkChk      os_task.o
    0x08004e4c   0x08004e4c   0x00000228   Code   RO         8761    i.OSTaskStkInit     os_cpu_c.o
    0x08005074   0x08005074   0x000000a8   Code   RO         8535    i.OSTaskSuspend     os_task.o
    0x0800511c   0x0800511c   0x0000003c   Code   RO         8762    i.OSTaskSwHook      os_cpu_c.o
    0x08005158   0x08005158   0x00000078   Code   RO         8624    i.OSTimeDly         os_time.o
    0x080051d0   0x080051d0   0x000000ec   Code   RO         8006    i.OSTimeTick        os_core.o
    0x080052bc   0x080052bc   0x00000028   Code   RO         8763    i.OSTimeTickHook    os_cpu_c.o
    0x080052e4   0x080052e4   0x00000014   Code   RO         8664    i.OSTmrSignal       os_tmr.o
    0x080052f8   0x080052f8   0x000000f4   Code   RO         8670    i.OSTmr_Init        os_tmr.o
    0x080053ec   0x080053ec   0x00000050   Code   RO         8671    i.OSTmr_InitTask    os_tmr.o
    0x0800543c   0x0800543c   0x0000006c   Code   RO         8672    i.OSTmr_Link        os_tmr.o
    0x080054a8   0x080054a8   0x00000080   Code   RO         8673    i.OSTmr_Task        os_tmr.o
    0x08005528   0x08005528   0x00000044   Code   RO         8674    i.OSTmr_Unlink      os_tmr.o
    0x0800556c   0x0800556c   0x00000002   Code   RO         8008    i.OS_Dummy          os_core.o
    0x0800556e   0x0800556e   0x00000002   PAD
    0x08005570   0x08005570   0x00000090   Code   RO         8009    i.OS_EventTaskRdy   os_core.o
    0x08005600   0x08005600   0x0000002e   Code   RO         8010    i.OS_EventTaskRemove  os_core.o
    0x0800562e   0x0800562e   0x0000003a   Code   RO         8011    i.OS_EventTaskRemoveMulti  os_core.o
    0x08005668   0x08005668   0x0000007c   Code   RO         8012    i.OS_EventTaskWait  os_core.o
    0x080056e4   0x080056e4   0x0000001c   Code   RO         8014    i.OS_EventWaitListInit  os_core.o
    0x08005700   0x08005700   0x00000058   Code   RO         8217    i.OS_FlagInit       os_flag.o
    0x08005758   0x08005758   0x00000024   Code   RO         8219    i.OS_FlagUnlink     os_flag.o
    0x0800577c   0x0800577c   0x00000060   Code   RO         8015    i.OS_InitEventList  os_core.o
    0x080057dc   0x080057dc   0x0000005c   Code   RO         8016    i.OS_InitMisc       os_core.o
    0x08005838   0x08005838   0x00000044   Code   RO         8017    i.OS_InitRdyList    os_core.o
    0x0800587c   0x0800587c   0x00000080   Code   RO         8018    i.OS_InitTCBList    os_core.o
    0x080058fc   0x080058fc   0x00000050   Code   RO         8019    i.OS_InitTaskIdle   os_core.o
    0x0800594c   0x0800594c   0x00000050   Code   RO         8020    i.OS_InitTaskStat   os_core.o
    0x0800599c   0x0800599c   0x00000012   Code   RO         8021    i.OS_MemClr         os_core.o
    0x080059ae   0x080059ae   0x00000002   PAD
    0x080059b0   0x080059b0   0x00000050   Code   RO         8406    i.OS_QInit          os_q.o
    0x08005a00   0x08005a00   0x00000074   Code   RO         8023    i.OS_Sched          os_core.o
    0x08005a74   0x08005a74   0x0000002c   Code   RO         8024    i.OS_SchedNew       os_core.o
    0x08005aa0   0x08005aa0   0x00000140   Code   RO         8026    i.OS_TCBInit        os_core.o
    0x08005be0   0x08005be0   0x00000028   Code   RO         8027    i.OS_TaskIdle       os_core.o
    0x08005c08   0x08005c08   0x00000018   Code   RO         8536    i.OS_TaskReturn     os_task.o
    0x08005c20   0x08005c20   0x000000a0   Code   RO         8028    i.OS_TaskStat       os_core.o
    0x08005cc0   0x08005cc0   0x0000003c   Code   RO         8029    i.OS_TaskStatStkChk  os_core.o
    0x08005cfc   0x08005cfc   0x0000001a   Code   RO         8537    i.OS_TaskStkClr     os_task.o
    0x08005d16   0x08005d16   0x00000002   PAD
    0x08005d18   0x08005d18   0x00000068   Code   RO         6173    i.PCF8574_Init      pcf8574.o
    0x08005d80   0x08005d80   0x00000022   Code   RO         6175    i.PCF8574_ReadOneByte  pcf8574.o
    0x08005da2   0x08005da2   0x00000026   Code   RO         6176    i.PCF8574_WriteBit  pcf8574.o
    0x08005dc8   0x08005dc8   0x00000028   Code   RO         6177    i.PCF8574_WriteOneByte  pcf8574.o
    0x08005df0   0x08005df0   0x0000024a   Code   RO         4600    i.QSPI_Config       stm32h7xx_hal_qspi.o
    0x0800603a   0x0800603a   0x00000002   PAD
    0x0800603c   0x0800603c   0x0000004c   Code   RO         6944    i.QSPI_Init         qspi.o
    0x08006088   0x08006088   0x00000028   Code   RO         6945    i.QSPI_Receive      qspi.o
    0x080060b0   0x080060b0   0x0000004c   Code   RO         6946    i.QSPI_Send_CMD     qspi.o
    0x080060fc   0x080060fc   0x00000028   Code   RO         6947    i.QSPI_Transmit     qspi.o
    0x08006124   0x08006124   0x0000004c   Code   RO         4605    i.QSPI_WaitFlagStateUntilTimeout  stm32h7xx_hal_qspi.o
    0x08006170   0x08006170   0x00000130   Code   RO         1989    i.RCCEx_PLL2_Config  stm32h7xx_hal_rcc_ex.o
    0x080062a0   0x080062a0   0x00000130   Code   RO         1990    i.RCCEx_PLL3_Config  stm32h7xx_hal_rcc_ex.o
    0x080063d0   0x080063d0   0x000000c0   Code   RO         6998    i.RS485_Init        rs485.o
    0x08006490   0x08006490   0x0000004c   Code   RO         6999    i.RS485_Receive_Data  rs485.o
    0x080064dc   0x080064dc   0x00000030   Code   RO         7000    i.RS485_Send_Data   rs485.o
    0x0800650c   0x0800650c   0x0000000e   Code   RO         7001    i.RS485_TX_Set      rs485.o
    0x0800651a   0x0800651a   0x00000002   PAD
    0x0800651c   0x0800651c   0x0000009c   Code   RO          647    i.SCB_EnableDCache  sys.o
    0x080065b8   0x080065b8   0x0000007c   Code   RO          648    i.SCB_EnableICache  sys.o
    0x08006634   0x08006634   0x000000f8   Code   RO          649    i.Stm32_Clock_Init  sys.o
    0x0800672c   0x0800672c   0x00000020   Code   RO          580    i.SysTick_Handler   delay.o
    0x0800674c   0x0800674c   0x00000094   Code   RO          505    i.SystemInit        system_stm32h7xx.o
    0x080067e0   0x080067e0   0x000000ea   Code   RO         2173    i.UART_AdvFeatureConfig  stm32h7xx_hal_uart.o
    0x080068ca   0x080068ca   0x00000074   Code   RO         2174    i.UART_CheckIdleState  stm32h7xx_hal_uart.o
    0x0800693e   0x0800693e   0x00000018   Code   RO         2175    i.UART_DMAAbortOnError  stm32h7xx_hal_uart.o
    0x08006956   0x08006956   0x00000020   Code   RO         2185    i.UART_EndRxTransfer  stm32h7xx_hal_uart.o
    0x08006976   0x08006976   0x00000020   Code   RO         2186    i.UART_EndTransmit_IT  stm32h7xx_hal_uart.o
    0x08006996   0x08006996   0x0000008a   Code   RO         2188    i.UART_Receive_IT   stm32h7xx_hal_uart.o
    0x08006a20   0x08006a20   0x000009a4   Code   RO         2189    i.UART_SetConfig    stm32h7xx_hal_uart.o
    0x080073c4   0x080073c4   0x00000082   Code   RO         2190    i.UART_Transmit_IT  stm32h7xx_hal_uart.o
    0x08007446   0x08007446   0x0000006c   Code   RO         2191    i.UART_WaitOnFlagUntilTimeout  stm32h7xx_hal_uart.o
    0x080074b2   0x080074b2   0x00000002   PAD
    0x080074b4   0x080074b4   0x00000058   Code   RO          707    i.USART1_IRQHandler  usart.o
    0x0800750c   0x0800750c   0x00000048   Code   RO         7002    i.USART2_IRQHandler  rs485.o
    0x08007554   0x08007554   0x00000004   Code   RO          443    i.UsageFault_Handler  stm32h7xx_it.o
    0x08007558   0x08007558   0x0000002e   Code   RO         6824    i.W25QXX_Erase_Sector  w25qxx.o
    0x08007586   0x08007586   0x00000002   PAD
    0x08007588   0x08007588   0x00000078   Code   RO         6825    i.W25QXX_Init       w25qxx.o
    0x08007600   0x08007600   0x00000044   Code   RO         6827    i.W25QXX_Qspi_Enable  w25qxx.o
    0x08007644   0x08007644   0x0000002c   Code   RO         6828    i.W25QXX_Read       w25qxx.o
    0x08007670   0x08007670   0x00000060   Code   RO         6829    i.W25QXX_ReadID     w25qxx.o
    0x080076d0   0x080076d0   0x00000074   Code   RO         6830    i.W25QXX_ReadSR     w25qxx.o
    0x08007744   0x08007744   0x00000014   Code   RO         6831    i.W25QXX_Wait_Busy  w25qxx.o
    0x08007758   0x08007758   0x000000b8   Code   RO         6832    i.W25QXX_Write      w25qxx.o
    0x08007810   0x08007810   0x0000003c   Code   RO         6834    i.W25QXX_Write_Enable  w25qxx.o
    0x0800784c   0x0800784c   0x00000046   Code   RO         6835    i.W25QXX_Write_NoCheck  w25qxx.o
    0x08007892   0x08007892   0x00000034   Code   RO         6836    i.W25QXX_Write_Page  w25qxx.o
    0x080078c6   0x080078c6   0x00000002   PAD
    0x080078c8   0x080078c8   0x0000006c   Code   RO         6837    i.W25QXX_Write_SR   w25qxx.o
    0x08007934   0x08007934   0x00000010   Code   RO         1105    i.__NVIC_GetPriorityGrouping  stm32h7xx_hal_cortex.o
    0x08007944   0x08007944   0x00000028   Code   RO         1106    i.__NVIC_SetPriority  stm32h7xx_hal_cortex.o
    0x0800796c   0x0800796c   0x00000004   Code   RO          708    i._sys_exit         usart.o
    0x08007970   0x08007970   0x00000104   Code   RO            4    i.can_task          main.o
    0x08007a74   0x08007a74   0x00000044   Code   RO          581    i.delay_init        delay.o
    0x08007ab8   0x08007ab8   0x00000050   Code   RO          582    i.delay_ms          delay.o
    0x08007b08   0x08007b08   0x00000008   Code   RO          583    i.delay_osschedlock  delay.o
    0x08007b10   0x08007b10   0x00000008   Code   RO          584    i.delay_osschedunlock  delay.o
    0x08007b18   0x08007b18   0x0000000c   Code   RO          585    i.delay_ostimedly   delay.o
    0x08007b24   0x08007b24   0x00000058   Code   RO          586    i.delay_us          delay.o
    0x08007b7c   0x08007b7c   0x0000001c   Code   RO          709    i.fputc             usart.o
    0x08007b98   0x08007b98   0x000000c0   Code   RO            5    i.key_task          main.o
    0x08007c58   0x08007c58   0x00000030   Code   RO            6    i.led_task          main.o
    0x08007c88   0x08007c88   0x00000088   Code   RO            7    i.main              main.o
    0x08007d10   0x08007d10   0x000000f0   Code   RO            8    i.receive_task      main.o
    0x08007e00   0x08007e00   0x000000d8   Code   RO            9    i.rs485_task        main.o
    0x08007ed8   0x08007ed8   0x000000a4   Code   RO           10    i.send_task         main.o
    0x08007f7c   0x08007f7c   0x000000dc   Code   RO           11    i.sr_task           main.o
    0x08008058   0x08008058   0x000000ac   Code   RO           12    i.ss_task           main.o
    0x08008104   0x08008104   0x000001ac   Code   RO           13    i.start_task        main.o
    0x080082b0   0x080082b0   0x00000038   Code   RO          710    i.uart_init         usart.o
    0x080082e8   0x080082e8   0x0000000a   Code   RO         9138    x$fpl$fpinit        fz_wv.l(fpinit.o)
    0x080082f2   0x080082f2   0x00000050   Data   RO           15    .constdata          main.o
    0x08008342   0x08008342   0x00000040   Data   RO          506    .constdata          system_stm32h7xx.o
    0x08008382   0x08008382   0x00000030   Data   RO         2192    .constdata          stm32h7xx_hal_uart.o
    0x080083b2   0x080083b2   0x00000053   Data   RO         4909    .constdata          stm32h7xx_hal_fdcan.o
    0x08008405   0x08008405   0x00000100   Data   RO         8031    .constdata          os_core.o
    0x08008505   0x08008505   0x00000028   Data   RO         8947    .constdata          c_w.l(_printf_hex_int.o)
    0x0800852d   0x0800852d   0x00000003   PAD
    0x08008530   0x08008530   0x00000020   Data   RO         9196    Region$$Table       anon$$obj.o


    Execution Region RW_IRAM2 (Exec base: 0x24000000, Load base: 0x08008550, Size: 0x00004a30, Max: 0x00080000, ABSOLUTE)

    Exec Addr    Load Addr    Size         Type   Attr      Idx    E Section Name        Object

    0x24000000   0x08008550   0x0000000f   Data   RW           16    .data               main.o
    0x2400000f   0x0800855f   0x00000001   PAD
    0x24000010   0x08008560   0x00000008   Data   RW          507    .data               system_stm32h7xx.o
    0x24000018   0x08008568   0x00000006   Data   RW          588    .data               delay.o
    0x2400001e   0x0800856e   0x00000002   PAD
    0x24000020   0x08008570   0x00000007   Data   RW          713    .data               usart.o
    0x24000027   0x08008577   0x00000001   PAD
    0x24000028   0x08008578   0x00000009   Data   RW          821    .data               stm32h7xx_hal.o
    0x24000031   0x08008581   0x00000001   Data   RW         5760    .data               key.o
    0x24000032   0x08008582   0x00000003   Data   RW         6840    .data               w25qxx.o
    0x24000035   0x08008585   0x00000001   Data   RW         7005    .data               rs485.o
    0x24000036   0x08008586   0x00000002   PAD
    0x24000038   0x08008588   0x00000060   Data   RW         8032    .data               os_core.o
    0x24000098   0x080085e8   0x00000006   Data   RW         8768    .data               os_cpu_c.o
    0x2400009e   0x080085ee   0x00000002   PAD
    0x240000a0        -       0x00001410   Zero   RW           14    .bss                main.o
    0x240014b0        -       0x00000148   Zero   RW          711    .bss                usart.o
    0x240015f8        -       0x00001000   Zero   RW         6838    .bss                w25qxx.o
    0x240025f8        -       0x0000004c   Zero   RW         6948    .bss                qspi.o
    0x24002644        -       0x000000c0   Zero   RW         7003    .bss                rs485.o
    0x24002704        -       0x000000e8   Zero   RW         7059    .bss                fdcan.o
    0x240027ec        -       0x000013e0   Zero   RW         8030    .bss                os_core.o
    0x24003bcc        -       0x00000200   Zero   RW         8766    .bss                os_cpu_c.o
    0x24003dcc        -       0x00000060   Zero   RW         9054    .bss                c_w.l(libspace.o)
    0x24003e2c   0x080085ee   0x00000004   PAD
    0x24003e30        -       0x00000200   Zero   RW          571    HEAP                startup_stm32h743xx.o
    0x24004030        -       0x00000a00   Zero   RW          570    STACK               startup_stm32h743xx.o



  Load Region LR$$.ARM.__AT_0x00000000 (Base: 0x00000000, Size: 0x00000000, Max: 0x0000f000, ABSOLUTE)

    Execution Region ER$$.ARM.__AT_0x00000000 (Exec base: 0x00000000, Load base: 0x00000000, Size: 0x0000f000, Max: 0x0000f000, ABSOLUTE, UNINIT)

    Exec Addr    Load Addr    Size         Type   Attr      Idx    E Section Name        Object

    0x00000000        -       0x0000f000   Zero   RW         7115    .ARM.__AT_0x00000000  malloc.o



  Load Region LR$$.ARM.__AT_0x0000F000 (Base: 0x0000f000, Size: 0x00000000, Max: 0x00000f00, ABSOLUTE)

    Execution Region ER$$.ARM.__AT_0x0000F000 (Exec base: 0x0000f000, Load base: 0x0000f000, Size: 0x00000f00, Max: 0x00000f00, ABSOLUTE, UNINIT)

    Exec Addr    Load Addr    Size         Type   Attr      Idx    E Section Name        Object

    0x0000f000        -       0x00000f00   Zero   RW         7116    .ARM.__AT_0x0000F000  malloc.o



  Load Region LR$$.ARM.__AT_0x20000000 (Base: 0x20000000, Size: 0x00000000, Max: 0x0001e000, ABSOLUTE)

    Execution Region ER$$.ARM.__AT_0x20000000 (Exec base: 0x20000000, Load base: 0x20000000, Size: 0x0001e000, Max: 0x0001e000, ABSOLUTE, UNINIT)

    Exec Addr    Load Addr    Size         Type   Attr      Idx    E Section Name        Object

    0x20000000        -       0x0001e000   Zero   RW         7117    .ARM.__AT_0x20000000  malloc.o



  Load Region LR$$.ARM.__AT_0x2001E000 (Base: 0x2001e000, Size: 0x00000000, Max: 0x00001e00, ABSOLUTE)

    Execution Region ER$$.ARM.__AT_0x2001E000 (Exec base: 0x2001e000, Load base: 0x2001e000, Size: 0x00001e00, Max: 0x00001e00, ABSOLUTE, UNINIT)

    Exec Addr    Load Addr    Size         Type   Attr      Idx    E Section Name        Object

    0x2001e000        -       0x00001e00   Zero   RW         7118    .ARM.__AT_0x2001E000  malloc.o



  Load Region LR$$.ARM.__AT_0x30000000 (Base: 0x30000000, Size: 0x00000000, Max: 0x0003c000, ABSOLUTE)

    Execution Region ER$$.ARM.__AT_0x30000000 (Exec base: 0x30000000, Load base: 0x30000000, Size: 0x0003c000, Max: 0x0003c000, ABSOLUTE, UNINIT)

    Exec Addr    Load Addr    Size         Type   Attr      Idx    E Section Name        Object

    0x30000000        -       0x0003c000   Zero   RW         7119    .ARM.__AT_0x30000000  malloc.o



  Load Region LR$$.ARM.__AT_0x3003C000 (Base: 0x3003c000, Size: 0x00000000, Max: 0x00003c00, ABSOLUTE)

    Execution Region ER$$.ARM.__AT_0x3003C000 (Exec base: 0x3003c000, Load base: 0x3003c000, Size: 0x00003c00, Max: 0x00003c00, ABSOLUTE, UNINIT)

    Exec Addr    Load Addr    Size         Type   Attr      Idx    E Section Name        Object

    0x3003c000        -       0x00003c00   Zero   RW         7120    .ARM.__AT_0x3003C000  malloc.o



  Load Region LR$$.ARM.__AT_0x38000000 (Base: 0x38000000, Size: 0x00000000, Max: 0x0000f000, ABSOLUTE)

    Execution Region ER$$.ARM.__AT_0x38000000 (Exec base: 0x38000000, Load base: 0x38000000, Size: 0x0000f000, Max: 0x0000f000, ABSOLUTE, UNINIT)

    Exec Addr    Load Addr    Size         Type   Attr      Idx    E Section Name        Object

    0x38000000        -       0x0000f000   Zero   RW         7121    .ARM.__AT_0x38000000  malloc.o



  Load Region LR$$.ARM.__AT_0x3800F000 (Base: 0x3800f000, Size: 0x00000000, Max: 0x00000f00, ABSOLUTE)

    Execution Region ER$$.ARM.__AT_0x3800F000 (Exec base: 0x3800f000, Load base: 0x3800f000, Size: 0x00000f00, Max: 0x00000f00, ABSOLUTE, UNINIT)

    Exec Addr    Load Addr    Size         Type   Attr      Idx    E Section Name        Object

    0x3800f000        -       0x00000f00   Zero   RW         7122    .ARM.__AT_0x3800F000  malloc.o



  Load Region LR$$.ARM.__AT_0xC0000000 (Base: 0xc0000000, Size: 0x00000000, Max: 0x001f4000, ABSOLUTE)

    Execution Region ER$$.ARM.__AT_0xC0000000 (Exec base: 0xc0000000, Load base: 0xc0000000, Size: 0x001f4000, Max: 0x001f4000, ABSOLUTE, UNINIT)

    Exec Addr    Load Addr    Size         Type   Attr      Idx    E Section Name        Object

    0xc0000000        -       0x001f4000   Zero   RW         6036    .ARM.__AT_0xC0000000  ltdc.o



  Load Region LR$$.ARM.__AT_0xC01F4000 (Base: 0xc01f4000, Size: 0x00000000, Max: 0x01c3c000, ABSOLUTE)

    Execution Region ER$$.ARM.__AT_0xC01F4000 (Exec base: 0xc01f4000, Load base: 0xc01f4000, Size: 0x01c3c000, Max: 0x01c3c000, ABSOLUTE, UNINIT)

    Exec Addr    Load Addr    Size         Type   Attr      Idx    E Section Name        Object

    0xc01f4000        -       0x01c3c000   Zero   RW         7123    .ARM.__AT_0xC01F4000  malloc.o



  Load Region LR$$.ARM.__AT_0xC1E30000 (Base: 0xc1e30000, Size: 0x00000000, Max: 0x001c3c00, ABSOLUTE)

    Execution Region ER$$.ARM.__AT_0xC1E30000 (Exec base: 0xc1e30000, Load base: 0xc1e30000, Size: 0x001c3c00, Max: 0x001c3c00, ABSOLUTE, UNINIT)

    Exec Addr    Load Addr    Size         Type   Attr      Idx    E Section Name        Object

    0xc1e30000        -       0x001c3c00   Zero   RW         7124    .ARM.__AT_0xC1E30000  malloc.o


==============================================================================

Image component sizes


      Code (inc. data)   RO Data    RW Data    ZI Data      Debug   Object Name

       292          0          0          0          0       3923   24cxx.o
        22          0          0          0          0       3908   app_hooks.o
       296         32          0          6          0       3977   delay.o
       420         40          0          0        232       4093   fdcan.o
       376         34          0          1          0       1646   key.o
        88         10          0          0          0        819   led.o
         0          0          0          0    2048000       1697   ltdc.o
      2076        626         80         15       5136    1262446   main.o
         0          0          0          0   31978496       2377   malloc.o
       760         52          0          0          0       4722   myiic.o
      2564        432        256         96       5088      26060   os_core.o
       220         36          0          0          0        400   os_cpu_a.o
       774        138          0          6        512      16603   os_cpu_c.o
       124         14          0          0          0       1270   os_flag.o
        80          8          0          0          0        595   os_q.o
       412         24          0          0          0       2546   os_sem.o
      1178        122          0          0          0       6876   os_task.o
       120         20          0          0          0        664   os_time.o
       648        138          0          0          0       4071   os_tmr.o
       216          8          0          0          0       2715   pcf8574.o
       420         36          0          0         76       4001   qspi.o
       402         46          0          1        192       3763   rs485.o
       104         34        664          0       3072        828   startup_stm32h743xx.o
       160         32          0          9          0       3807   stm32h7xx_hal.o
       342         22          0          0          0      39233   stm32h7xx_hal_cortex.o
       248         12          0          0          0       2031   stm32h7xx_hal_dma.o
      2582         40         83          0          0    1058614   stm32h7xx_hal_fdcan.o
       622         54          0          0          0       3672   stm32h7xx_hal_gpio.o
         2          0          0          0          0        426   stm32h7xx_hal_msp.o
      1520          8          0          0          0       6900   stm32h7xx_hal_qspi.o
      3048         86          0          0          0       5832   stm32h7xx_hal_rcc.o
      4692        118          0          0          0       7235   stm32h7xx_hal_rcc_ex.o
      4566        140         48          0          0      14551   stm32h7xx_hal_uart.o
         2          0          0          0          0        928   stm32h7xx_hal_uart_ex.o
        20          0          0          0          0       2577   stm32h7xx_it.o
       556         30          0          0          0      37185   sys.o
       148         18         64          8          0       1178   system_stm32h7xx.o
       464         62          0          7        328       5361   usart.o
       984         36          0          3       4096       8176   w25qxx.o

    ----------------------------------------------------------------------
     31580       2508       1227        160   34045228    2557706   Object Totals
         0          0         32          0          0          0   (incl. Generated)
        32          0          0          8          0          0   (incl. Padding)

    ----------------------------------------------------------------------

      Code (inc. data)   RO Data    RW Data    ZI Data      Debug   Library Member Name

         8          0          0          0          0         68   __main.o
       104          0          0          0          0         84   __printf.o
         0          0          0          0          0          0   __rtentry.o
        12          0          0          0          0          0   __rtentry2.o
         6          0          0          0          0          0   __rtentry4.o
        52          8          0          0          0          0   __scatter.o
        26          0          0          0          0          0   __scatter_copy.o
        28          0          0          0          0          0   __scatter_zi.o
         6          0          0          0          0          0   _printf_c.o
        44          0          0          0          0        108   _printf_char.o
        48          6          0          0          0         96   _printf_char_common.o
        36          4          0          0          0         80   _printf_char_file.o
         6          0          0          0          0          0   _printf_d.o
       120         16          0          0          0         92   _printf_dec.o
        88          4         40          0          0         88   _printf_hex_int.o
       178          0          0          0          0         88   _printf_intcommon.o
         0          0          0          0          0          0   _printf_percent.o
         4          0          0          0          0          0   _printf_percent_end.o
        82          0          0          0          0         80   _printf_str.o
         6          0          0          0          0          0   _printf_u.o
         6          0          0          0          0          0   _printf_x.o
        18          0          0          0          0         80   exit.o
         8          0          0          0          0         68   ferror.o
         6          0          0          0          0        152   heapauxi.o
         2          0          0          0          0          0   libinit.o
         6          0          0          0          0          0   libinit2.o
         2          0          0          0          0          0   libshutdown.o
         2          0          0          0          0          0   libshutdown2.o
         8          4          0          0         96         68   libspace.o
       238          0          0          0          0        100   lludivv7m.o
        24          4          0          0          0         84   noretval__2printf.o
         2          0          0          0          0          0   rtexit.o
        10          0          0          0          0          0   rtexit2.o
        74          0          0          0          0         80   sys_stackheap_outer.o
        10          0          0          0          0        116   fpinit.o

    ----------------------------------------------------------------------
      1278         46         43          0        100       1532   Library Totals
         8          0          3          0          4          0   (incl. Padding)

    ----------------------------------------------------------------------

      Code (inc. data)   RO Data    RW Data    ZI Data      Debug   Library Name

      1260         46         40          0         96       1416   c_w.l
        10          0          0          0          0        116   fz_wv.l

    ----------------------------------------------------------------------
      1278         46         43          0        100       1532   Library Totals

    ----------------------------------------------------------------------

==============================================================================


      Code (inc. data)   RO Data    RW Data    ZI Data      Debug   

     32858       2554       1270        160   34045328    2537714   Grand Totals
     32858       2554       1270        160   34045328    2537714   ELF Image Totals
     32858       2554       1270        160          0          0   ROM Totals

==============================================================================

    Total RO  Size (Code + RO Data)                34128 (  33.33kB)
    Total RW  Size (RW Data + ZI Data)          34045488 (33247.55kB)
    Total ROM Size (Code + RO Data + RW Data)      34288 (  33.48kB)

==============================================================================

