Component: ARM Compiler 5.06 update 7 (build 960) Tool: armlink [4d3601]

==============================================================================

Section Cross References

    main.o(i.key_task) refers to _printf_percent.o(.ARM.Collect$$_printf_percent$$00000000) for _printf_percent
    main.o(i.key_task) refers to _printf_u.o(.ARM.Collect$$_printf_percent$$0000000A) for _printf_u
    main.o(i.key_task) refers to _printf_dec.o(.text) for _printf_int_dec
    main.o(i.key_task) refers to key.o(i.KEY_Scan) for KEY_Scan
    main.o(i.key_task) refers to noretval__2printf.o(.text) for __2printf
    main.o(i.key_task) refers to os_task.o(i.OSTaskSuspend) for OSTaskSuspend
    main.o(i.key_task) refers to os_task.o(i.OSTaskResume) for OSTaskResume
    main.o(i.key_task) refers to delay.o(i.delay_ms) for delay_ms
    main.o(i.led_task) refers to delay.o(i.delay_ms) for delay_ms
    main.o(i.led_task) refers to stm32h7xx_hal_gpio.o(i.HAL_GPIO_WritePin) for HAL_GPIO_WritePin
    main.o(i.main) refers to sys.o(i.Cache_Enable) for Cache_Enable
    main.o(i.main) refers to stm32h7xx_hal.o(i.HAL_Init) for HAL_Init
    main.o(i.main) refers to sys.o(i.Stm32_Clock_Init) for Stm32_Clock_Init
    main.o(i.main) refers to delay.o(i.delay_init) for delay_init
    main.o(i.main) refers to usart.o(i.uart_init) for uart_init
    main.o(i.main) refers to led.o(i.LED_Init) for LED_Init
    main.o(i.main) refers to key.o(i.KEY_Init) for KEY_Init
    main.o(i.main) refers to 24cxx.o(i.AT24CXX_Init) for AT24CXX_Init
    main.o(i.main) refers to os_core.o(i.OSInit) for OSInit
    main.o(i.main) refers to os_task.o(i.OSTaskCreateExt) for OSTaskCreateExt
    main.o(i.main) refers to os_core.o(i.OSStart) for OSStart
    main.o(i.main) refers to main.o(.bss) for START_TASK_STK
    main.o(i.main) refers to main.o(i.start_task) for start_task
    main.o(i.receive_task) refers to _printf_percent.o(.ARM.Collect$$_printf_percent$$00000000) for _printf_percent
    main.o(i.receive_task) refers to _printf_x.o(.ARM.Collect$$_printf_percent$$0000000C) for _printf_x
    main.o(i.receive_task) refers to _printf_hex_int.o(.text) for _printf_longlong_hex
    main.o(i.receive_task) refers to _printf_c.o(.ARM.Collect$$_printf_percent$$00000013) for _printf_c
    main.o(i.receive_task) refers to _printf_str.o(.text) for _printf_str
    main.o(i.receive_task) refers to noretval__2printf.o(.text) for __2printf
    main.o(i.receive_task) refers to delay.o(i.delay_ms) for delay_ms
    main.o(i.receive_task) refers to stm32h7xx_hal_gpio.o(i.HAL_GPIO_TogglePin) for HAL_GPIO_TogglePin
    main.o(i.receive_task) refers to 24cxx.o(i.AT24CXX_Check) for AT24CXX_Check
    main.o(i.receive_task) refers to 24cxx.o(i.AT24CXX_Write) for AT24CXX_Write
    main.o(i.receive_task) refers to os_task.o(i.OSTaskResume) for OSTaskResume
    main.o(i.receive_task) refers to usart.o(.data) for USART_RX_STA
    main.o(i.receive_task) refers to usart.o(.bss) for USART_RX_BUF
    main.o(i.send_task) refers to os_task.o(i.OSTaskSuspend) for OSTaskSuspend
    main.o(i.send_task) refers to noretval__2printf.o(.text) for __2printf
    main.o(i.send_task) refers to delay.o(i.delay_ms) for delay_ms
    main.o(i.send_task) refers to stm32h7xx_hal_gpio.o(i.HAL_GPIO_TogglePin) for HAL_GPIO_TogglePin
    main.o(i.send_task) refers to 24cxx.o(i.AT24CXX_Check) for AT24CXX_Check
    main.o(i.send_task) refers to 24cxx.o(i.AT24CXX_Read) for AT24CXX_Read
    main.o(i.send_task) refers to stm32h7xx_hal_uart.o(i.HAL_UART_Transmit) for HAL_UART_Transmit
    main.o(i.send_task) refers to main.o(.constdata) for TEXT_Buffer
    main.o(i.send_task) refers to usart.o(.bss) for UART1_Handler
    main.o(i.send_task) refers to usart.o(.data) for USART_RX_STA
    main.o(i.start_task) refers to noretval__2printf.o(.text) for __2printf
    main.o(i.start_task) refers to os_core.o(i.OSStatInit) for OSStatInit
    main.o(i.start_task) refers to os_cpu_a.o(.text) for OS_CPU_SR_Save
    main.o(i.start_task) refers to os_task.o(i.OSTaskCreateExt) for OSTaskCreateExt
    main.o(i.start_task) refers to os_task.o(i.OSTaskSuspend) for OSTaskSuspend
    main.o(i.start_task) refers to main.o(.bss) for LED_TASK_STK
    main.o(i.start_task) refers to main.o(i.led_task) for led_task
    main.o(i.start_task) refers to main.o(i.key_task) for key_task
    main.o(i.start_task) refers to main.o(i.receive_task) for receive_task
    main.o(i.start_task) refers to main.o(i.send_task) for send_task
    main.o(i.start_task) refers to main.o(i.sr_task) for sr_task
    main.o(i.start_task) refers to main.o(i.ss_task) for ss_task
    system_stm32h7xx.o(i.SystemCoreClockUpdate) refers to system_stm32h7xx.o(.data) for SystemCoreClock
    system_stm32h7xx.o(i.SystemCoreClockUpdate) refers to system_stm32h7xx.o(.constdata) for D1CorePrescTable
    startup_stm32h743xx.o(STACK) refers (Special) to heapauxi.o(.text) for __use_two_region_memory
[...]
    .constdata                               0x0800578a   Section      256  os_core.o(.constdata)
    .constdata                               0x0800588a   Section       40  _printf_hex_int.o(.constdata)
    uc_hextab                                0x0800588a   Data          20  _printf_hex_int.o(.constdata)
    lc_hextab                                0x0800589e   Data          20  _printf_hex_int.o(.constdata)
    .ARM.__AT_0x20000000                     0x20000000   Section    122880  malloc.o(.ARM.__AT_0x20000000)
    .ARM.__AT_0x2001E000                     0x2001e000   Section     7680  malloc.o(.ARM.__AT_0x2001E000)
    .data                                    0x24000000   Section        8  system_stm32h7xx.o(.data)
    .data                                    0x24000008   Section        6  delay.o(.data)
    fac_us                                   0x24000008   Data           4  delay.o(.data)
    fac_ms                                   0x2400000c   Data           2  delay.o(.data)
    .data                                    0x24000010   Section        7  usart.o(.data)
    .data                                    0x24000018   Section        9  stm32h7xx_hal.o(.data)
    uwTick                                   0x24000018   Data           4  stm32h7xx_hal.o(.data)
    uwTickPrio                               0x2400001c   Data           4  stm32h7xx_hal.o(.data)
    uwTickFreq                               0x24000020   Data           1  stm32h7xx_hal.o(.data)
    .data                                    0x24000021   Section        1  key.o(.data)
    key_up                                   0x24000021   Data           1  key.o(.data)
    .data                                    0x24000024   Section       96  os_core.o(.data)
    .data                                    0x24000084   Section        6  os_cpu_c.o(.data)
    OSTmrCtr                                 0x24000088   Data           2  os_cpu_c.o(.data)
    .bss                                     0x2400008c   Section     3584  main.o(.bss)
    .bss                                     0x24000e8c   Section      328  usart.o(.bss)
    .bss                                     0x24000fd4   Section     5088  os_core.o(.bss)
    .bss                                     0x240023b4   Section      512  os_cpu_c.o(.bss)
    .bss                                     0x240025b4   Section       96  libspace.o(.bss)
    HEAP                                     0x24002618   Section      512  startup_stm32h743xx.o(HEAP)
    Heap_Mem                                 0x24002618   Data         512  startup_stm32h743xx.o(HEAP)
    STACK                                    0x24002818   Section     2560  startup_stm32h743xx.o(STACK)
    Stack_Mem                                0x24002818   Data        2560  startup_stm32h743xx.o(STACK)
    __initial_sp                             0x24003218   Data           0  startup_stm32h743xx.o(STACK)
    .ARM.__AT_0x30000000                     0x30000000   Section    245760  malloc.o(.ARM.__AT_0x30000000)
    .ARM.__AT_0x3003C000                     0x3003c000   Section    15360  malloc.o(.ARM.__AT_0x3003C000)
    .ARM.__AT_0x38000000                     0x38000000   Section    61440  malloc.o(.ARM.__AT_0x38000000)
    .ARM.__AT_0x3800F000                     0x3800f000   Section     3840  malloc.o(.ARM.__AT_0x3800F000)
    .ARM.__AT_0xC0000000                     0xc0000000   Section    2048000  ltdc.o(.ARM.__AT_0xC0000000)
    .ARM.__AT_0xC01F4000                     0xc01f4000   Section    29605888  malloc.o(.ARM.__AT_0xC01F4000)
    .ARM.__AT_0xC1E30000                     0xc1e30000   Section    1850368  malloc.o(.ARM.__AT_0xC1E30000)

    Global Symbols

    Symbol Name                              Value     Ov Type        Size  Object(Section)

    BuildAttributes$$THM_ISAv4$E$P$D$K$B$S$7EM$VFPv5_D16$PE$PLD8$A:L22UL41UL21$X:L11$S22US41US21$IEEE1$IW$USESV6$~STKCKD$USESV7$~SHL$OTIME$ROPI$IEEEJ$EBA8$UX$STANDARDLIB$REQ8$PRES8$EABIv2 0x00000000   Number         0  anon$$obj.o ABSOLUTE
    __ARM_use_no_argv                        0x00000000   Number         0  main.o ABSOLUTE
    mem6base                                 0x00000000   Data       61440  malloc.o(.ARM.__AT_0x00000000)
    __ARM_exceptions_init                     - Undefined Weak Reference
    __alloca_initialize                       - Undefined Weak Reference
    __arm_fini_                               - Undefined Weak Reference
    __arm_preinit_                            - Undefined Weak Reference
    __cpp_initialize__aeabi_                  - Undefined Weak Reference
    __cxa_finalize                            - Undefined Weak Reference
    __rt_locale                               - Undefined Weak Reference
    __sigvec_lookup                           - Undefined Weak Reference
    _atexit_init                              - Undefined Weak Reference
    _call_atexit_fns                          - Undefined Weak Reference
    _clock_init                               - Undefined Weak Reference
    _fp_trap_init                             - Undefined Weak Reference
    _fp_trap_shutdown                         - Undefined Weak Reference
    _get_lc_collate                           - Undefined Weak Reference
    _get_lc_ctype                             - Undefined Weak Reference
    _get_lc_monetary                          - Undefined Weak Reference
    _get_lc_numeric                           - Undefined Weak Reference
    _get_lc_time                              - Undefined Weak Reference
    _getenv_init                              - Undefined Weak Reference
    _handle_redirection                       - Undefined Weak Reference
    _init_alloc                               - Undefined Weak Reference
    _init_user_alloc                          - Undefined Weak Reference
    _initio                                   - Undefined Weak Reference
    _mutex_acquire                            - Undefined Weak Reference
    _mutex_release                            - Undefined Weak Reference
    _printf_mbtowc                            - Undefined Weak Reference
    _printf_post_padding                      - Undefined Weak Reference
    _printf_pre_padding                       - Undefined Weak Reference
    _printf_truncate_signed                   - Undefined Weak Reference
    _printf_truncate_unsigned                 - Undefined Weak Reference
    _rand_init                                - Undefined Weak Reference
    _signal_finish                            - Undefined Weak Reference
    _signal_init                              - Undefined Weak Reference
    _terminate_alloc                          - Undefined Weak Reference
    _terminate_user_alloc                     - Undefined Weak Reference
    _terminateio                              - Undefined Weak Reference
    __Vectors_Size                           0x00000298   Number         0  startup_stm32h743xx.o ABSOLUTE
    mem6mapbase                              0x0000f000   Data        3840  malloc.o(.ARM.__AT_0x0000F000)
    __Vectors                                0x08000000   Data           4  startup_stm32h743xx.o(RESET)
    __Vectors_End                            0x08000298   Data           0  startup_stm32h743xx.o(RESET)
    __main                                   0x08000299   Thumb Code     8  __main.o(!!!main)
    __scatterload                            0x080002a1   Thumb Code     0  __scatter.o(!!!scatter)
    __scatterload_rt2                        0x080002a1   Thumb Code    44  __scatter.o(!!!scatter)
    __scatterload_rt2_thumb_only             0x080002a1   Thumb Code     0  __scatter.o(!!!scatter)
    __scatterload_null                       0x080002af   Thumb Code     0  __scatter.o(!!!scatter)
    __scatterload_copy                       0x080002d5   Thumb Code    26  __scatter_copy.o(!!handler_copy)
    __scatterload_zeroinit                   0x080002f1   Thumb Code    28  __scatter_zi.o(!!handler_zi)
    _printf_percent                          0x0800030d   Thumb Code     0  _printf_percent.o(.ARM.Collect$$_printf_percent$$00000000)
    _printf_u                                0x0800030d   Thumb Code     0  _printf_u.o(.ARM.Collect$$_printf_percent$$0000000A)
    _printf_x                                0x08000313   Thumb Code     0  _printf_x.o(.ARM.Collect$$_printf_percent$$0000000C)
    _printf_c                                0x08000319   Thumb Code     0  _printf_c.o(.ARM.Collect$$_printf_percent$$00000013)
    _printf_percent_end                      0x0800031f   Thumb Code     0  _printf_percent_end.o(.ARM.Collect$$_printf_percent$$00000017)
    __rt_lib_init                            0x08000323   Thumb Code     0  libinit.o(.ARM.Collect$$libinit$$00000000)
    __rt_lib_init_fp_1                       0x08000325   Thumb Code     0  libinit2.o(.ARM.Collect$$libinit$$00000001)
    __rt_lib_init_alloca_1                   0x08000329   Thumb Code     0  libinit2.o(.ARM.Collect$$libinit$$0000002E)
    __rt_lib_init_argv_1                     0x08000329   Thumb Code     0  libinit2.o(.ARM.Collect$$libinit$$0000002C)
    __rt_lib_init_atexit_1                   0x08000329   Thumb Code     0  libinit2.o(.ARM.Collect$$libinit$$0000001B)
    __rt_lib_init_clock_1                    0x08000329   Thumb Code     0  libinit2.o(.ARM.Collect$$libinit$$00000021)
    __rt_lib_init_cpp_1                      0x08000329   Thumb Code     0  libinit2.o(.ARM.Collect$$libinit$$00000032)
    __rt_lib_init_exceptions_1               0x08000329   Thumb Code     0  libinit2.o(.ARM.Collect$$libinit$$00000030)
    __rt_lib_init_fp_trap_1                  0x08000329   Thumb Code     0  libinit2.o(.ARM.Collect$$libinit$$0000001F)
    __rt_lib_init_getenv_1                   0x08000329   Thumb Code     0  libinit2.o(.ARM.Collect$$libinit$$00000023)
    __rt_lib_init_heap_1                     0x08000329   Thumb Code     0  libinit2.o(.ARM.Collect$$libinit$$0000000A)
    __rt_lib_init_lc_collate_1               0x08000329   Thumb Code     0  libinit2.o(.ARM.Collect$$libinit$$00000011)
    __rt_lib_init_lc_ctype_1                 0x08000329   Thumb Code     0  libinit2.o(.ARM.Collect$$libinit$$00000013)
    __rt_lib_init_lc_monetary_1              0x08000329   Thumb Code     0  libinit2.o(.ARM.Collect$$libinit$$00000015)
    __rt_lib_init_lc_numeric_1               0x08000329   Thumb Code     0  libinit2.o(.ARM.Collect$$libinit$$00000017)
    __rt_lib_init_lc_time_1                  0x08000329   Thumb Code     0  libinit2.o(.ARM.Collect$$libinit$$00000019)
    __rt_lib_init_preinit_1                  0x08000329   Thumb Code     0  libinit2.o(.ARM.Collect$$libinit$$00000004)
    __rt_lib_init_rand_1                     0x08000329   Thumb Code     0  libinit2.o(.ARM.Collect$$libinit$$0000000E)
    __rt_lib_init_return                     0x08000329   Thumb Code     0  libinit2.o(.ARM.Collect$$libinit$$00000033)
    __rt_lib_init_signal_1                   0x08000329   Thumb Code     0  libinit2.o(.ARM.Collect$$libinit$$0000001D)
    __rt_lib_init_stdio_1                    0x08000329   Thumb Code     0  libinit2.o(.ARM.Collect$$libinit$$00000025)
    __rt_lib_init_user_alloc_1               0x08000329   Thumb Code     0  libinit2.o(.ARM.Collect$$libinit$$0000000C)
    __rt_lib_shutdown                        0x0800032b   Thumb Code     0  libshutdown.o(.ARM.Collect$$libshutdown$$00000000)
    __rt_lib_shutdown_cpp_1                  0x0800032d   Thumb Code     0  libshutdown2.o(.ARM.Collect$$libshutdown$$00000004)
    __rt_lib_shutdown_fini_1                 0x0800032d   Thumb Code     0  libshutdown2.o(.ARM.Collect$$libshutdown$$00000002)
    __rt_lib_shutdown_fp_trap_1              0x0800032d   Thumb Code     0  libshutdown2.o(.ARM.Collect$$libshutdown$$00000009)
    __rt_lib_shutdown_heap_1                 0x0800032d   Thumb Code     0  libshutdown2.o(.ARM.Collect$$libshutdown$$00000011)
    __rt_lib_shutdown_return                 0x0800032d   Thumb Code     0  libshutdown2.o(.ARM.Collect$$libshutdown$$00000012)
    __rt_lib_shutdown_signal_1               0x0800032d   Thumb Code     0  libshutdown2.o(.ARM.Collect$$libshutdown$$0000000C)
    __rt_lib_shutdown_stdio_1                0x0800032d   Thumb Code     0  libshutdown2.o(.ARM.Collect$$libshutdown$$00000006)
    __rt_lib_shutdown_user_alloc_1           0x0800032d   Thumb Code     0  libshutdown2.o(.ARM.Collect$$libshutdown$$0000000E)
    __rt_entry                               0x0800032f   Thumb Code     0  __rtentry.o(.ARM.Collect$$rtentry$$00000000)
    __rt_entry_presh_1                       0x0800032f   Thumb Code     0  __rtentry2.o(.ARM.Collect$$rtentry$$00000002)
    __rt_entry_sh                            0x0800032f   Thumb Code     0  __rtentry4.o(.ARM.Collect$$rtentry$$00000004)
    __rt_entry_li                            0x08000335   Thumb Code     0  __rtentry2.o(.ARM.Collect$$rtentry$$0000000A)
    __rt_entry_postsh_1                      0x08000335   Thumb Code     0  __rtentry2.o(.ARM.Collect$$rtentry$$00000009)
    __rt_entry_main                          0x08000339   Thumb Code     0  __rtentry2.o(.ARM.Collect$$rtentry$$0000000D)
    __rt_entry_postli_1                      0x08000339   Thumb Code     0  __rtentry2.o(.ARM.Collect$$rtentry$$0000000C)
    __rt_exit                                0x08000341   Thumb Code     0  rtexit.o(.ARM.Collect$$rtexit$$00000000)
    __rt_exit_ls                             0x08000343   Thumb Code     0  rtexit2.o(.ARM.Collect$$rtexit$$00000003)
    __rt_exit_prels_1                        0x08000343   Thumb Code     0  rtexit2.o(.ARM.Collect$$rtexit$$00000002)
    __rt_exit_exit                           0x08000347   Thumb Code     0  rtexit2.o(.ARM.Collect$$rtexit$$00000004)
    Reset_Handler                            0x0800034d   Thumb Code    40  startup_stm32h743xx.o(.text)
    SVC_Handler                              0x0800037f   Thumb Code     2  startup_stm32h743xx.o(.text)
    ADC3_IRQHandler                          0x08000387   Thumb Code     0  startup_stm32h743xx.o(.text)
    ADC_IRQHandler                           0x08000387   Thumb Code     0  startup_stm32h743xx.o(.text)
    BDMA_Channel0_IRQHandler                 0x08000387   Thumb Code     0  startup_stm32h743xx.o(.text)
    BDMA_Channel1_IRQHandler                 0x08000387   Thumb Code     0  startup_stm32h743xx.o(.text)
    BDMA_Channel2_IRQHandler                 0x08000387   Thumb Code     0  startup_stm32h743xx.o(.text)
    BDMA_Channel3_IRQHandler                 0x08000387   Thumb Code     0  startup_stm32h743xx.o(.text)
    BDMA_Channel4_IRQHandler                 0x08000387   Thumb Code     0  startup_stm32h743xx.o(.text)
    BDMA_Channel5_IRQHandler                 0x08000387   Thumb Code     0  startup_stm32h743xx.o(.text)
    BDMA_Channel6_IRQHandler                 0x08000387   Thumb Code     0  startup_stm32h743xx.o(.text)
    BDMA_Channel7_IRQHandler                 0x08000387   Thumb Code     0  startup_stm32h743xx.o(.text)
    CEC_IRQHandler                           0x08000387   Thumb Code     0  startup_stm32h743xx.o(.text)
    COMP1_IRQHandler                         0x08000387   Thumb Code     0  startup_stm32h743xx.o(.text)
    CRS_IRQHandler                           0x08000387   Thumb Code     0  startup_stm32h743xx.o(.text)
    DCMI_IRQHandler                          0x08000387   Thumb Code     0  startup_stm32h743xx.o(.text)
    DFSDM1_FLT0_IRQHandler                   0x08000387   Thumb Code     0  startup_stm32h743xx.o(.text)
    DFSDM1_FLT1_IRQHandler                   0x08000387   Thumb Code     0  startup_stm32h743xx.o(.text)
    DFSDM1_FLT2_IRQHandler                   0x08000387   Thumb Code     0  startup_stm32h743xx.o(.text)
    DFSDM1_FLT3_IRQHandler                   0x08000387   Thumb Code     0  startup_stm32h743xx.o(.text)
    DMA1_Stream0_IRQHandler                  0x08000387   Thumb Code     0  startup_stm32h743xx.o(.text)
    DMA1_Stream1_IRQHandler                  0x08000387   Thumb Code     0  startup_stm32h743xx.o(.text)
    DMA1_Stream2_IRQHandler                  0x08000387   Thumb Code     0  startup_stm32h743xx.o(.text)
    DMA1_Stream3_IRQHandler                  0x08000387   Thumb Code     0  startup_stm32h743xx.o(.text)
    DMA1_Stream4_IRQHandler                  0x08000387   Thumb Code     0  startup_stm32h743xx.o(.text)
    DMA1_Stream5_IRQHandler                  0x08000387   Thumb Code     0  startup_stm32h743xx.o(.text)
    DMA1_Stream6_IRQHandler                  0x08000387   Thumb Code     0  startup_stm32h743xx.o(.text)
    DMA1_Stream7_IRQHandler                  0x08000387   Thumb Code     0  startup_stm32h743xx.o(.text)
    DMA2D_IRQHandler                         0x08000387   Thumb Code     0  startup_stm32h743xx.o(.text)
    DMA2_Stream0_IRQHandler                  0x08000387   Thumb Code     0  startup_stm32h743xx.o(.text)
    DMA2_Stream1_IRQHandler                  0x08000387   Thumb Code     0  startup_stm32h743xx.o(.text)
    DMA2_Stream2_IRQHandler                  0x08000387   Thumb Code     0  startup_stm32h743xx.o(.text)
    DMA2_Stream3_IRQHandler                  0x08000387   Thumb Code     0  startup_stm32h743xx.o(.text)
    DMA2_Stream4_IRQHandler                  0x08000387   Thumb Code     0  startup_stm32h743xx.o(.text)
    DMA2_Stream5_IRQHandler                  0x08000387   Thumb Code     0  startup_stm32h743xx.o(.text)
    DMA2_Stream6_IRQHandler                  0x08000387   Thumb Code     0  startup_stm32h743xx.o(.text)
    DMA2_Stream7_IRQHandler                  0x08000387   Thumb Code     0  startup_stm32h743xx.o(.text)
    DMAMUX1_OVR_IRQHandler                   0x08000387   Thumb Code     0  startup_stm32h743xx.o(.text)
    DMAMUX2_OVR_IRQHandler                   0x08000387   Thumb Code     0  startup_stm32h743xx.o(.text)
    ETH_IRQHandler                           0x08000387   Thumb Code     0  startup_stm32h743xx.o(.text)
    ETH_WKUP_IRQHandler                      0x08000387   Thumb Code     0  startup_stm32h743xx.o(.text)
    EXTI0_IRQHandler                         0x08000387   Thumb Code     0  startup_stm32h743xx.o(.text)
    EXTI15_10_IRQHandler                     0x08000387   Thumb Code     0  startup_stm32h743xx.o(.text)
    EXTI1_IRQHandler                         0x08000387   Thumb Code     0  startup_stm32h743xx.o(.text)
    EXTI2_IRQHandler                         0x08000387   Thumb Code     0  startup_stm32h743xx.o(.text)
    EXTI3_IRQHandler                         0x08000387   Thumb Code     0  startup_stm32h743xx.o(.text)
    EXTI4_IRQHandler                         0x08000387   Thumb Code     0  startup_stm32h743xx.o(.text)
    EXTI9_5_IRQHandler                       0x08000387   Thumb Code     0  startup_stm32h743xx.o(.text)
    FDCAN1_IT0_IRQHandler                    0x08000387   Thumb Code     0  startup_stm32h743xx.o(.text)
    FDCAN1_IT1_IRQHandler                    0x08000387   Thumb Code     0  startup_stm32h743xx.o(.text)
    FDCAN2_IT0_IRQHandler                    0x08000387   Thumb Code     0  startup_stm32h743xx.o(.text)
    FDCAN2_IT1_IRQHandler                    0x08000387   Thumb Code     0  startup_stm32h743xx.o(.text)
    FDCAN_CAL_IRQHandler                     0x08000387   Thumb Code     0  startup_stm32h743xx.o(.text)
    FLASH_IRQHandler                         0x08000387   Thumb Code     0  startup_stm32h743xx.o(.text)
    FMC_IRQHandler                           0x08000387   Thumb Code     0  startup_stm32h743xx.o(.text)
    FPU_IRQHandler                           0x08000387   Thumb Code     0  startup_stm32h743xx.o(.text)
    HRTIM1_FLT_IRQHandler                    0x08000387   Thumb Code     0  startup_stm32h743xx.o(.text)
    HRTIM1_Master_IRQHandler                 0x08000387   Thumb Code     0  startup_stm32h743xx.o(.text)
    HRTIM1_TIMA_IRQHandler                   0x08000387   Thumb Code     0  startup_stm32h743xx.o(.text)
    HRTIM1_TIMB_IRQHandler                   0x08000387   Thumb Code     0  startup_stm32h743xx.o(.text)
    HRTIM1_TIMC_IRQHandler                   0x08000387   Thumb Code     0  startup_stm32h743xx.o(.text)
    HRTIM1_TIMD_IRQHandler                   0x08000387   Thumb Code     0  startup_stm32h743xx.o(.text)
    HRTIM1_TIME_IRQHandler                   0x08000387   Thumb Code     0  startup_stm32h743xx.o(.text)
    HSEM1_IRQHandler                         0x08000387   Thumb Code     0  startup_stm32h743xx.o(.text)
    I2C1_ER_IRQHandler                       0x08000387   Thumb Code     0  startup_stm32h743xx.o(.text)
    I2C1_EV_IRQHandler                       0x08000387   Thumb Code     0  startup_stm32h743xx.o(.text)
    I2C2_ER_IRQHandler                       0x08000387   Thumb Code     0  startup_stm32h743xx.o(.text)
    I2C2_EV_IRQHandler                       0x08000387   Thumb Code     0  startup_stm32h743xx.o(.text)
    I2C3_ER_IRQHandler                       0x08000387   Thumb Code     0  startup_stm32h743xx.o(.text)
    I2C3_EV_IRQHandler                       0x08000387   Thumb Code     0  startup_stm32h743xx.o(.text)
    I2C4_ER_IRQHandler                       0x08000387   Thumb Code     0  startup_stm32h743xx.o(.text)
    I2C4_EV_IRQHandler                       0x08000387   Thumb Code     0  startup_stm32h743xx.o(.text)
    JPEG_IRQHandler                          0x08000387   Thumb Code     0  startup_stm32h743xx.o(.text)
    LPTIM1_IRQHandler                        0x08000387   Thumb Code     0  startup_stm32h743xx.o(.text)
    LPTIM2_IRQHandler                        0x08000387   Thumb Code     0  startup_stm32h743xx.o(.text)
    LPTIM3_IRQHandler                        0x08000387   Thumb Code     0  startup_stm32h743xx.o(.text)
    LPTIM4_IRQHandler                        0x08000387   Thumb Code     0  startup_stm32h743xx.o(.text)
    LPTIM5_IRQHandler                        0x08000387   Thumb Code     0  startup_stm32h743xx.o(.text)
    LPUART1_IRQHandler                       0x08000387   Thumb Code     0  startup_stm32h743xx.o(.text)
    LTDC_ER_IRQHandler                       0x08000387   Thumb Code     0  startup_stm32h743xx.o(.text)
    LTDC_IRQHandler                          0x08000387   Thumb Code     0  startup_stm32h743xx.o(.text)
    MDIOS_IRQHandler                         0x08000387   Thumb Code     0  startup_stm32h743xx.o(.text)
    MDIOS_WKUP_IRQHandler                    0x08000387   Thumb Code     0  startup_stm32h743xx.o(.text)
    MDMA_IRQHandler                          0x08000387   Thumb Code     0  startup_stm32h743xx.o(.text)
    OTG_FS_EP1_IN_IRQHandler                 0x08000387   Thumb Code     0  startup_stm32h743xx.o(.text)
    OTG_FS_EP1_OUT_IRQHandler                0x08000387   Thumb Code     0  startup_stm32h743xx.o(.text)
    OTG_FS_IRQHandler                        0x08000387   Thumb Code     0  startup_stm32h743xx.o(.text)
    OTG_FS_WKUP_IRQHandler                   0x08000387   Thumb Code     0  startup_stm32h743xx.o(.text)
    OTG_HS_EP1_IN_IRQHandler                 0x08000387   Thumb Code     0  startup_stm32h743xx.o(.text)
    OTG_HS_EP1_OUT_IRQHandler                0x08000387   Thumb Code     0  startup_stm32h743xx.o(.text)
    OTG_HS_IRQHandler                        0x08000387   Thumb Code     0  startup_stm32h743xx.o(.text)
    OTG_HS_WKUP_IRQHandler                   0x08000387   Thumb Code     0  startup_stm32h743xx.o(.text)
    PVD_AVD_IRQHandler                       0x08000387   Thumb Code     0  startup_stm32h743xx.o(.text)
    QUADSPI_IRQHandler                       0x08000387   Thumb Code     0  startup_stm32h743xx.o(.text)
    RCC_IRQHandler                           0x08000387   Thumb Code     0  startup_stm32h743xx.o(.text)
    RNG_IRQHandler                           0x08000387   Thumb Code     0  startup_stm32h743xx.o(.text)
    RTC_Alarm_IRQHandler                     0x08000387   Thumb Code     0  startup_stm32h743xx.o(.text)
    RTC_WKUP_IRQHandler                      0x08000387   Thumb Code     0  startup_stm32h743xx.o(.text)
    SAI1_IRQHandler                          0x08000387   Thumb Code     0  startup_stm32h743xx.o(.text)
    SAI2_IRQHandler                          0x08000387   Thumb Code     0  startup_stm32h743xx.o(.text)
    SAI3_IRQHandler                          0x08000387   Thumb Code     0  startup_stm32h743xx.o(.text)
    SAI4_IRQHandler                          0x08000387   Thumb Code     0  startup_stm32h743xx.o(.text)
    SDMMC1_IRQHandler                        0x08000387   Thumb Code     0  startup_stm32h743xx.o(.text)
    SDMMC2_IRQHandler                        0x08000387   Thumb Code     0  startup_stm32h743xx.o(.text)
    SPDIF_RX_IRQHandler                      0x08000387   Thumb Code     0  startup_stm32h743xx.o(.text)
    SPI1_IRQHandler                          0x08000387   Thumb Code     0  startup_stm32h743xx.o(.text)
    SPI2_IRQHandler                          0x08000387   Thumb Code     0  startup_stm32h743xx.o(.text)
    SPI3_IRQHandler                          0x08000387   Thumb Code     0  startup_stm32h743xx.o(.text)
    SPI4_IRQHandler                          0x08000387   Thumb Code     0  startup_stm32h743xx.o(.text)
    SPI5_IRQHandler                          0x08000387   Thumb Code     0  startup_stm32h743xx.o(.text)
    SPI6_IRQHandler                          0x08000387   Thumb Code     0  startup_stm32h743xx.o(.text)
    SWPMI1_IRQHandler                        0x08000387   Thumb Code     0  startup_stm32h743xx.o(.text)
    TAMP_STAMP_IRQHandler                    0x08000387   Thumb Code     0  startup_stm32h743xx.o(.text)
    TIM15_IRQHandler                         0x08000387   Thumb Code     0  startup_stm32h743xx.o(.text)
    TIM16_IRQHandler                         0x08000387   Thumb Code     0  startup_stm32h743xx.o(.text)
    TIM17_IRQHandler                         0x08000387   Thumb Code     0  startup_stm32h743xx.o(.text)
    TIM1_BRK_IRQHandler                      0x08000387   Thumb Code     0  startup_stm32h743xx.o(.text)
    TIM1_CC_IRQHandler                       0x08000387   Thumb Code     0  startup_stm32h743xx.o(.text)
    TIM1_TRG_COM_IRQHandler                  0x08000387   Thumb Code     0  startup_stm32h743xx.o(.text)
    TIM1_UP_IRQHandler                       0x08000387   Thumb Code     0  startup_stm32h743xx.o(.text)
    TIM2_IRQHandler                          0x08000387   Thumb Code     0  startup_stm32h743xx.o(.text)
    TIM3_IRQHandler                          0x08000387   Thumb Code     0  startup_stm32h743xx.o(.text)
    TIM4_IRQHandler                          0x08000387   Thumb Code     0  startup_stm32h743xx.o(.text)
    TIM5_IRQHandler                          0x08000387   Thumb Code     0  startup_stm32h743xx.o(.text)
    TIM6_DAC_IRQHandler                      0x08000387   Thumb Code     0  startup_stm32h743xx.o(.text)
    TIM7_IRQHandler                          0x08000387   Thumb Code     0  startup_stm32h743xx.o(.text)
    TIM8_BRK_TIM12_IRQHandler                0x08000387   Thumb Code     0  startup_stm32h743xx.o(.text)
    TIM8_CC_IRQHandler                       0x08000387   Thumb Code     0  startup_stm32h743xx.o(.text)
    TIM8_TRG_COM_TIM14_IRQHandler            0x08000387   Thumb Code     0  startup_stm32h743xx.o(.text)
    TIM8_UP_TIM13_IRQHandler                 0x08000387   Thumb Code     0  startup_stm32h743xx.o(.text)
    UART4_IRQHandler                         0x08000387   Thumb Code     0  startup_stm32h743xx.o(.text)
    UART5_IRQHandler                         0x08000387   Thumb Code     0  startup_stm32h743xx.o(.text)
    UART7_IRQHandler                         0x08000387   Thumb Code     0  startup_stm32h743xx.o(.text)
    UART8_IRQHandler                         0x08000387   Thumb Code     0  startup_stm32h743xx.o(.text)
    USART2_IRQHandler                        0x08000387   Thumb Code     0  startup_stm32h743xx.o(.text)
    USART3_IRQHandler                        0x08000387   Thumb Code     0  startup_stm32h743xx.o(.text)
    USART6_IRQHandler                        0x08000387   Thumb Code     0  startup_stm32h743xx.o(.text)
    WAKEUP_PIN_IRQHandler                    0x08000387   Thumb Code     0  startup_stm32h743xx.o(.text)
    WWDG_IRQHandler                          0x08000387   Thumb Code     0  startup_stm32h743xx.o(.text)
    __user_initial_stackheap                 0x08000389   Thumb Code     0  startup_stm32h743xx.o(.text)
    OS_CPU_FP_Reg_Push                       0x080003b5   Thumb Code     0  os_cpu_a.o(.text)
    OS_CPU_FP_Reg_Pop                        0x080003cf   Thumb Code     0  os_cpu_a.o(.text)
    OS_CPU_SR_Save                           0x080003e1   Thumb Code     0  os_cpu_a.o(.text)
    OS_CPU_SR_Restore                        0x080003e9   Thumb Code     0  os_cpu_a.o(.text)
    OSStartHighRdy                           0x080003ef   Thumb Code     0  os_cpu_a.o(.text)
    OSCtxSw                                  0x08000417   Thumb Code     0  os_cpu_a.o(.text)
    OSIntCtxSw                               0x08000421   Thumb Code     0  os_cpu_a.o(.text)
    PendSV_Handler                           0x0800042b   Thumb Code     0  os_cpu_a.o(.text)
    __aeabi_uldivmod                         0x08000491   Thumb Code     0  lludivv7m.o(.text)
    _ll_udiv                                 0x08000491   Thumb Code   238  lludivv7m.o(.text)
    __2printf                                0x08000581   Thumb Code    20  noretval__2printf.o(.text)
    __printf                                 0x08000599   Thumb Code   104  __printf.o(.text)
    _printf_str                              0x08000601   Thumb Code    82  _printf_str.o(.text)
    _printf_int_dec                          0x08000655   Thumb Code   104  _printf_dec.o(.text)
    _printf_int_hex                          0x080006cd   Thumb Code    84  _printf_hex_int.o(.text)
    _printf_longlong_hex                     0x080006cd   Thumb Code     0  _printf_hex_int.o(.text)
    __use_two_region_memory                  0x08000725   Thumb Code     2  heapauxi.o(.text)
    __rt_heap_escrow$2region                 0x08000727   Thumb Code     2  heapauxi.o(.text)
    __rt_heap_expand$2region                 0x08000729   Thumb Code     2  heapauxi.o(.text)
    _printf_int_common                       0x0800072b   Thumb Code   178  _printf_intcommon.o(.text)
    _printf_cs_common                        0x080007dd   Thumb Code    20  _printf_char.o(.text)
    _printf_char                             0x080007f1   Thumb Code    16  _printf_char.o(.text)
    _printf_string                           0x08000801   Thumb Code     8  _printf_char.o(.text)
    _printf_char_file                        0x08000809   Thumb Code    32  _printf_char_file.o(.text)
    _printf_char_common                      0x08000837   Thumb Code    32  _printf_char_common.o(.text)
    ferror                                   0x0800085d   Thumb Code     8  ferror.o(.text)
    __user_libspace                          0x08000865   Thumb Code     8  libspace.o(.text)
    __user_perproc_libspace                  0x08000865   Thumb Code     0  libspace.o(.text)
    __user_perthread_libspace                0x08000865   Thumb Code     0  libspace.o(.text)
    __user_setup_stackheap                   0x0800086d   Thumb Code    74  sys_stackheap_outer.o(.text)
    exit                                     0x080008b7   Thumb Code    18  exit.o(.text)
    AT24CXX_Check                            0x080008c9   Thumb Code    46  24cxx.o(i.AT24CXX_Check)
    AT24CXX_Init                             0x080008f7   Thumb Code     8  24cxx.o(i.AT24CXX_Init)
    AT24CXX_Read                             0x080008ff   Thumb Code    34  24cxx.o(i.AT24CXX_Read)
    AT24CXX_ReadOneByte                      0x08000921   Thumb Code    88  24cxx.o(i.AT24CXX_ReadOneByte)
    AT24CXX_Write                            0x08000979   Thumb Code    36  24cxx.o(i.AT24CXX_Write)
    AT24CXX_WriteOneByte                     0x0800099d   Thumb Code    80  24cxx.o(i.AT24CXX_WriteOneByte)
    App_TCBInitHook                          0x080009ed   Thumb Code     2  app_hooks.o(i.App_TCBInitHook)
    App_TaskCreateHook                       0x080009ef   Thumb Code     2  app_hooks.o(i.App_TaskCreateHook)
    App_TaskDelHook                          0x080009f1   Thumb Code     2  app_hooks.o(i.App_TaskDelHook)
    App_TaskIdleHook                         0x080009f3   Thumb Code     2  app_hooks.o(i.App_TaskIdleHook)
    App_TaskReturnHook                       0x080009f5   Thumb Code     2  app_hooks.o(i.App_TaskReturnHook)
    App_TaskStatHook                         0x080009f7   Thumb Code     2  app_hooks.o(i.App_TaskStatHook)
    App_TaskSwHook                           0x080009f9   Thumb Code     2  app_hooks.o(i.App_TaskSwHook)
    App_TimeTickHook                         0x080009fb   Thumb Code     8  app_hooks.o(i.App_TimeTickHook)
    BusFault_Handler                         0x08000a03   Thumb Code     4  stm32h7xx_it.o(i.BusFault_Handler)
    Cache_Enable                             0x08000a09   Thumb Code    24  sys.o(i.Cache_Enable)
    DebugMon_Handler                         0x08000a25   Thumb Code     2  stm32h7xx_it.o(i.DebugMon_Handler)
    HAL_DMA_Abort_IT                         0x08000a29   Thumb Code   236  stm32h7xx_hal_dma.o(i.HAL_DMA_Abort_IT)
    HAL_EnableCompensationCell               0x08000b21   Thumb Code    14  stm32h7xx_hal.o(i.HAL_EnableCompensationCell)
    HAL_GPIO_Init                            0x08000b35   Thumb Code   534  stm32h7xx_hal_gpio.o(i.HAL_GPIO_Init)
    HAL_GPIO_ReadPin                         0x08000d81   Thumb Code    16  stm32h7xx_hal_gpio.o(i.HAL_GPIO_ReadPin)
    HAL_GPIO_TogglePin                       0x08000d91   Thumb Code     8  stm32h7xx_hal_gpio.o(i.HAL_GPIO_TogglePin)
    HAL_GPIO_WritePin                        0x08000d99   Thumb Code    10  stm32h7xx_hal_gpio.o(i.HAL_GPIO_WritePin)
    HAL_GetTick                              0x08000da5   Thumb Code     6  stm32h7xx_hal.o(i.HAL_GetTick)
    HAL_IncTick                              0x08000db1   Thumb Code    16  stm32h7xx_hal.o(i.HAL_IncTick)
    HAL_Init                                 0x08000dc9   Thumb Code    28  stm32h7xx_hal.o(i.HAL_Init)
    HAL_InitTick                             0x08000de5   Thumb Code    64  stm32h7xx_hal.o(i.HAL_InitTick)
    HAL_MspInit                              0x08000e31   Thumb Code     2  stm32h7xx_hal_msp.o(i.HAL_MspInit)
    HAL_NVIC_EnableIRQ                       0x08000e33   Thumb Code    32  stm32h7xx_hal_cortex.o(i.HAL_NVIC_EnableIRQ)
    HAL_NVIC_SetPriority                     0x08000e53   Thumb Code   122  stm32h7xx_hal_cortex.o(i.HAL_NVIC_SetPriority)
    HAL_NVIC_SetPriorityGrouping             0x08000ecd   Thumb Code    32  stm32h7xx_hal_cortex.o(i.HAL_NVIC_SetPriorityGrouping)
    HAL_RCCEx_GetD1SysClockFreq              0x08000ef5   Thumb Code    44  stm32h7xx_hal_rcc_ex.o(i.HAL_RCCEx_GetD1SysClockFreq)
    HAL_RCCEx_GetD3PCLK1Freq                 0x08000f2d   Thumb Code    34  stm32h7xx_hal_rcc_ex.o(i.HAL_RCCEx_GetD3PCLK1Freq)
    HAL_RCCEx_GetPLL2ClockFreq               0x08000f59   Thumb Code   532  stm32h7xx_hal_rcc_ex.o(i.HAL_RCCEx_GetPLL2ClockFreq)
    HAL_RCCEx_GetPLL3ClockFreq               0x08001185   Thumb Code   532  stm32h7xx_hal_rcc_ex.o(i.HAL_RCCEx_GetPLL3ClockFreq)
    HAL_RCC_ClockConfig                      0x080013b1   Thumb Code   574  stm32h7xx_hal_rcc.o(i.HAL_RCC_ClockConfig)
    HAL_RCC_GetHCLKFreq                      0x08001601   Thumb Code    42  stm32h7xx_hal_rcc.o(i.HAL_RCC_GetHCLKFreq)
    HAL_RCC_GetPCLK1Freq                     0x08001639   Thumb Code    34  stm32h7xx_hal_rcc.o(i.HAL_RCC_GetPCLK1Freq)
    HAL_RCC_GetPCLK2Freq                     0x08001665   Thumb Code    36  stm32h7xx_hal_rcc.o(i.HAL_RCC_GetPCLK2Freq)
    HAL_RCC_GetSysClockFreq                  0x08001691   Thumb Code   556  stm32h7xx_hal_rcc.o(i.HAL_RCC_GetSysClockFreq)
    HAL_RCC_OscConfig                        0x080018d5   Thumb Code  1724  stm32h7xx_hal_rcc.o(i.HAL_RCC_OscConfig)
    HAL_SYSTICK_CLKSourceConfig              0x08001f99   Thumb Code    40  stm32h7xx_hal_cortex.o(i.HAL_SYSTICK_CLKSourceConfig)
    HAL_SYSTICK_Config                       0x08001fc1   Thumb Code    52  stm32h7xx_hal_cortex.o(i.HAL_SYSTICK_Config)
    HAL_UARTEx_WakeupCallback                0x08001ff5   Thumb Code     2  stm32h7xx_hal_uart_ex.o(i.HAL_UARTEx_WakeupCallback)
    HAL_UART_ErrorCallback                   0x08001ff7   Thumb Code     2  stm32h7xx_hal_uart.o(i.HAL_UART_ErrorCallback)
    HAL_UART_GetState                        0x08001ff9   Thumb Code    20  stm32h7xx_hal_uart.o(i.HAL_UART_GetState)
    HAL_UART_IRQHandler                      0x0800200d   Thumb Code   434  stm32h7xx_hal_uart.o(i.HAL_UART_IRQHandler)
    HAL_UART_Init                            0x080021c9   Thumb Code   120  stm32h7xx_hal_uart.o(i.HAL_UART_Init)
    HAL_UART_MspInit                         0x08002241   Thumb Code   138  usart.o(i.HAL_UART_MspInit)
    HAL_UART_Receive_IT                      0x080022d9   Thumb Code   224  stm32h7xx_hal_uart.o(i.HAL_UART_Receive_IT)
    HAL_UART_RxCpltCallback                  0x080023b9   Thumb Code   120  usart.o(i.HAL_UART_RxCpltCallback)
    HAL_UART_Transmit                        0x08002441   Thumb Code   198  stm32h7xx_hal_uart.o(i.HAL_UART_Transmit)
    HAL_UART_TxCpltCallback                  0x08002507   Thumb Code     2  stm32h7xx_hal_uart.o(i.HAL_UART_TxCpltCallback)
    HardFault_Handler                        0x08002509   Thumb Code     4  stm32h7xx_it.o(i.HardFault_Handler)
    IIC_Ack                                  0x0800250d   Thumb Code    78  myiic.o(i.IIC_Ack)
    IIC_Init                                 0x08002561   Thumb Code    78  myiic.o(i.IIC_Init)
    IIC_NAck                                 0x080025b9   Thumb Code    78  myiic.o(i.IIC_NAck)
    IIC_Read_Byte                            0x0800260d   Thumb Code   102  myiic.o(i.IIC_Read_Byte)
    IIC_Send_Byte                            0x08002679   Thumb Code   118  myiic.o(i.IIC_Send_Byte)
    IIC_Start                                0x080026f5   Thumb Code    78  myiic.o(i.IIC_Start)
    IIC_Stop                                 0x08002749   Thumb Code    78  myiic.o(i.IIC_Stop)
    IIC_Wait_Ack                             0x0800279d   Thumb Code    98  myiic.o(i.IIC_Wait_Ack)
    KEY_Init                                 0x08002805   Thumb Code   150  key.o(i.KEY_Init)
    KEY_Scan                                 0x080028ad   Thumb Code   192  key.o(i.KEY_Scan)
    LED_Init                                 0x0800297d   Thumb Code    78  led.o(i.LED_Init)
    MemManage_Handler                        0x080029d5   Thumb Code     4  stm32h7xx_it.o(i.MemManage_Handler)
    NMI_Handler                              0x080029d9   Thumb Code     2  stm32h7xx_it.o(i.NMI_Handler)
    OSEventNameSet                           0x080029dd   Thumb Code    84  os_core.o(i.OSEventNameSet)
    OSInit                                   0x08002a35   Thumb Code    48  os_core.o(i.OSInit)
    OSInitHookBegin                          0x08002a65   Thumb Code    40  os_cpu_c.o(i.OSInitHookBegin)
    OSInitHookEnd                            0x08002a9d   Thumb Code     2  os_cpu_c.o(i.OSInitHookEnd)
    OSIntEnter                               0x08002aa1   Thumb Code    28  os_core.o(i.OSIntEnter)
    OSIntExit                                0x08002ac5   Thumb Code   112  os_core.o(i.OSIntExit)
    OSSchedLock                              0x08002b55   Thumb Code    50  os_core.o(i.OSSchedLock)
    OSSchedUnlock                            0x08002b95   Thumb Code    82  os_core.o(i.OSSchedUnlock)
    OSSemCreate                              0x08002bf5   Thumb Code    72  os_sem.o(i.OSSemCreate)
    OSSemPend                                0x08002c49   Thumb Code   228  os_sem.o(i.OSSemPend)
    OSSemPost                                0x08002d39   Thumb Code    88  os_sem.o(i.OSSemPost)
    OSStart                                  0x08002d91   Thumb Code    48  os_core.o(i.OSStart)
    OSStatInit                               0x08002dd9   Thumb Code    62  os_core.o(i.OSStatInit)
    OSTCBInitHook                            0x08002e25   Thumb Code    12  os_cpu_c.o(i.OSTCBInitHook)
    OSTaskCreateExt                          0x08002e31   Thumb Code   170  os_task.o(i.OSTaskCreateExt)
    OSTaskCreateHook                         0x08002ee9   Thumb Code    12  os_cpu_c.o(i.OSTaskCreateHook)
    OSTaskDel                                0x08002ef5   Thumb Code   306  os_task.o(i.OSTaskDel)
    OSTaskDelHook                            0x08003055   Thumb Code    12  os_cpu_c.o(i.OSTaskDelHook)
    OSTaskIdleHook                           0x08003061   Thumb Code     8  os_cpu_c.o(i.OSTaskIdleHook)
    OSTaskNameSet                            0x08003069   Thumb Code    98  os_task.o(i.OSTaskNameSet)
    OSTaskResume                             0x080030d9   Thumb Code   158  os_task.o(i.OSTaskResume)
    OSTaskReturnHook                         0x08003189   Thumb Code    12  os_cpu_c.o(i.OSTaskReturnHook)
    OSTaskStatHook                           0x08003195   Thumb Code     8  os_cpu_c.o(i.OSTaskStatHook)
    OSTaskStkChk                             0x0800319d   Thumb Code   128  os_task.o(i.OSTaskStkChk)
    OSTaskStkInit                            0x08003225   Thumb Code   444  os_cpu_c.o(i.OSTaskStkInit)
    OSTaskSuspend                            0x0800344d   Thumb Code   152  os_task.o(i.OSTaskSuspend)
    OSTaskSwHook                             0x080034f5   Thumb Code    52  os_cpu_c.o(i.OSTaskSwHook)
    OSTimeDly                                0x08003531   Thumb Code   100  os_time.o(i.OSTimeDly)
    OSTimeTick                               0x080035a9   Thumb Code   210  os_core.o(i.OSTimeTick)
    OSTimeTickHook                           0x08003695   Thumb Code    34  os_cpu_c.o(i.OSTimeTickHook)
    OSTmrSignal                              0x080036bd   Thumb Code    16  os_tmr.o(i.OSTmrSignal)
    OSTmr_Init                               0x080036d1   Thumb Code   168  os_tmr.o(i.OSTmr_Init)
    OS_Dummy                                 0x08003945   Thumb Code     2  os_core.o(i.OS_Dummy)
    OS_EventTaskRdy                          0x08003949   Thumb Code   128  os_core.o(i.OS_EventTaskRdy)
    OS_EventTaskRemove                       0x080039d9   Thumb Code    46  os_core.o(i.OS_EventTaskRemove)
    OS_EventTaskRemoveMulti                  0x08003a07   Thumb Code    58  os_core.o(i.OS_EventTaskRemoveMulti)
    OS_EventTaskWait                         0x08003a41   Thumb Code   112  os_core.o(i.OS_EventTaskWait)
    OS_EventWaitListInit                     0x08003abd   Thumb Code    28  os_core.o(i.OS_EventWaitListInit)
    OS_FlagInit                              0x08003ad9   Thumb Code    74  os_flag.o(i.OS_FlagInit)
    OS_FlagUnlink                            0x08003b31   Thumb Code    36  os_flag.o(i.OS_FlagUnlink)
    OS_MemClr                                0x08003d75   Thumb Code    18  os_core.o(i.OS_MemClr)
    OS_QInit                                 0x08003d89   Thumb Code    72  os_q.o(i.OS_QInit)
    OS_Sched                                 0x08003dd9   Thumb Code    88  os_core.o(i.OS_Sched)
    OS_TCBInit                               0x08003e79   Thumb Code   292  os_core.o(i.OS_TCBInit)
    OS_TaskIdle                              0x08003fb9   Thumb Code    34  os_core.o(i.OS_TaskIdle)
    OS_TaskReturn                            0x08003fe1   Thumb Code    18  os_task.o(i.OS_TaskReturn)
    OS_TaskStat                              0x08003ff9   Thumb Code   140  os_core.o(i.OS_TaskStat)
    OS_TaskStatStkChk                        0x08004099   Thumb Code    54  os_core.o(i.OS_TaskStatStkChk)
    OS_TaskStkClr                            0x080040d5   Thumb Code    26  os_task.o(i.OS_TaskStkClr)
    Stm32_Clock_Init                         0x08004209   Thumb Code   238  sys.o(i.Stm32_Clock_Init)
    SysTick_Handler                          0x08004301   Thumb Code    28  delay.o(i.SysTick_Handler)
    SystemInit                               0x08004321   Thumb Code   130  system_stm32h7xx.o(i.SystemInit)
    UART_AdvFeatureConfig                    0x080043b5   Thumb Code   234  stm32h7xx_hal_uart.o(i.UART_AdvFeatureConfig)
    UART_CheckIdleState                      0x0800449f   Thumb Code   116  stm32h7xx_hal_uart.o(i.UART_CheckIdleState)
    UART_SetConfig                           0x080045f5   Thumb Code  2452  stm32h7xx_hal_uart.o(i.UART_SetConfig)
    UART_WaitOnFlagUntilTimeout              0x0800501b   Thumb Code   108  stm32h7xx_hal_uart.o(i.UART_WaitOnFlagUntilTimeout)
    USART1_IRQHandler                        0x08005089   Thumb Code    74  usart.o(i.USART1_IRQHandler)
    UsageFault_Handler                       0x080050e1   Thumb Code     4  stm32h7xx_it.o(i.UsageFault_Handler)
    _sys_exit                                0x0800511d   Thumb Code     4  usart.o(i._sys_exit)
    delay_init                               0x08005121   Thumb Code    58  delay.o(i.delay_init)
    delay_ms                                 0x08005165   Thumb Code    66  delay.o(i.delay_ms)
    delay_osschedlock                        0x080051b5   Thumb Code     8  delay.o(i.delay_osschedlock)
    delay_osschedunlock                      0x080051bd   Thumb Code     8  delay.o(i.delay_osschedunlock)
    delay_ostimedly                          0x080051c5   Thumb Code    12  delay.o(i.delay_ostimedly)
    delay_us                                 0x080051d1   Thumb Code    84  delay.o(i.delay_us)
    fputc                                    0x08005229   Thumb Code    22  usart.o(i.fputc)
    key_task                                 0x08005245   Thumb Code   138  main.o(i.key_task)
    led_task                                 0x0800530d   Thumb Code    44  main.o(i.led_task)
    main                                     0x0800533d   Thumb Code    96  main.o(i.main)
    receive_task                             0x080053a9   Thumb Code   138  main.o(i.receive_task)
    send_task                                0x08005495   Thumb Code    90  main.o(i.send_task)
    sr_task                                  0x08005539   Thumb Code     2  main.o(i.sr_task)
    ss_task                                  0x0800553b   Thumb Code     2  main.o(i.ss_task)
    start_task                               0x0800553d   Thumb Code   242  main.o(i.start_task)
    uart_init                                0x08005689   Thumb Code    44  usart.o(i.uart_init)
    _fp_init                                 0x080056c1   Thumb Code    10  fpinit.o(x$fpl$fpinit)
    __fplib_config_fpu_vfp                   0x080056c9   Thumb Code     0  fpinit.o(x$fpl$fpinit)
    __fplib_config_pureend_doubles           0x080056c9   Thumb Code     0  fpinit.o(x$fpl$fpinit)
    TEXT_Buffer                              0x080056fa   Data          16  main.o(.constdata)
    Refresh                                  0x0800570a   Data          16  main.o(.constdata)
    D1CorePrescTable                         0x0800574a   Data          16  system_stm32h7xx.o(.constdata)
    OSUnMapTbl                               0x0800578a   Data         256  os_core.o(.constdata)
    Region$$Table$$Base                      0x080058b4   Number         0  anon$$obj.o(Region$$Table)
    Region$$Table$$Limit                     0x080058d4   Number         0  anon$$obj.o(Region$$Table)
    mem5base                                 0x20000000   Data       122880  malloc.o(.ARM.__AT_0x20000000)
    mem5mapbase                              0x2001e000   Data        7680  malloc.o(.ARM.__AT_0x2001E000)
    SystemCoreClock                          0x24000000   Data           4  system_stm32h7xx.o(.data)
    SystemD2Clock                            0x24000004   Data           4  system_stm32h7xx.o(.data)
    __stdout                                 0x24000010   Data           4  usart.o(.data)
    USART_RX_STA                             0x24000014   Data           2  usart.o(.data)
    aRxBuffer                                0x24000016   Data           1  usart.o(.data)
    OSCtxSwCtr                               0x24000024   Data           4  os_core.o(.data)
    OSEventFreeList                          0x24000028   Data           4  os_core.o(.data)
    OSFlagFreeList                           0x2400002c   Data           4  os_core.o(.data)
    OSCPUUsage                               0x24000030   Data           1  os_core.o(.data)
    OSIdleCtrMax                             0x24000034   Data           4  os_core.o(.data)
    OSIdleCtrRun                             0x24000038   Data           4  os_core.o(.data)
    OSStatRdy                                0x2400003c   Data           1  os_core.o(.data)
    OSIntNesting                             0x2400003d   Data           1  os_core.o(.data)
    OSLockNesting                            0x2400003e   Data           1  os_core.o(.data)
    OSPrioCur                                0x2400003f   Data           1  os_core.o(.data)
    OSPrioHighRdy                            0x24000040   Data           1  os_core.o(.data)
    OSRdyGrp                                 0x24000041   Data           1  os_core.o(.data)
    OSRdyTbl                                 0x24000042   Data           8  os_core.o(.data)
    OSRunning                                0x2400004a   Data           1  os_core.o(.data)
    OSTaskCtr                                0x2400004b   Data           1  os_core.o(.data)
    OSIdleCtr                                0x2400004c   Data           4  os_core.o(.data)
    OSTCBCur                                 0x24000050   Data           4  os_core.o(.data)
    OSTCBFreeList                            0x24000054   Data           4  os_core.o(.data)
    OSTCBHighRdy                             0x24000058   Data           4  os_core.o(.data)
    OSTCBList                                0x2400005c   Data           4  os_core.o(.data)
    OSTickStepState                          0x24000060   Data           1  os_core.o(.data)
    OSQFreeList                              0x24000064   Data           4  os_core.o(.data)
    OSTaskRegNextAvailID                     0x24000068   Data           1  os_core.o(.data)
    OSTime                                   0x2400006c   Data           4  os_core.o(.data)
    OSTmrFree                                0x24000070   Data           2  os_core.o(.data)
    OSTmrUsed                                0x24000072   Data           2  os_core.o(.data)
    OSTmrTime                                0x24000074   Data           4  os_core.o(.data)
    OSTmrSem                                 0x24000078   Data           4  os_core.o(.data)
    OSTmrSemSignal                           0x2400007c   Data           4  os_core.o(.data)
    OSTmrFreeList                            0x24000080   Data           4  os_core.o(.data)
    OS_CPU_ExceptStkBase                     0x24000084   Data           4  os_cpu_c.o(.data)
    START_TASK_STK                           0x2400008c   Data         512  main.o(.bss)
    LED_TASK_STK                             0x2400028c   Data         512  main.o(.bss)
    KEY_TASK_STK                             0x2400048c   Data         512  main.o(.bss)
    SEND_TASK_STK                            0x2400068c   Data         512  main.o(.bss)
    RECEIVE_TASK_STK                         0x2400088c   Data         512  main.o(.bss)
    SS_TASK_STK                              0x24000a8c   Data         512  main.o(.bss)
    SR_TASK_STK                              0x24000c8c   Data         512  main.o(.bss)
    USART_RX_BUF                             0x24000e8c   Data         200  usart.o(.bss)
    UART1_Handler                            0x24000f54   Data         128  usart.o(.bss)
    OSEventTbl                               0x24000fd4   Data         480  os_core.o(.bss)
    OSFlagTbl                                0x240011b4   Data          80  os_core.o(.bss)
    OSTaskStatStk                            0x24001204   Data         512  os_core.o(.bss)
    OSTaskIdleStk                            0x24001404   Data         512  os_core.o(.bss)
    OSTCBPrioTbl                             0x24001604   Data         256  os_core.o(.bss)
    OSTCBTbl                                 0x24001704   Data        1936  os_core.o(.bss)
    OSQTbl                                   0x24001e94   Data          96  os_core.o(.bss)
    OSTmrTbl                                 0x24001ef4   Data         640  os_core.o(.bss)
    OSTmrTaskStk                             0x24002174   Data         512  os_core.o(.bss)
    OSTmrWheelTbl                            0x24002374   Data          64  os_core.o(.bss)
    OS_CPU_ExceptStk                         0x240023b4   Data         512  os_cpu_c.o(.bss)
    __libspace_start                         0x240025b4   Data          96  libspace.o(.bss)
    __temporary_stack_top$libspace           0x24002614   Data           0  libspace.o(.bss)
    mem3base                                 0x30000000   Data       245760  malloc.o(.ARM.__AT_0x30000000)
    mem3mapbase                              0x3003c000   Data       15360  malloc.o(.ARM.__AT_0x3003C000)
    mem4base                                 0x38000000   Data       61440  malloc.o(.ARM.__AT_0x38000000)
    mem4mapbase                              0x3800f000   Data        3840  malloc.o(.ARM.__AT_0x3800F000)
    ltdc_lcd_framebuf                        0xc0000000   Data       2048000  ltdc.o(.ARM.__AT_0xC0000000)
    mem2base                                 0xc01f4000   Data       29605888  malloc.o(.ARM.__AT_0xC01F4000)
    mem2mapbase                              0xc1e30000   Data       1850368  malloc.o(.ARM.__AT_0xC1E30000)



==============================================================================

Memory Map of the image

  Image Entry point : 0x08000299

  Load Region LR_IROM1 (Base: 0x08000000, Size: 0x00005960, Max: 0x00200000, ABSOLUTE)

    Execution Region ER_IROM1 (Exec base: 0x08000000, Load base: 0x08000000, Size: 0x000058d4, Max: 0x00200000, ABSOLUTE)

    Exec Addr    Load Addr    Size         Type   Attr      Idx    E Section Name        Object

    0x08000000   0x08000000   0x00000298   Data   RO          811    RESET               startup_stm32h743xx.o
    0x08000298   0x08000298   0x00000008   Code   RO         7899  * !!!main             c_w.l(__main.o)
    0x080002a0   0x080002a0   0x00000034   Code   RO         8101    !!!scatter          c_w.l(__scatter.o)
    0x080002d4   0x080002d4   0x0000001a   Code   RO         8103    !!handler_copy      c_w.l(__scatter_copy.o)
    0x080002ee   0x080002ee   0x00000002   PAD
    0x080002f0   0x080002f0   0x0000001c   Code   RO         8105    !!handler_zi        c_w.l(__scatter_zi.o)
    0x0800030c   0x0800030c   0x00000000   Code   RO         7892    .ARM.Collect$$_printf_percent$$00000000  c_w.l(_printf_percent.o)
    0x0800030c   0x0800030c   0x00000006   Code   RO         7891    .ARM.Collect$$_printf_percent$$0000000A  c_w.l(_printf_u.o)
    0x08000312   0x08000312   0x00000006   Code   RO         7889    .ARM.Collect$$_printf_percent$$0000000C  c_w.l(_printf_x.o)
    0x08000318   0x08000318   0x00000006   Code   RO         7887    .ARM.Collect$$_printf_percent$$00000013  c_w.l(_printf_c.o)
    0x0800031e   0x0800031e   0x00000004   Code   RO         7926    .ARM.Collect$$_printf_percent$$00000017  c_w.l(_printf_percent_end.o)
    0x08000322   0x08000322   0x00000002   Code   RO         7974    .ARM.Collect$$libinit$$00000000  c_w.l(libinit.o)
    0x08000324   0x08000324   0x00000004   Code   RO         7983    .ARM.Collect$$libinit$$00000001  c_w.l(libinit2.o)
    0x08000328   0x08000328   0x00000000   Code   RO         7986    .ARM.Collect$$libinit$$00000004  c_w.l(libinit2.o)
    0x08000328   0x08000328   0x00000000   Code   RO         7989    .ARM.Collect$$libinit$$0000000A  c_w.l(libinit2.o)
    0x08000328   0x08000328   0x00000000   Code   RO         7991    .ARM.Collect$$libinit$$0000000C  c_w.l(libinit2.o)
    0x08000328   0x08000328   0x00000000   Code   RO         7993    .ARM.Collect$$libinit$$0000000E  c_w.l(libinit2.o)
    0x08000328   0x08000328   0x00000000   Code   RO         7996    .ARM.Collect$$libinit$$00000011  c_w.l(libinit2.o)
    0x08000328   0x08000328   0x00000000   Code   RO         7998    .ARM.Collect$$libinit$$00000013  c_w.l(libinit2.o)
    0x08000328   0x08000328   0x00000000   Code   RO         8000    .ARM.Collect$$libinit$$00000015  c_w.l(libinit2.o)
    0x08000328   0x08000328   0x00000000   Code   RO         8002    .ARM.Collect$$libinit$$00000017  c_w.l(libinit2.o)
    0x08000328   0x08000328   0x00000000   Code   RO         8004    .ARM.Collect$$libinit$$00000019  c_w.l(libinit2.o)
    0x08000328   0x08000328   0x00000000   Code   RO         8006    .ARM.Collect$$libinit$$0000001B  c_w.l(libinit2.o)
    0x08000328   0x08000328   0x00000000   Code   RO         8008    .ARM.Collect$$libinit$$0000001D  c_w.l(libinit2.o)
    0x08000328   0x08000328   0x00000000   Code   RO         8010    .ARM.Collect$$libinit$$0000001F  c_w.l(libinit2.o)
    0x08000328   0x08000328   0x00000000   Code   RO         8012    .ARM.Collect$$libinit$$00000021  c_w.l(libinit2.o)
    0x08000328   0x08000328   0x00000000   Code   RO         8014    .ARM.Collect$$libinit$$00000023  c_w.l(libinit2.o)
    0x08000328   0x08000328   0x00000000   Code   RO         8016    .ARM.Collect$$libinit$$00000025  c_w.l(libinit2.o)
    0x08000328   0x08000328   0x00000000   Code   RO         8020    .ARM.Collect$$libinit$$0000002C  c_w.l(libinit2.o)
    0x08000328   0x08000328   0x00000000   Code   RO         8022    .ARM.Collect$$libinit$$0000002E  c_w.l(libinit2.o)
    0x08000328   0x08000328   0x00000000   Code   RO         8024    .ARM.Collect$$libinit$$00000030  c_w.l(libinit2.o)
    0x08000328   0x08000328   0x00000000   Code   RO         8026    .ARM.Collect$$libinit$$00000032  c_w.l(libinit2.o)
    0x08000328   0x08000328   0x00000002   Code   RO         8027    .ARM.Collect$$libinit$$00000033  c_w.l(libinit2.o)
    0x0800032a   0x0800032a   0x00000002   Code   RO         8053    .ARM.Collect$$libshutdown$$00000000  c_w.l(libshutdown.o)
    0x0800032c   0x0800032c   0x00000000   Code   RO         8082    .ARM.Collect$$libshutdown$$00000002  c_w.l(libshutdown2.o)
    0x0800032c   0x0800032c   0x00000000   Code   RO         8084    .ARM.Collect$$libshutdown$$00000004  c_w.l(libshutdown2.o)
    0x0800032c   0x0800032c   0x00000000   Code   RO         8086    .ARM.Collect$$libshutdown$$00000006  c_w.l(libshutdown2.o)
    0x0800032c   0x0800032c   0x00000000   Code   RO         8089    .ARM.Collect$$libshutdown$$00000009  c_w.l(libshutdown2.o)
    0x0800032c   0x0800032c   0x00000000   Code   RO         8092    .ARM.Collect$$libshutdown$$0000000C  c_w.l(libshutdown2.o)
    0x0800032c   0x0800032c   0x00000000   Code   RO         8094    .ARM.Collect$$libshutdown$$0000000E  c_w.l(libshutdown2.o)
    0x0800032c   0x0800032c   0x00000000   Code   RO         8097    .ARM.Collect$$libshutdown$$00000011  c_w.l(libshutdown2.o)
    0x0800032c   0x0800032c   0x00000002   Code   RO         8098    .ARM.Collect$$libshutdown$$00000012  c_w.l(libshutdown2.o)
    0x0800032e   0x0800032e   0x00000000   Code   RO         7913    .ARM.Collect$$rtentry$$00000000  c_w.l(__rtentry.o)
    0x0800032e   0x0800032e   0x00000000   Code   RO         7929    .ARM.Collect$$rtentry$$00000002  c_w.l(__rtentry2.o)
    0x0800032e   0x0800032e   0x00000006   Code   RO         7941    .ARM.Collect$$rtentry$$00000004  c_w.l(__rtentry4.o)
    0x08000334   0x08000334   0x00000000   Code   RO         7931    .ARM.Collect$$rtentry$$00000009  c_w.l(__rtentry2.o)
    0x08000334   0x08000334   0x00000004   Code   RO         7932    .ARM.Collect$$rtentry$$0000000A  c_w.l(__rtentry2.o)
    0x08000338   0x08000338   0x00000000   Code   RO         7934    .ARM.Collect$$rtentry$$0000000C  c_w.l(__rtentry2.o)
    0x08000338   0x08000338   0x00000008   Code   RO         7935    .ARM.Collect$$rtentry$$0000000D  c_w.l(__rtentry2.o)
    0x08000340   0x08000340   0x00000002   Code   RO         7975    .ARM.Collect$$rtexit$$00000000  c_w.l(rtexit.o)
    0x08000342   0x08000342   0x00000000   Code   RO         8029    .ARM.Collect$$rtexit$$00000002  c_w.l(rtexit2.o)
    0x08000342   0x08000342   0x00000004   Code   RO         8030    .ARM.Collect$$rtexit$$00000003  c_w.l(rtexit2.o)
    0x08000346   0x08000346   0x00000006   Code   RO         8031    .ARM.Collect$$rtexit$$00000004  c_w.l(rtexit2.o)
    0x0800034c   0x0800034c   0x00000068   Code   RO          812    .text               startup_stm32h743xx.o
    0x080003b4   0x080003b4   0x000000dc   Code   RO         7761    .text               os_cpu_a.o
    0x08000490   0x08000490   0x000000ee   Code   RO         7834    .text               c_w.l(lludivv7m.o)
    0x0800057e   0x0800057e   0x00000002   PAD
    0x08000580   0x08000580   0x00000018   Code   RO         7838    .text               c_w.l(noretval__2printf.o)
    0x08000598   0x08000598   0x00000068   Code   RO         7840    .text               c_w.l(__printf.o)
    0x08000600   0x08000600   0x00000052   Code   RO         7842    .text               c_w.l(_printf_str.o)
    0x08000652   0x08000652   0x00000002   PAD
    0x08000654   0x08000654   0x00000078   Code   RO         7844    .text               c_w.l(_printf_dec.o)
    0x080006cc   0x080006cc   0x00000058   Code   RO         7849    .text               c_w.l(_printf_hex_int.o)
    0x08000724   0x08000724   0x00000006   Code   RO         7897    .text               c_w.l(heapauxi.o)
    0x0800072a   0x0800072a   0x000000b2   Code   RO         7920    .text               c_w.l(_printf_intcommon.o)
    0x080007dc   0x080007dc   0x0000002c   Code   RO         7922    .text               c_w.l(_printf_char.o)
    0x08000808   0x08000808   0x00000024   Code   RO         7924    .text               c_w.l(_printf_char_file.o)
    0x0800082c   0x0800082c   0x00000030   Code   RO         7950    .text               c_w.l(_printf_char_common.o)
    0x0800085c   0x0800085c   0x00000008   Code   RO         7952    .text               c_w.l(ferror.o)
    0x08000864   0x08000864   0x00000008   Code   RO         7956    .text               c_w.l(libspace.o)
    0x0800086c   0x0800086c   0x0000004a   Code   RO         7959    .text               c_w.l(sys_stackheap_outer.o)
    0x080008b6   0x080008b6   0x00000012   Code   RO         7963    .text               c_w.l(exit.o)
    0x080008c8   0x080008c8   0x0000002e   Code   RO         5821    i.AT24CXX_Check     24cxx.o
    0x080008f6   0x080008f6   0x00000008   Code   RO         5822    i.AT24CXX_Init      24cxx.o
    0x080008fe   0x080008fe   0x00000022   Code   RO         5823    i.AT24CXX_Read      24cxx.o
    0x08000920   0x08000920   0x00000058   Code   RO         5825    i.AT24CXX_ReadOneByte  24cxx.o
    0x08000978   0x08000978   0x00000024   Code   RO         5826    i.AT24CXX_Write     24cxx.o
    0x0800099c   0x0800099c   0x00000050   Code   RO         5828    i.AT24CXX_WriteOneByte  24cxx.o
    0x080009ec   0x080009ec   0x00000002   Code   RO         7767    i.App_TCBInitHook   app_hooks.o
    0x080009ee   0x080009ee   0x00000002   Code   RO         7768    i.App_TaskCreateHook  app_hooks.o
    0x080009f0   0x080009f0   0x00000002   Code   RO         7769    i.App_TaskDelHook   app_hooks.o
    0x080009f2   0x080009f2   0x00000002   Code   RO         7770    i.App_TaskIdleHook  app_hooks.o
    0x080009f4   0x080009f4   0x00000002   Code   RO         7771    i.App_TaskReturnHook  app_hooks.o
    0x080009f6   0x080009f6   0x00000002   Code   RO         7772    i.App_TaskStatHook  app_hooks.o
    0x080009f8   0x080009f8   0x00000002   Code   RO         7773    i.App_TaskSwHook    app_hooks.o
    0x080009fa   0x080009fa   0x00000008   Code   RO         7774    i.App_TimeTickHook  app_hooks.o
    0x08000a02   0x08000a02   0x00000004   Code   RO          411    i.BusFault_Handler  stm32h7xx_it.o
    0x08000a06   0x08000a06   0x00000002   PAD
    0x08000a08   0x08000a08   0x0000001c   Code   RO          903    i.Cache_Enable      sys.o
    0x08000a24   0x08000a24   0x00000002   Code   RO          412    i.DebugMon_Handler  stm32h7xx_it.o
    0x08000a26   0x08000a26   0x00000002   PAD
    0x08000a28   0x08000a28   0x000000f8   Code   RO         1499    i.HAL_DMA_Abort_IT  stm32h7xx_hal_dma.o
    0x08000b20   0x08000b20   0x00000014   Code   RO         1046    i.HAL_EnableCompensationCell  stm32h7xx_hal.o
    0x08000b34   0x08000b34   0x0000024c   Code   RO         1686    i.HAL_GPIO_Init     stm32h7xx_hal_gpio.o
    0x08000d80   0x08000d80   0x00000010   Code   RO         1688    i.HAL_GPIO_ReadPin  stm32h7xx_hal_gpio.o
    0x08000d90   0x08000d90   0x00000008   Code   RO         1689    i.HAL_GPIO_TogglePin  stm32h7xx_hal_gpio.o
    0x08000d98   0x08000d98   0x0000000a   Code   RO         1690    i.HAL_GPIO_WritePin  stm32h7xx_hal_gpio.o
    0x08000da2   0x08000da2   0x00000002   PAD
    0x08000da4   0x08000da4   0x0000000c   Code   RO         1053    i.HAL_GetTick       stm32h7xx_hal.o
    0x08000db0   0x08000db0   0x00000018   Code   RO         1056    i.HAL_IncTick       stm32h7xx_hal.o
    0x08000dc8   0x08000dc8   0x0000001c   Code   RO         1057    i.HAL_Init          stm32h7xx_hal.o
    0x08000de4   0x08000de4   0x0000004c   Code   RO         1058    i.HAL_InitTick      stm32h7xx_hal.o
    0x08000e30   0x08000e30   0x00000002   Code   RO          781    i.HAL_MspInit       stm32h7xx_hal_msp.o
    0x08000e32   0x08000e32   0x00000020   Code   RO         1351    i.HAL_NVIC_EnableIRQ  stm32h7xx_hal_cortex.o
    0x08000e52   0x08000e52   0x0000007a   Code   RO         1357    i.HAL_NVIC_SetPriority  stm32h7xx_hal_cortex.o
    0x08000ecc   0x08000ecc   0x00000028   Code   RO         1358    i.HAL_NVIC_SetPriorityGrouping  stm32h7xx_hal_cortex.o
    0x08000ef4   0x08000ef4   0x00000038   Code   RO         2237    i.HAL_RCCEx_GetD1SysClockFreq  stm32h7xx_hal_rcc_ex.o
    0x08000f2c   0x08000f2c   0x0000002c   Code   RO         2238    i.HAL_RCCEx_GetD3PCLK1Freq  stm32h7xx_hal_rcc_ex.o
    0x08000f58   0x08000f58   0x0000022c   Code   RO         2240    i.HAL_RCCEx_GetPLL2ClockFreq  stm32h7xx_hal_rcc_ex.o
    0x08001184   0x08001184   0x0000022c   Code   RO         2241    i.HAL_RCCEx_GetPLL3ClockFreq  stm32h7xx_hal_rcc_ex.o
    0x080013b0   0x080013b0   0x00000250   Code   RO         2128    i.HAL_RCC_ClockConfig  stm32h7xx_hal_rcc.o
    0x08001600   0x08001600   0x00000038   Code   RO         2132    i.HAL_RCC_GetHCLKFreq  stm32h7xx_hal_rcc.o
    0x08001638   0x08001638   0x0000002c   Code   RO         2134    i.HAL_RCC_GetPCLK1Freq  stm32h7xx_hal_rcc.o
    0x08001664   0x08001664   0x0000002c   Code   RO         2135    i.HAL_RCC_GetPCLK2Freq  stm32h7xx_hal_rcc.o
    0x08001690   0x08001690   0x00000244   Code   RO         2136    i.HAL_RCC_GetSysClockFreq  stm32h7xx_hal_rcc.o
    0x080018d4   0x080018d4   0x000006c4   Code   RO         2139    i.HAL_RCC_OscConfig  stm32h7xx_hal_rcc.o
    0x08001f98   0x08001f98   0x00000028   Code   RO         1360    i.HAL_SYSTICK_CLKSourceConfig  stm32h7xx_hal_cortex.o
    0x08001fc0   0x08001fc0   0x00000034   Code   RO         1362    i.HAL_SYSTICK_Config  stm32h7xx_hal_cortex.o
    0x08001ff4   0x08001ff4   0x00000002   Code   RO         2751    i.HAL_UARTEx_WakeupCallback  stm32h7xx_hal_uart_ex.o
    0x08001ff6   0x08001ff6   0x00000002   Code   RO         2415    i.HAL_UART_ErrorCallback  stm32h7xx_hal_uart.o
    0x08001ff8   0x08001ff8   0x00000014   Code   RO         2417    i.HAL_UART_GetState  stm32h7xx_hal_uart.o
    0x0800200c   0x0800200c   0x000001bc   Code   RO         2418    i.HAL_UART_IRQHandler  stm32h7xx_hal_uart.o
    0x080021c8   0x080021c8   0x00000078   Code   RO         2419    i.HAL_UART_Init     stm32h7xx_hal_uart.o
    0x08002240   0x08002240   0x00000098   Code   RO          964    i.HAL_UART_MspInit  usart.o
    0x080022d8   0x080022d8   0x000000e0   Code   RO         2424    i.HAL_UART_Receive_IT  stm32h7xx_hal_uart.o
    0x080023b8   0x080023b8   0x00000088   Code   RO          965    i.HAL_UART_RxCpltCallback  usart.o
    0x08002440   0x08002440   0x000000c6   Code   RO         2427    i.HAL_UART_Transmit  stm32h7xx_hal_uart.o
    0x08002506   0x08002506   0x00000002   Code   RO         2430    i.HAL_UART_TxCpltCallback  stm32h7xx_hal_uart.o
    0x08002508   0x08002508   0x00000004   Code   RO          413    i.HardFault_Handler  stm32h7xx_it.o
    0x0800250c   0x0800250c   0x00000054   Code   RO         4855    i.IIC_Ack           myiic.o
    0x08002560   0x08002560   0x00000058   Code   RO         4856    i.IIC_Init          myiic.o
    0x080025b8   0x080025b8   0x00000054   Code   RO         4857    i.IIC_NAck          myiic.o
    0x0800260c   0x0800260c   0x0000006c   Code   RO         4858    i.IIC_Read_Byte     myiic.o
    0x08002678   0x08002678   0x0000007c   Code   RO         4859    i.IIC_Send_Byte     myiic.o
    0x080026f4   0x080026f4   0x00000054   Code   RO         4860    i.IIC_Start         myiic.o
    0x08002748   0x08002748   0x00000054   Code   RO         4861    i.IIC_Stop          myiic.o
    0x0800279c   0x0800279c   0x00000068   Code   RO         4862    i.IIC_Wait_Ack      myiic.o
    0x08002804   0x08002804   0x000000a8   Code   RO         4926    i.KEY_Init          key.o
    0x080028ac   0x080028ac   0x000000d0   Code   RO         4927    i.KEY_Scan          key.o
    0x0800297c   0x0800297c   0x00000058   Code   RO         4826    i.LED_Init          led.o
    0x080029d4   0x080029d4   0x00000004   Code   RO          414    i.MemManage_Handler  stm32h7xx_it.o
    0x080029d8   0x080029d8   0x00000002   Code   RO          415    i.NMI_Handler       stm32h7xx_it.o
    0x080029da   0x080029da   0x00000002   PAD
    0x080029dc   0x080029dc   0x00000058   Code   RO         6900    i.OSEventNameSet    os_core.o
    0x08002a34   0x08002a34   0x00000030   Code   RO         6902    i.OSInit            os_core.o
    0x08002a64   0x08002a64   0x00000038   Code   RO         7656    i.OSInitHookBegin   os_cpu_c.o
    0x08002a9c   0x08002a9c   0x00000002   Code   RO         7657    i.OSInitHookEnd     os_cpu_c.o
    0x08002a9e   0x08002a9e   0x00000002   PAD
    0x08002aa0   0x08002aa0   0x00000024   Code   RO         6903    i.OSIntEnter        os_core.o
    0x08002ac4   0x08002ac4   0x00000090   Code   RO         6904    i.OSIntExit         os_core.o
    0x08002b54   0x08002b54   0x00000040   Code   RO         6905    i.OSSchedLock       os_core.o
    0x08002b94   0x08002b94   0x00000060   Code   RO         6906    i.OSSchedUnlock     os_core.o
    0x08002bf4   0x08002bf4   0x00000054   Code   RO         7372    i.OSSemCreate       os_sem.o
    0x08002c48   0x08002c48   0x000000f0   Code   RO         7374    i.OSSemPend         os_sem.o
    0x08002d38   0x08002d38   0x00000058   Code   RO         7376    i.OSSemPost         os_sem.o
    0x08002d90   0x08002d90   0x00000048   Code   RO         6907    i.OSStart           os_core.o
    0x08002dd8   0x08002dd8   0x0000004c   Code   RO         6908    i.OSStatInit        os_core.o
    0x08002e24   0x08002e24   0x0000000c   Code   RO         7658    i.OSTCBInitHook     os_cpu_c.o
    0x08002e30   0x08002e30   0x000000b8   Code   RO         7427    i.OSTaskCreateExt   os_task.o
    0x08002ee8   0x08002ee8   0x0000000c   Code   RO         7659    i.OSTaskCreateHook  os_cpu_c.o
    0x08002ef4   0x08002ef4   0x00000160   Code   RO         7428    i.OSTaskDel         os_task.o
    0x08003054   0x08003054   0x0000000c   Code   RO         7660    i.OSTaskDelHook     os_cpu_c.o
    0x08003060   0x08003060   0x00000008   Code   RO         7661    i.OSTaskIdleHook    os_cpu_c.o
    0x08003068   0x08003068   0x00000070   Code   RO         7431    i.OSTaskNameSet     os_task.o
    0x080030d8   0x080030d8   0x000000b0   Code   RO         7436    i.OSTaskResume      os_task.o
    0x08003188   0x08003188   0x0000000c   Code   RO         7662    i.OSTaskReturnHook  os_cpu_c.o
    0x08003194   0x08003194   0x00000008   Code   RO         7663    i.OSTaskStatHook    os_cpu_c.o
    0x0800319c   0x0800319c   0x00000088   Code   RO         7437    i.OSTaskStkChk      os_task.o
    0x08003224   0x08003224   0x00000228   Code   RO         7664    i.OSTaskStkInit     os_cpu_c.o
    0x0800344c   0x0800344c   0x000000a8   Code   RO         7438    i.OSTaskSuspend     os_task.o
    0x080034f4   0x080034f4   0x0000003c   Code   RO         7665    i.OSTaskSwHook      os_cpu_c.o
    0x08003530   0x08003530   0x00000078   Code   RO         7527    i.OSTimeDly         os_time.o
    0x080035a8   0x080035a8   0x000000ec   Code   RO         6909    i.OSTimeTick        os_core.o
    0x08003694   0x08003694   0x00000028   Code   RO         7666    i.OSTimeTickHook    os_cpu_c.o
    0x080036bc   0x080036bc   0x00000014   Code   RO         7567    i.OSTmrSignal       os_tmr.o
    0x080036d0   0x080036d0   0x000000f4   Code   RO         7573    i.OSTmr_Init        os_tmr.o
    0x080037c4   0x080037c4   0x00000050   Code   RO         7574    i.OSTmr_InitTask    os_tmr.o
    0x08003814   0x08003814   0x0000006c   Code   RO         7575    i.OSTmr_Link        os_tmr.o
    0x08003880   0x08003880   0x00000080   Code   RO         7576    i.OSTmr_Task        os_tmr.o
    0x08003900   0x08003900   0x00000044   Code   RO         7577    i.OSTmr_Unlink      os_tmr.o
    0x08003944   0x08003944   0x00000002   Code   RO         6911    i.OS_Dummy          os_core.o
    0x08003946   0x08003946   0x00000002   PAD
    0x08003948   0x08003948   0x00000090   Code   RO         6912    i.OS_EventTaskRdy   os_core.o
    0x080039d8   0x080039d8   0x0000002e   Code   RO         6913    i.OS_EventTaskRemove  os_core.o
    0x08003a06   0x08003a06   0x0000003a   Code   RO         6914    i.OS_EventTaskRemoveMulti  os_core.o
    0x08003a40   0x08003a40   0x0000007c   Code   RO         6915    i.OS_EventTaskWait  os_core.o
    0x08003abc   0x08003abc   0x0000001c   Code   RO         6917    i.OS_EventWaitListInit  os_core.o
    0x08003ad8   0x08003ad8   0x00000058   Code   RO         7120    i.OS_FlagInit       os_flag.o
    0x08003b30   0x08003b30   0x00000024   Code   RO         7122    i.OS_FlagUnlink     os_flag.o
    0x08003b54   0x08003b54   0x00000060   Code   RO         6918    i.OS_InitEventList  os_core.o
    0x08003bb4   0x08003bb4   0x0000005c   Code   RO         6919    i.OS_InitMisc       os_core.o
    0x08003c10   0x08003c10   0x00000044   Code   RO         6920    i.OS_InitRdyList    os_core.o
    0x08003c54   0x08003c54   0x00000080   Code   RO         6921    i.OS_InitTCBList    os_core.o
    0x08003cd4   0x08003cd4   0x00000050   Code   RO         6922    i.OS_InitTaskIdle   os_core.o
    0x08003d24   0x08003d24   0x00000050   Code   RO         6923    i.OS_InitTaskStat   os_core.o
    0x08003d74   0x08003d74   0x00000012   Code   RO         6924    i.OS_MemClr         os_core.o
    0x08003d86   0x08003d86   0x00000002   PAD
    0x08003d88   0x08003d88   0x00000050   Code   RO         7309    i.OS_QInit          os_q.o
    0x08003dd8   0x08003dd8   0x00000074   Code   RO         6926    i.OS_Sched          os_core.o
    0x08003e4c   0x08003e4c   0x0000002c   Code   RO         6927    i.OS_SchedNew       os_core.o
    0x08003e78   0x08003e78   0x00000140   Code   RO         6929    i.OS_TCBInit        os_core.o
    0x08003fb8   0x08003fb8   0x00000028   Code   RO         6930    i.OS_TaskIdle       os_core.o
    0x08003fe0   0x08003fe0   0x00000018   Code   RO         7439    i.OS_TaskReturn     os_task.o
    0x08003ff8   0x08003ff8   0x000000a0   Code   RO         6931    i.OS_TaskStat       os_core.o
    0x08004098   0x08004098   0x0000003c   Code   RO         6932    i.OS_TaskStatStkChk  os_core.o
    0x080040d4   0x080040d4   0x0000001a   Code   RO         7440    i.OS_TaskStkClr     os_task.o
    0x080040ee   0x080040ee   0x00000002   PAD
    0x080040f0   0x080040f0   0x0000009c   Code   RO          906    i.SCB_EnableDCache  sys.o
    0x0800418c   0x0800418c   0x0000007c   Code   RO          907    i.SCB_EnableICache  sys.o
    0x08004208   0x08004208   0x000000f8   Code   RO          908    i.Stm32_Clock_Init  sys.o
    0x08004300   0x08004300   0x00000020   Code   RO          819    i.SysTick_Handler   delay.o
    0x08004320   0x08004320   0x00000094   Code   RO          744    i.SystemInit        system_stm32h7xx.o
    0x080043b4   0x080043b4   0x000000ea   Code   RO         2432    i.UART_AdvFeatureConfig  stm32h7xx_hal_uart.o
    0x0800449e   0x0800449e   0x00000074   Code   RO         2433    i.UART_CheckIdleState  stm32h7xx_hal_uart.o
    0x08004512   0x08004512   0x00000018   Code   RO         2434    i.UART_DMAAbortOnError  stm32h7xx_hal_uart.o
    0x0800452a   0x0800452a   0x00000020   Code   RO         2444    i.UART_EndRxTransfer  stm32h7xx_hal_uart.o
    0x0800454a   0x0800454a   0x00000020   Code   RO         2445    i.UART_EndTransmit_IT  stm32h7xx_hal_uart.o
    0x0800456a   0x0800456a   0x0000008a   Code   RO         2447    i.UART_Receive_IT   stm32h7xx_hal_uart.o
    0x080045f4   0x080045f4   0x000009a4   Code   RO         2448    i.UART_SetConfig    stm32h7xx_hal_uart.o
    0x08004f98   0x08004f98   0x00000082   Code   RO         2449    i.UART_Transmit_IT  stm32h7xx_hal_uart.o
    0x0800501a   0x0800501a   0x0000006c   Code   RO         2450    i.UART_WaitOnFlagUntilTimeout  stm32h7xx_hal_uart.o
    0x08005086   0x08005086   0x00000002   PAD
    0x08005088   0x08005088   0x00000058   Code   RO          966    i.USART1_IRQHandler  usart.o
    0x080050e0   0x080050e0   0x00000004   Code   RO          416    i.UsageFault_Handler  stm32h7xx_it.o
    0x080050e4   0x080050e4   0x00000010   Code   RO         1364    i.__NVIC_GetPriorityGrouping  stm32h7xx_hal_cortex.o
    0x080050f4   0x080050f4   0x00000028   Code   RO         1365    i.__NVIC_SetPriority  stm32h7xx_hal_cortex.o
    0x0800511c   0x0800511c   0x00000004   Code   RO          967    i._sys_exit         usart.o
    0x08005120   0x08005120   0x00000044   Code   RO          820    i.delay_init        delay.o
    0x08005164   0x08005164   0x00000050   Code   RO          821    i.delay_ms          delay.o
    0x080051b4   0x080051b4   0x00000008   Code   RO          822    i.delay_osschedlock  delay.o
    0x080051bc   0x080051bc   0x00000008   Code   RO          823    i.delay_osschedunlock  delay.o
    0x080051c4   0x080051c4   0x0000000c   Code   RO          824    i.delay_ostimedly   delay.o
    0x080051d0   0x080051d0   0x00000058   Code   RO          825    i.delay_us          delay.o
    0x08005228   0x08005228   0x0000001c   Code   RO          968    i.fputc             usart.o
    0x08005244   0x08005244   0x000000c8   Code   RO            4    i.key_task          main.o
    0x0800530c   0x0800530c   0x00000030   Code   RO            5    i.led_task          main.o
    0x0800533c   0x0800533c   0x0000006c   Code   RO            6    i.main              main.o
    0x080053a8   0x080053a8   0x000000ec   Code   RO            7    i.receive_task      main.o
    0x08005494   0x08005494   0x000000a4   Code   RO            8    i.send_task         main.o
    0x08005538   0x08005538   0x00000002   Code   RO            9    i.sr_task           main.o
    0x0800553a   0x0800553a   0x00000002   Code   RO           10    i.ss_task           main.o
    0x0800553c   0x0800553c   0x0000014c   Code   RO           11    i.start_task        main.o
    0x08005688   0x08005688   0x00000038   Code   RO          969    i.uart_init         usart.o
    0x080056c0   0x080056c0   0x0000000a   Code   RO         8041    x$fpl$fpinit        fz_wv.l(fpinit.o)
    0x080056ca   0x080056ca   0x00000050   Data   RO           13    .constdata          main.o
    0x0800571a   0x0800571a   0x00000040   Data   RO          745    .constdata          system_stm32h7xx.o
    0x0800575a   0x0800575a   0x00000030   Data   RO         2451    .constdata          stm32h7xx_hal_uart.o
    0x0800578a   0x0800578a   0x00000100   Data   RO         6934    .constdata          os_core.o
    0x0800588a   0x0800588a   0x00000028   Data   RO         7850    .constdata          c_w.l(_printf_hex_int.o)
    0x080058b2   0x080058b2   0x00000002   PAD
    0x080058b4   0x080058b4   0x00000020   Data   RO         8099    Region$$Table       anon$$obj.o


    Execution Region RW_IRAM2 (Exec base: 0x24000000, Load base: 0x080058d4, Size: 0x00003218, Max: 0x00080000, ABSOLUTE)

    Exec Addr    Load Addr    Size         Type   Attr      Idx    E Section Name        Object

    0x24000000   0x080058d4   0x00000008   Data   RW          746    .data               system_stm32h7xx.o
    0x24000008   0x080058dc   0x00000006   Data   RW          827    .data               delay.o
    0x2400000e   0x080058e2   0x00000002   PAD
    0x24000010   0x080058e4   0x00000007   Data   RW          972    .data               usart.o
    0x24000017   0x080058eb   0x00000001   PAD
    0x24000018   0x080058ec   0x00000009   Data   RW         1080    .data               stm32h7xx_hal.o
    0x24000021   0x080058f5   0x00000001   Data   RW         4929    .data               key.o
    0x24000022   0x080058f6   0x00000002   PAD
    0x24000024   0x080058f8   0x00000060   Data   RW         6935    .data               os_core.o
    0x24000084   0x08005958   0x00000006   Data   RW         7671    .data               os_cpu_c.o
    0x2400008a   0x0800595e   0x00000002   PAD
    0x2400008c        -       0x00000e00   Zero   RW           12    .bss                main.o
    0x24000e8c        -       0x00000148   Zero   RW          970    .bss                usart.o
    0x24000fd4        -       0x000013e0   Zero   RW         6933    .bss                os_core.o
    0x240023b4        -       0x00000200   Zero   RW         7669    .bss                os_cpu_c.o
    0x240025b4        -       0x00000060   Zero   RW         7957    .bss                c_w.l(libspace.o)
    0x24002614   0x0800595e   0x00000004   PAD
    0x24002618        -       0x00000200   Zero   RW          810    HEAP                startup_stm32h743xx.o
    0x24002818        -       0x00000a00   Zero   RW          809    STACK               startup_stm32h743xx.o



  Load Region LR$$.ARM.__AT_0x00000000 (Base: 0x00000000, Size: 0x00000000, Max: 0x0000f000, ABSOLUTE)

    Execution Region ER$$.ARM.__AT_0x00000000 (Exec base: 0x00000000, Load base: 0x00000000, Size: 0x0000f000, Max: 0x0000f000, ABSOLUTE, UNINIT)

    Exec Addr    Load Addr    Size         Type   Attr      Idx    E Section Name        Object

    0x00000000        -       0x0000f000   Zero   RW         6018    .ARM.__AT_0x00000000  malloc.o



  Load Region LR$$.ARM.__AT_0x0000F000 (Base: 0x0000f000, Size: 0x00000000, Max: 0x00000f00, ABSOLUTE)

    Execution Region ER$$.ARM.__AT_0x0000F000 (Exec base: 0x0000f000, Load base: 0x0000f000, Size: 0x00000f00, Max: 0x00000f00, ABSOLUTE, UNINIT)

    Exec Addr    Load Addr    Size         Type   Attr      Idx    E Section Name        Object

    0x0000f000        -       0x00000f00   Zero   RW         6019    .ARM.__AT_0x0000F000  malloc.o



  Load Region LR$$.ARM.__AT_0x20000000 (Base: 0x20000000, Size: 0x00000000, Max: 0x0001e000, ABSOLUTE)

    Execution Region ER$$.ARM.__AT_0x20000000 (Exec base: 0x20000000, Load base: 0x20000000, Size: 0x0001e000, Max: 0x0001e000, ABSOLUTE, UNINIT)

    Exec Addr    Load Addr    Size         Type   Attr      Idx    E Section Name        Object

    0x20000000        -       0x0001e000   Zero   RW         6020    .ARM.__AT_0x20000000  malloc.o



  Load Region LR$$.ARM.__AT_0x2001E000 (Base: 0x2001e000, Size: 0x00000000, Max: 0x00001e00, ABSOLUTE)

    Execution Region ER$$.ARM.__AT_0x2001E000 (Exec base: 0x2001e000, Load base: 0x2001e000, Size: 0x00001e00, Max: 0x00001e00, ABSOLUTE, UNINIT)

    Exec Addr    Load Addr    Size         Type   Attr      Idx    E Section Name        Object

    0x2001e000        -       0x00001e00   Zero   RW         6021    .ARM.__AT_0x2001E000  malloc.o



  Load Region LR$$.ARM.__AT_0x30000000 (Base: 0x30000000, Size: 0x00000000, Max: 0x0003c000, ABSOLUTE)

    Execution Region ER$$.ARM.__AT_0x30000000 (Exec base: 0x30000000, Load base: 0x30000000, Size: 0x0003c000, Max: 0x0003c000, ABSOLUTE, UNINIT)

    Exec Addr    Load Addr    Size         Type   Attr      Idx    E Section Name        Object

    0x30000000        -       0x0003c000   Zero   RW         6022    .ARM.__AT_0x30000000  malloc.o



  Load Region LR$$.ARM.__AT_0x3003C000 (Base: 0x3003c000, Size: 0x00000000, Max: 0x00003c00, ABSOLUTE)

    Execution Region ER$$.ARM.__AT_0x3003C000 (Exec base: 0x3003c000, Load base: 0x3003c000, Size: 0x00003c00, Max: 0x00003c00, ABSOLUTE, UNINIT)

    Exec Addr    Load Addr    Size         Type   Attr      Idx    E Section Name        Object

    0x3003c000        -       0x00003c00   Zero   RW         6023    .ARM.__AT_0x3003C000  malloc.o



  Load Region LR$$.ARM.__AT_0x38000000 (Base: 0x38000000, Size: 0x00000000, Max: 0x0000f000, ABSOLUTE)

    Execution Region ER$$.ARM.__AT_0x38000000 (Exec base: 0x38000000, Load base: 0x38000000, Size: 0x0000f000, Max: 0x0000f000, ABSOLUTE, UNINIT)

    Exec Addr    Load Addr    Size         Type   Attr      Idx    E Section Name        Object

    0x38000000        -       0x0000f000   Zero   RW         6024    .ARM.__AT_0x38000000  malloc.o



  Load Region LR$$.ARM.__AT_0x3800F000 (Base: 0x3800f000, Size: 0x00000000, Max: 0x00000f00, ABSOLUTE)

    Execution Region ER$$.ARM.__AT_0x3800F000 (Exec base: 0x3800f000, Load base: 0x3800f000, Size: 0x00000f00, Max: 0x00000f00, ABSOLUTE, UNINIT)

    Exec Addr    Load Addr    Size         Type   Attr      Idx    E Section Name        Object

    0x3800f000        -       0x00000f00   Zero   RW         6025    .ARM.__AT_0x3800F000  malloc.o



  Load Region LR$$.ARM.__AT_0xC0000000 (Base: 0xc0000000, Size: 0x00000000, Max: 0x001f4000, ABSOLUTE)

    Execution Region ER$$.ARM.__AT_0xC0000000 (Exec base: 0xc0000000, Load base: 0xc0000000, Size: 0x001f4000, Max: 0x001f4000, ABSOLUTE, UNINIT)

    Exec Addr    Load Addr    Size         Type   Attr      Idx    E Section Name        Object

    0xc0000000        -       0x001f4000   Zero   RW         5212    .ARM.__AT_0xC0000000  ltdc.o



  Load Region LR$$.ARM.__AT_0xC01F4000 (Base: 0xc01f4000, Size: 0x00000000, Max: 0x01c3c000, ABSOLUTE)

    Execution Region ER$$.ARM.__AT_0xC01F4000 (Exec base: 0xc01f4000, Load base: 0xc01f4000, Size: 0x01c3c000, Max: 0x01c3c000, ABSOLUTE, UNINIT)

    Exec Addr    Load Addr    Size         Type   Attr      Idx    E Section Name        Object

    0xc01f4000        -       0x01c3c000   Zero   RW         6026    .ARM.__AT_0xC01F4000  malloc.o



  Load Region LR$$.ARM.__AT_0xC1E30000 (Base: 0xc1e30000, Size: 0x00000000, Max: 0x001c3c00, ABSOLUTE)

    Execution Region ER$$.ARM.__AT_0xC1E30000 (Exec base: 0xc1e30000, Load base: 0xc1e30000, Size: 0x001c3c00, Max: 0x001c3c00, ABSOLUTE, UNINIT)

    Exec Addr    Load Addr    Size         Type   Attr      Idx    E Section Name        Object

    0xc1e30000        -       0x001c3c00   Zero   RW         6027    .ARM.__AT_0xC1E30000  malloc.o


==============================================================================

Image component sizes


      Code (inc. data)   RO Data    RW Data    ZI Data      Debug   Object Name

       292          0          0          0          0       4979   24cxx.o
        22          0          0          0          0       5112   app_hooks.o
       296         32          0          6          0      16006   delay.o
       376         34          0          1          0       2098   key.o
        88         10          0          0          0       1123   led.o
         0          0          0          0    2048000       2141   ltdc.o
      1092        340         80          0       3584    1020339   main.o
         0          0          0          0   31978496       2825   malloc.o
       760         52          0          0          0       6066   myiic.o
      2564        432        256         96       5088      30712   os_core.o
       220         36          0          0          0        504   os_cpu_a.o
       774        138          0          6        512      18695   os_cpu_c.o
       124         14          0          0          0       1566   os_flag.o
        80          8          0          0          0        747   os_q.o
       412         24          0          0          0       3150   os_sem.o
      1178        122          0          0          0       8228   os_task.o
       120         20          0          0          0        812   os_time.o
       648        138          0          0          0       5119   os_tmr.o
       104         34        664          0       3072        932   startup_stm32h743xx.o
       160         32          0          9          0       4859   stm32h7xx_hal.o
       342         22          0          0          0      40437   stm32h7xx_hal_cortex.o
       248         12          0          0          0       2335   stm32h7xx_hal_dma.o
       622         54          0          0          0       4428   stm32h7xx_hal_gpio.o
         2          0          0          0          0        578   stm32h7xx_hal_msp.o
      3048         86          0          0          0       6888   stm32h7xx_hal_rcc.o
      1212         70          0          0          0       4183   stm32h7xx_hal_rcc_ex.o
      4292        140         48          0          0      16192   stm32h7xx_hal_uart.o
         2          0          0          0          0       1228   stm32h7xx_hal_uart_ex.o
        20          0          0          0          0    1183945   stm32h7xx_it.o
       556         30          0          0          0      38093   sys.o
       148         18         64          8          0       1626   system_stm32h7xx.o
       464         62          0          7        328       6565   usart.o

    ----------------------------------------------------------------------
     20284       1960       1144        140   34039080    2442511   Object Totals
         0          0         32          0          0          0   (incl. Generated)
        18          0          0          7          0          0   (incl. Padding)

    ----------------------------------------------------------------------

      Code (inc. data)   RO Data    RW Data    ZI Data      Debug   Library Member Name

         8          0          0          0          0         68   __main.o
       104          0          0          0          0         84   __printf.o
         0          0          0          0          0          0   __rtentry.o
        12          0          0          0          0          0   __rtentry2.o
         6          0          0          0          0          0   __rtentry4.o
        52          8          0          0          0          0   __scatter.o
        26          0          0          0          0          0   __scatter_copy.o
        28          0          0          0          0          0   __scatter_zi.o
         6          0          0          0          0          0   _printf_c.o
        44          0          0          0          0        108   _printf_char.o
        48          6          0          0          0         96   _printf_char_common.o
        36          4          0          0          0         80   _printf_char_file.o
       120         16          0          0          0         92   _printf_dec.o
        88          4         40          0          0         88   _printf_hex_int.o
       178          0          0          0          0         88   _printf_intcommon.o
         0          0          0          0          0          0   _printf_percent.o
         4          0          0          0          0          0   _printf_percent_end.o
        82          0          0          0          0         80   _printf_str.o
         6          0          0          0          0          0   _printf_u.o
         6          0          0          0          0          0   _printf_x.o
        18          0          0          0          0         80   exit.o
         8          0          0          0          0         68   ferror.o
         6          0          0          0          0        152   heapauxi.o
         2          0          0          0          0          0   libinit.o
         6          0          0          0          0          0   libinit2.o
         2          0          0          0          0          0   libshutdown.o
         2          0          0          0          0          0   libshutdown2.o
         8          4          0          0         96         68   libspace.o
       238          0          0          0          0        100   lludivv7m.o
        24          4          0          0          0         84   noretval__2printf.o
         2          0          0          0          0          0   rtexit.o
        10          0          0          0          0          0   rtexit2.o
        74          0          0          0          0         80   sys_stackheap_outer.o
        10          0          0          0          0        116   fpinit.o

    ----------------------------------------------------------------------
      1270         46         42          0        100       1532   Library Totals
         6          0          2          0          4          0   (incl. Padding)

    ----------------------------------------------------------------------

      Code (inc. data)   RO Data    RW Data    ZI Data      Debug   Library Name

      1254         46         40          0         96       1416   c_w.l
        10          0          0          0          0        116   fz_wv.l

    ----------------------------------------------------------------------
      1270         46         42          0        100       1532   Library Totals

    ----------------------------------------------------------------------

==============================================================================


      Code (inc. data)   RO Data    RW Data    ZI Data      Debug   

     21554       2006       1186        140   34039180    2427919   Grand Totals
     21554       2006       1186        140   34039180    2427919   ELF Image Totals
     21554       2006       1186        140          0          0   ROM Totals

==============================================================================

    Total RO  Size (Code + RO Data)                22740 (  22.21kB)
    Total RW  Size (RW Data + ZI Data)          34039320 (33241.52kB)
    Total ROM Size (Code + RO Data + RW Data)      22880 (  22.34kB)

==============================================================================

